Component: ARM Compiler 5.06 update 6 (build 750) Tool: armlink [4d35ed]

==============================================================================

Section Cross References

    can.o(.text) refers to device.o(.text) for rt_device_set_rx_indicate
    can.o(.text) refers to memcpya.o(.text) for __aeabi_memcpy
    can.o(.text) refers to canfunc.o(.text) for HwEnCAN
    can.o(.text) refers to context_rvds.o(.text) for rt_hw_interrupt_disable
    can.o(.text) refers to interrupt.o(.text) for rt_hw_interrupt_umask
    can.o(.text) refers to canapp.o(.text) for CANSendData
    can.o(.text) refers to uidiv.o(.text) for __aeabi_uidivmod
    can.o(.text) refers to kservice.o(.text) for rt_kprintf
    can.o(.text) refers to can.o(.bss) for can1
    can.o(.text) refers to canapp.o(.constdata) for USE_EWL_CAN
    can.o(.text) refers to can.o(.data) for e
    can.o(.text) refers to can.o(.constdata) for __FUNCTION__
    canapp.o(.text) refers to canfunc.o(.text) for WriteCanTxBuf
    canapp.o(.text) refers to canapp.o(.constdata) for USE_TPM_CAN
    time1.o(.text) refers to time1.o(.text) for timer1_interrupt
    time1.o(.text) refers to time1.o(.text) for power_init
    time1.o(.text) refers to time1.o(.text) for timer1_int_init
    time1.o(.text) refers to time1.o(.text) for timer1_clear
    clock.o(.text) refers to thread.o(.text) for rt_thread_self
    clock.o(.text) refers to timer.o(.text) for rt_timer_check
    clock.o(.text) refers to clock.o(.data) for rt_tick
    clock.o(.text) refers to uidiv.o(.text) for __aeabi_uidivmod
    device.o(.text) refers to object.o(.text) for rt_object_init
    device.o(.text) refers to kservice.o(.text) for rt_kprintf
    device.o(.text) refers to thread.o(.text) for rt_thread_self
    device.o(.text) refers to scheduler.o(.text) for rt_enter_critical
    device.o(.text) refers to object.o(.data) for rt_object_container
    device.o(.text) refers to object.o(.text) for rt_object_detach
    device.o(.text) refers to kservice.o(.text) for rt_kprintf
    idle.o(.text) refers to thread.o(.text) for rt_thread_init
    idle.o(.text) refers to idle.o(.bss) for rt_thread_stack
    ipc.o(.text) refers to thread.o(.text) for rt_thread_suspend
    ipc.o(.text) refers to object.o(.text) for rt_object_init
    ipc.o(.text) refers to context_rvds.o(.text) for rt_hw_interrupt_disable
    ipc.o(.text) refers to timer.o(.text) for rt_timer_control
    ipc.o(.text) refers to scheduler.o(.text) for rt_schedule
    ipc.o(.text) refers to clock.o(.text) for rt_tick_get
    ipc.o(.text) refers to context_rvds.o(.text) for rt_hw_interrupt_disable
    ipc.o(.text) refers to thread.o(.text) for rt_thread_resume
    ipc.o(.text) refers to ipc.o(.text) for rt_list_isempty
    ipc.o(.text) refers to ipc.o(.text) for rt_ipc_list_resume_all
    ipc.o(.text) refers to object.o(.text) for rt_object_detach
    ipc.o(.text) refers to ipc.o(.text) for rt_sem_take
    ipc.o(.text) refers to ipc.o(.text) for rt_ipc_list_resume_all
    ipc.o(.text) refers to object.o(.text) for rt_object_detach
    ipc.o(.text) refers to ipc.o(.text) for rt_ipc_list_resume_all
    ipc.o(.text) refers to object.o(.text) for rt_object_detach
    irq.o(.text) refers to context_rvds.o(.text) for rt_hw_interrupt_disable
    irq.o(.text) refers to irq.o(.data) for rt_interrupt_nest
    kservice.o(.text) refers to thread.o(.text) for rt_thread_self
    kservice.o(.text) refers to kservice.o(.data) for errno
    kservice.o(.text) refers to thread.o(.text) for rt_thread_self
    kservice.o(.text) refers to uidiv.o(.text) for __aeabi_uidivmod
    kservice.o(.text) refers to kservice.o(.data) for errno
    kservice.o(.text) refers to kservice.o(.constdata) for large_digits
    kservice.o(.text) refers to board.o(.text) for rt_hw_console_output
    kservice.o(.text) refers to device.o(.text) for rt_device_write
    kservice.o(.text) refers to kservice.o(.bss) for rt_log_buf
    kservice.o(.text) refers to kservice.o(.text) for rt_strlen
    kservice.o(.text) refers to kservice.o(.text) for rt_memcmp
    kservice.o(.text) refers to kservice.o(.text) for vsnprintf
    kservice.o(.text) refers to kservice.o(.text) for vsnprintf
    kservice.o(.text) refers to kservice.o(.text) for rt_vsprintf
    kservice.o(.text) refers to device.o(.text) for rt_device_find
    kservice.o(.text) refers to kservice.o(.data) for _console_device
    object.o(.text) refers to context_rvds.o(.text) for rt_hw_interrupt_disable
    object.o(.text) refers to object.o(.data) for rt_object_container
    scheduler.o(.text) refers to context_rvds.o(.text) for rt_hw_context_switch_to
    scheduler.o(.text) refers to scheduler.o(.data) for rt_scheduler_lock_nest
    scheduler.o(.text) refers to scheduler.o(.bss) for rt_thread_priority_table
    scheduler.o(.text) refers to scheduler.o(.constdata) for rt_lowest_bitmap
    scheduler.o(.text) refers to irq.o(.data) for rt_interrupt_nest
[...]
    src\Kernel\src\mem.c                     0x00000000   Number         0  mem.o ABSOLUTE
    src\Kernel\src\mempool.c                 0x00000000   Number         0  mempool.o ABSOLUTE
    src\Kernel\src\object.c                  0x00000000   Number         0  object.o ABSOLUTE
    src\Kernel\src\scheduler.c               0x00000000   Number         0  scheduler.o ABSOLUTE
    src\Kernel\src\slab.c                    0x00000000   Number         0  slab.o ABSOLUTE
    src\Kernel\src\thread.c                  0x00000000   Number         0  thread.o ABSOLUTE
    src\Kernel\src\timer.c                   0x00000000   Number         0  timer.o ABSOLUTE
    src\Startup\board.c                      0x00000000   Number         0  board.o ABSOLUTE
    src\Startup\startup.c                    0x00000000   Number         0  startup.o ABSOLUTE
    Undef_Handler                            0x00000040   ARM Code       4  start_rvds.o(RESET)
    SWI_Handler                              0x00000044   ARM Code       4  start_rvds.o(RESET)
    PAbt_Handler                             0x00000048   ARM Code       4  start_rvds.o(RESET)
    DAbt_Handler                             0x0000004c   ARM Code       4  start_rvds.o(RESET)
    FIQ_Handler                              0x00000050   ARM Code       4  start_rvds.o(RESET)
    .ARM.Collect$$$$00000000                 0x000001a4   Section        0  entry.o(.ARM.Collect$$$$00000000)
    .ARM.Collect$$$$00000001                 0x000001a4   Section        4  entry2.o(.ARM.Collect$$$$00000001)
    .ARM.Collect$$$$00000004                 0x000001a8   Section        4  entry5.o(.ARM.Collect$$$$00000004)
    .ARM.Collect$$$$00000008                 0x000001ac   Section        0  entry7b.o(.ARM.Collect$$$$00000008)
    .ARM.Collect$$$$0000000A                 0x000001ac   Section        0  entry8b.o(.ARM.Collect$$$$0000000A)
    .ARM.Collect$$$$0000000B                 0x000001ac   Section       12  entry9a.o(.ARM.Collect$$$$0000000B)
    .ARM.Collect$$$$0000000D                 0x000001b8   Section        0  entry10a.o(.ARM.Collect$$$$0000000D)
    .ARM.Collect$$$$0000000F                 0x000001b8   Section        0  entry11a.o(.ARM.Collect$$$$0000000F)
    .ARM.Collect$$$$00002712                 0x000001b8   Section        4  entry2.o(.ARM.Collect$$$$00002712)
    __lit__00000000                          0x000001b8   Data           4  entry2.o(.ARM.Collect$$$$00002712)
    .text                                    0x000001bc   Section        0  can.o(.text)
    rt_can_init                              0x0000029c   ARM Code      88  can.o(.text)
    rt_can_open                              0x000004ec   ARM Code     276  can.o(.text)
    rt_can_close                             0x00000600   ARM Code      56  can.o(.text)
    rt_can_control                           0x00000638   ARM Code      12  can.o(.text)
    rt_can_read                              0x00000644   ARM Code     204  can.o(.text)
    rt_can_write                             0x00000710   ARM Code     168  can.o(.text)
    .text                                    0x000008f4   Section        0  canapp.o(.text)
    .text                                    0x00000a34   Section        0  canfunc.o(.text)
    .text                                    0x00001244   Section        0  adc.o(.text)
    .text                                    0x00001394   Section        0  clock.o(.text)
    .text                                    0x00001404   Section        0  device.o(.text)
    .text                                    0x0000175c   Section        0  idle.o(.text)
    rt_thread_idle_entry                     0x0000175c   ARM Code       8  idle.o(.text)
    .text                                    0x000017c0   Section        0  ipc.o(.text)
    rt_list_insert_before                    0x000017c0   ARM Code      28  ipc.o(.text)
    rt_ipc_list_suspend                      0x000017dc   ARM Code     168  ipc.o(.text)
    rt_list_init                             0x00001ffc   ARM Code      12  ipc.o(.text)
    rt_list_isempty                          0x00002008   ARM Code      32  ipc.o(.text)
    rt_ipc_object_init                       0x00002028   ARM Code      28  ipc.o(.text)
    rt_ipc_list_resume                       0x00002044   ARM Code      36  ipc.o(.text)
    .text                                    0x00002068   Section        0  irq.o(.text)
    .text                                    0x000020cc   Section        0  kservice.o(.text)
    print_number                             0x0000222c   ARM Code     540  kservice.o(.text)
    vsnprintf                                0x00002448   ARM Code    1344  kservice.o(.text)
    .text                                    0x00002abc   Section        0  object.o(.text)
    .text                                    0x00002ba4   Section        0  scheduler.o(.text)
    .text                                    0x00002f94   Section        0  thread.o(.text)
    rt_list_remove                           0x00002f94   ARM Code      32  thread.o(.text)
    rt_thread_exit                           0x00002fe4   ARM Code      88  thread.o(.text)
    _rt_thread_init                          0x0000303c   ARM Code     204  thread.o(.text)
    .text                                    0x00003354   Section        0  timer.o(.text)
    rt_list_insert_before                    0x00003354   ARM Code      28  timer.o(.text)
    rt_list_remove                           0x00003370   ARM Code      32  timer.o(.text)
    _rt_timer_init                           0x00003390   ARM Code      76  timer.o(.text)
    rt_thread_timer_entry                    0x000037c4   ARM Code      32  timer.o(.text)
    rt_list_init                             0x0000385c   ARM Code      12  timer.o(.text)
    .text                                    0x0000388c   Section        0  board.o(.text)
    .text                                    0x000039b8   Section        0  startup.o(.text)
    .text                                    0x00003a9c   Section        0  interrupt.o(.text)
    .text                                    0x00003bd0   Section        0  serial.o(.text)
    rt_serial_init                           0x00003cd4   ARM Code      12  serial.o(.text)
    rt_serial_open                           0x00003ce0   ARM Code      92  serial.o(.text)
    rt_serial_close                          0x00003d3c   ARM Code      44  serial.o(.text)
    rt_serial_control                        0x00003d68   ARM Code      12  serial.o(.text)
    rt_serial_read                           0x00003d74   ARM Code     248  serial.o(.text)
    rt_serial_write                          0x00003e6c   ARM Code     236  serial.o(.text)
    .text                                    0x00004080   Section        0  stack.o(.text)
    .text                                    0x00004160   Section        0  trap.o(.text)
    .text                                    0x00004184   Section      156  context_rvds.o(.text)
    .text                                    0x00004220   Section        0  cmd.o(.text)
    rt_list_len                              0x00004220   ARM Code      40  cmd.o(.text)
    show_wait_queue                          0x00004358   ARM Code      72  cmd.o(.text)
    str_is_prefix                            0x00004900   ARM Code      72  cmd.o(.text)
    rt_list_isempty                          0x00004c00   ARM Code      32  cmd.o(.text)
    .text                                    0x00004c20   Section        0  finsh_compiler.o(.text)
    finsh_compile                            0x00004c20   ARM Code   11532  finsh_compiler.o(.text)
    finsh_type_check                         0x0000792c   ARM Code     796  finsh_compiler.o(.text)
    .text                                    0x00007d00   Section        0  finsh_error.o(.text)
    .text                                    0x00007d48   Section        0  finsh_heap.o(.text)
    finsh_block_insert                       0x00007d90   ARM Code     136  finsh_heap.o(.text)
    finsh_block_remove                       0x00007e18   ARM Code      92  finsh_heap.o(.text)
    finsh_block_split                        0x00007e74   ARM Code      44  finsh_heap.o(.text)
    finsh_block_merge                        0x00007ea0   ARM Code     264  finsh_heap.o(.text)
    finsh_heap_gc                            0x00007fe0   ARM Code     136  finsh_heap.o(.text)
    .text                                    0x00008138   Section        0  finsh_init.o(.text)
    .text                                    0x00008198   Section        0  finsh_node.o(.text)
    .text                                    0x00008474   Section        0  finsh_ops.o(.text)
    .text                                    0x000098a4   Section        0  finsh_parser.o(.text)
    make_sys_node                            0x000098a4   ARM Code      68  finsh_parser.o(.text)
    proc_param_list                          0x000098e8   ARM Code     136  finsh_parser.o(.text)
    proc_expr                                0x00009970   ARM Code      24  finsh_parser.o(.text)
    proc_identifier                          0x00009988   ARM Code      76  finsh_parser.o(.text)
    proc_primary_expr                        0x000099d4   ARM Code     296  finsh_parser.o(.text)
    proc_postfix_expr                        0x00009afc   ARM Code     296  finsh_parser.o(.text)
    proc_unary_expr                          0x00009c24   ARM Code     364  finsh_parser.o(.text)
    proc_type                                0x00009d90   ARM Code     580  finsh_parser.o(.text)
    proc_cast_expr                           0x00009fd4   ARM Code     132  finsh_parser.o(.text)
    proc_multiplicative_expr                 0x0000a058   ARM Code     256  finsh_parser.o(.text)
    proc_additive_expr                       0x0000a158   ARM Code     204  finsh_parser.o(.text)
    proc_shift_expr                          0x0000a224   ARM Code     212  finsh_parser.o(.text)
    proc_and_expr                            0x0000a2f8   ARM Code     128  finsh_parser.o(.text)
    proc_exclusive_or_expr                   0x0000a378   ARM Code     128  finsh_parser.o(.text)
    proc_inclusive_or_expr                   0x0000a3f8   ARM Code     128  finsh_parser.o(.text)
    proc_assign_expr                         0x0000a478   ARM Code      92  finsh_parser.o(.text)
    proc_variable_decl                       0x0000a4d4   ARM Code     816  finsh_parser.o(.text)
    proc_expr_statement                      0x0000a804   ARM Code     100  finsh_parser.o(.text)
    .text                                    0x0000aa04   Section        0  finsh_token.o(.text)
    token_prev_char                          0x0000aa28   ARM Code      52  finsh_token.o(.text)
    token_next_char                          0x0000aa5c   ARM Code     116  finsh_token.o(.text)
    token_spec_number                        0x0000aad0   ARM Code     248  finsh_token.o(.text)
    token_proc_number                        0x0000abc8   ARM Code     452  finsh_token.o(.text)
    token_proc_escape                        0x0000ad8c   ARM Code     336  finsh_token.o(.text)
    token_proc_string                        0x0000aedc   ARM Code     140  finsh_token.o(.text)
    token_proc_char                          0x0000af68   ARM Code     324  finsh_token.o(.text)
    token_match_name                         0x0000b0ac   ARM Code      92  finsh_token.o(.text)
    token_trim_space                         0x0000b1dc   ARM Code      56  finsh_token.o(.text)
    token_run                                0x0000b214   ARM Code     800  finsh_token.o(.text)
    .text                                    0x0000b56c   Section        0  finsh_var.o(.text)
    .text                                    0x0000b748   Section        0  finsh_vm.o(.text)
    .text                                    0x0000b87c   Section        0  shell.o(.text)
    finsh_rx_ind                             0x0000b8b8   ARM Code      36  shell.o(.text)
    .text                                    0x0000c1c8   Section        0  cananalyzer.o(.text)
    CanSend50                                0x0000cebc   ARM Code     140  cananalyzer.o(.text)
    .text                                    0x0000cff4   Section        0  actionthread.o(.text)
    isDiningRotateAbnor                      0x0000d08c   ARM Code     692  actionthread.o(.text)
    Dining                                   0x0000d340   ARM Code     204  actionthread.o(.text)
    ReadMaPan                                0x0000d5a0   ARM Code    1048  actionthread.o(.text)
    TuiBu                                    0x0000db38   ARM Code     176  actionthread.o(.text)
    ZuoFanShen                               0x0000dbe8   ARM Code      32  actionthread.o(.text)
    YouFanShen                               0x0000dc08   ARM Code      32  actionthread.o(.text)
    BianMenShengJiang                        0x0000dc28   ARM Code     176  actionthread.o(.text)
    BianMenPingYi                            0x0000dcd8   ARM Code     176  actionthread.o(.text)
    ZuoBianQiShengJiang                      0x0000dd88   ARM Code     176  actionthread.o(.text)
    LeftGuard                                0x0000de38   ARM Code     176  actionthread.o(.text)
    RightGuard                               0x0000dee8   ARM Code     176  actionthread.o(.text)
    WaitTimeout                              0x0000e128   ARM Code      76  actionthread.o(.text)
    DoDiningUp                               0x0000e848   ARM Code     368  actionthread.o(.text)
    DoDiningDown                             0x0000e9b8   ARM Code     564  actionthread.o(.text)
    DoBianmenguan                            0x0000f068   ARM Code     968  actionthread.o(.text)
    DoZuoYi                                  0x0000fa50   ARM Code    1724  actionthread.o(.text)
    DoTangYi                                 0x0001010c   ARM Code    1004  actionthread.o(.text)
    RestartTimer                             0x00010534   ARM Code      28  actionthread.o(.text)
    ActionStatusInit                         0x0001095c   ARM Code     808  actionthread.o(.text)
    initBianMen                              0x00010c84   ARM Code     736  actionthread.o(.text)
    ActionHwInit                             0x0001146c   ARM Code      60  actionthread.o(.text)
    ActionInit                               0x000114a8   ARM Code      96  actionthread.o(.text)
    .text                                    0x000118ac   Section        0  sensor.o(.text)
    SensorList                               0x00011b08   ARM Code    1444  sensor.o(.text)
    AutoSensor                               0x000120ac   ARM Code     108  sensor.o(.text)
    SensorHwInit                             0x00012118   ARM Code      88  sensor.o(.text)
    SensorCheck                              0x00012170   ARM Code    2980  sensor.o(.text)
    .text                                    0x00012da0   Section        0  application.o(.text)
    .text                                    0x00012e84   Section        0  uidiv.o(.text)
    .text                                    0x00012ebc   Section        0  idiv.o(.text)
    .text                                    0x00012ef0   Section        0  ctype_o.o(.text)
    .text                                    0x00012f00   Section        0  memcpya.o(.text)
    .text                                    0x00012f2c   Section        0  memseta.o(.text)
    .text                                    0x00012f60   Section        0  strncpy.o(.text)
    .text                                    0x00012f84   Section        0  strlen.o(.text)
    .text                                    0x00012f9c   Section        0  strncmp.o(.text)
    .text                                    0x00012fc4   Section        0  atoi.o(.text)
    .text                                    0x00012fe4   Section        0  strtol.o(.text)
    .text                                    0x00013060   Section       32  init.o(.text)
    .text                                    0x00013080   Section        0  _strtoul.o(.text)
    .text                                    0x0001312c   Section        0  _chval.o(.text)
    .text                                    0x0001314c   Section        0  __dczerorl2.o(.text)
    i.__ARM_common_call_via_r3               0x000131e8   Section        2  init.o(i.__ARM_common_call_via_r3)
    i.__aeabi_errno_addr                     0x000131ec   Section        0  errno.o(i.__aeabi_errno_addr)
    i.__scatterload_copy                     0x000131f4   Section       28  handlers.o(i.__scatterload_copy)
    i.__scatterload_null                     0x00013210   Section        4  handlers.o(i.__scatterload_null)
    i.__scatterload_zeroinit                 0x00013214   Section       24  handlers.o(i.__scatterload_zeroinit)
    .constdata                               0x0001322c   Section       13  can.o(.constdata)
    __FUNCTION__                             0x0001322c   Data          13  can.o(.constdata)
    .constdata                               0x0001323c   Section       80  canapp.o(.constdata)
    .constdata                               0x0001328c   Section       34  kservice.o(.constdata)
    small_digits                             0x0001328c   Data          17  kservice.o(.constdata)
    large_digits                             0x0001329d   Data          17  kservice.o(.constdata)
    .constdata                               0x000132ae   Section      256  scheduler.o(.constdata)
    .constdata                               0x000133b0   Section      352  cmd.o(.constdata)
    .constdata                               0x00013510   Section      196  finsh_ops.o(.constdata)
    .constdata                               0x000135d4   Section       64  finsh_token.o(.constdata)
    finsh_name_table                         0x000135d4   Data          64  finsh_token.o(.constdata)
    .constdata                               0x00013614   Section       98  actionthread.o(.constdata)
    __FUNCTION__                             0x0001364c   Data          13  actionthread.o(.constdata)
    __FUNCTION__                             0x00013659   Data          14  actionthread.o(.constdata)
    __FUNCTION__                             0x00013667   Data          15  actionthread.o(.constdata)
    .constdata                               0x00013676   Section      465  sensor.o(.constdata)
    .constdata                               0x00013847   Section      129  ctype_o.o(.constdata)
    .constdata                               0x000138c8   Section        4  ctype_o.o(.constdata)
    table                                    0x000138c8   Data           4  ctype_o.o(.constdata)
    .conststring                             0x000138cc   Section      268  cmd.o(.conststring)
    .conststring                             0x000139d8   Section      243  finsh_error.o(.conststring)
    .conststring                             0x00013acc   Section       62  finsh_token.o(.conststring)
    FSymTab                                  0x00013b0c   Section      108  cmd.o(FSymTab)
    FSymTab                                  0x00013b78   Section       24  actionthread.o(FSymTab)
    FSymTab                                  0x00013b90   Section      120  sensor.o(FSymTab)
    VSymTab                                  0x00013c28   Section       16  cmd.o(VSymTab)
    VSymTab                                  0x00013c38   Section       96  sensor.o(VSymTab)
    .data                                    0x40000000   Section        4  can.o(.data)
    e                                        0x40000000   Data           4  can.o(.data)
    .data                                    0x40000004   Section        4  clock.o(.data)
    rt_tick                                  0x40000004   Data           4  clock.o(.data)
    .data                                    0x40000008   Section        1  irq.o(.data)
    .data                                    0x4000000c   Section        8  kservice.o(.data)
    _console_device                          0x40000010   Data           4  kservice.o(.data)
    .data                                    0x40000014   Section       96  object.o(.data)
    .data                                    0x40000074   Section       16  scheduler.o(.data)
    rt_scheduler_lock_nest                   0x40000074   Data           2  scheduler.o(.data)
    .data                                    0x40000084   Section       18  timer.o(.data)
    rt_timer_list                            0x40000084   Data           8  timer.o(.data)
    rt_soft_timer_list                       0x4000008c   Data           8  timer.o(.data)
    timer_ex_cnt                             0x40000094   Data           2  timer.o(.data)
    .data                                    0x40000098   Section       12  interrupt.o(.data)
    .data                                    0x400000a4   Section        4  cmd.o(.data)
    dummy                                    0x400000a4   Data           4  cmd.o(.data)
    .data                                    0x400000a8   Section        8  finsh_compiler.o(.data)
    .data                                    0x400000b0   Section       64  finsh_error.o(.data)
    finsh_error_string_table                 0x400000b4   Data          60  finsh_error.o(.data)
    .data                                    0x400000f0   Section        8  finsh_heap.o(.data)
    free_list                                0x400000f0   Data           4  finsh_heap.o(.data)
    allocate_list                            0x400000f4   Data           4  finsh_heap.o(.data)
    .data                                    0x400000f8   Section        4  finsh_var.o(.data)
    .data                                    0x400000fc   Section       12  finsh_vm.o(.data)
    .data                                    0x40000108   Section        4  shell.o(.data)
    .data                                    0x4000010c   Section       16  symbol.o(.data)
    .data                                    0x4000011c   Section        5  cananalyzer.o(.data)
    cntSend                                  0x40000120   Data           1  cananalyzer.o(.data)
    .data                                    0x40000124   Section       33  actionthread.o(.data)
    mbPool                                   0x40000124   Data           4  actionthread.o(.data)
    m_rotateDiningCnt                        0x4000012c   Data           1  actionthread.o(.data)
    m_rotateAbnorCnt                         0x4000012d   Data           1  actionthread.o(.data)
    LeftGuardCount                           0x4000012e   Data           2  actionthread.o(.data)
    RightGuardCount                          0x40000130   Data           2  actionthread.o(.data)
    ZuobianqiCount                           0x40000132   Data           1  actionthread.o(.data)
    BianmenCount                             0x40000133   Data           1  actionthread.o(.data)
    initMode                                 0x40000137   Data           1  actionthread.o(.data)
    ErrorWheelCnt_back                       0x40000138   Data           2  actionthread.o(.data)
    ErrorWheelCnt_leg                        0x4000013a   Data           2  actionthread.o(.data)
    prebackCnt                               0x4000013c   Data           2  actionthread.o(.data)
    prelegCnt                                0x4000013e   Data           2  actionthread.o(.data)
    FanShenMaPanFlag                         0x40000140   Data           1  actionthread.o(.data)
    count                                    0x40000141   Data           1  actionthread.o(.data)
    tickBianMen                              0x40000142   Data           2  actionthread.o(.data)
    BianMenStatus                            0x40000144   Data           1  actionthread.o(.data)
    .data                                    0x40000148   Section       81  sensor.o(.data)
    preLegSensor                             0x40000156   Data           1  sensor.o(.data)
    MT_All_KongXian                          0x40000157   Data           1  sensor.o(.data)
    WDcount                                  0x40000158   Data           2  sensor.o(.data)
    chongdiantimecount                       0x4000015c   Data           4  sensor.o(.data)
    m_ShiDianStatus                          0x40000168   Data           1  sensor.o(.data)
    c_ShiDianStatus                          0x40000169   Data           1  sensor.o(.data)
    powerchangetimecount                     0x4000016c   Data           4  sensor.o(.data)
    dianlianglvbocount                       0x40000170   Data           1  sensor.o(.data)
    shidianjiancelvbo                        0x40000171   Data           1  sensor.o(.data)
    DianJiDianLiuAD1                         0x40000190   Data           2  sensor.o(.data)
    DianJiDianLiuAD2                         0x40000192   Data           2  sensor.o(.data)
    DianJiDianLiuAD3                         0x40000194   Data           2  sensor.o(.data)
    DaDianJiGuoliuCount                      0x40000196   Data           1  sensor.o(.data)
    XiaoDianJiGuoliuCount                    0x40000197   Data           1  sensor.o(.data)
    init                                     0x40000198   Data           1  sensor.o(.data)
    .data                                    0x4000019c   Section        4  errno.o(.data)
    _errno                                   0x4000019c   Data           4  errno.o(.data)
    .bss                                     0x400001a0   Section      132  can.o(.bss)
    .bss                                     0x40000224   Section      252  idle.o(.bss)
    idle                                     0x40000224   Data         124  idle.o(.bss)
    rt_thread_stack                          0x400002a0   Data         128  idle.o(.bss)
    .bss                                     0x40000320   Section      128  kservice.o(.bss)
    rt_log_buf                               0x40000320   Data         128  kservice.o(.bss)
    .bss                                     0x400003a0   Section      256  scheduler.o(.bss)
    .bss                                     0x400004a0   Section      668  timer.o(.bss)
    timer_thread                             0x400004a0   Data         124  timer.o(.bss)
    timer_thread_stack                       0x4000051c   Data         512  timer.o(.bss)
    timer_sem                                0x4000071c   Data          32  timer.o(.bss)
    .bss                                     0x4000073c   Section      144  serial.o(.bss)
    .bss                                     0x400007cc   Section      128  finsh_heap.o(.bss)
    .bss                                     0x4000084c   Section      320  finsh_node.o(.bss)
    .bss                                     0x4000098c   Section      192  finsh_var.o(.bss)
    .bss                                     0x40000a4c   Section      384  finsh_vm.o(.bss)
    .bss                                     0x40000bcc   Section     2856  shell.o(.bss)
    finsh_thread                             0x40000bcc   Data         124  shell.o(.bss)
    finsh_thread_stack                       0x40000c48   Data        2048  shell.o(.bss)
    .bss                                     0x400016f4   Section       44  cananalyzer.o(.bss)
    timer50                                  0x400016f4   Data          44  cananalyzer.o(.bss)
    .bss                                     0x40001720   Section      124  actionthread.o(.bss)
    m_mb                                     0x40001720   Data          48  actionthread.o(.bss)
    m_evt                                    0x40001750   Data          32  actionthread.o(.bss)
    m_timer                                  0x40001770   Data          44  actionthread.o(.bss)
    .bss                                     0x4000179c   Section      136  sensor.o(.bss)
    sensorTimer                              0x400017cc   Data          44  sensor.o(.bss)
    t                                        0x400017f8   Data          44  sensor.o(.bss)
    .bss                                     0x40001824   Section     2172  application.o(.bss)
    STACK                                    0x400020a0   Section      768  start_rvds.o(STACK)
    Stack_Top                                0x400023a0   Data           0  start_rvds.o(STACK)

    Global Symbols

    Symbol Name                              Value     Ov Type        Size  Object(Section)

    BuildAttributes$$THM_ISAv1$ARM_ISAv4$S$PE$A:L22$X:L11$S22$IEEE1$IW$USESV6$~STKCKD$USESV7$~SHL$OSPACE$EBA8$MICROLIB$REQ8$PRES8$EABIv2 0x00000000   Number         0  anon$$obj.o ABSOLUTE
    __ARM_use_no_argv                        0x00000000   Number         0  startup.o ABSOLUTE
    __cpp_initialize__aeabi_                  - Undefined Weak Reference
    __cxa_finalize                            - Undefined Weak Reference
    _clock_init                               - Undefined Weak Reference
    _microlib_exit                            - Undefined Weak Reference
    Reset_Handler                            0x00000054   ARM Code       0  start_rvds.o(RESET)
    IRQ_Handler                              0x000000ec   ARM Code      40  start_rvds.o(RESET)
    rt_hw_context_switch_interrupt_do        0x00000114   ARM Code     116  start_rvds.o(RESET)
    __main                                   0x000001a4   ARM Code       0  entry.o(.ARM.Collect$$$$00000000)
    _main_stk                                0x000001a4   ARM Code       0  entry2.o(.ARM.Collect$$$$00000001)
    _main_scatterload                        0x000001a8   ARM Code       0  entry5.o(.ARM.Collect$$$$00000004)
    __main_after_scatterload                 0x000001ac   ARM Code       0  entry5.o(.ARM.Collect$$$$00000004)
    _main_clock                              0x000001ac   ARM Code       0  entry7b.o(.ARM.Collect$$$$00000008)
    _main_cpp_init                           0x000001ac   ARM Code       0  entry8b.o(.ARM.Collect$$$$0000000A)
    _main_init                               0x000001ac   ARM Code       0  entry9a.o(.ARM.Collect$$$$0000000B)
    __rt_final_cpp                           0x000001b8   ARM Code       0  entry10a.o(.ARM.Collect$$$$0000000D)
    __rt_final_exit                          0x000001b8   ARM Code       0  entry11a.o(.ARM.Collect$$$$0000000F)
    CanOpen                                  0x000001bc   ARM Code      52  can.o(.text)
    CanWrite                                 0x000001f0   ARM Code     116  can.o(.text)
    CanRead                                  0x00000264   ARM Code      56  can.o(.text)
    rt_hw_can_rx_isr                         0x000002f4   ARM Code     504  can.o(.text)
    rt_hw_can_init                           0x000007b8   ARM Code     156  can.o(.text)
    CANSendData                              0x000008f4   ARM Code     316  canapp.o(.text)
    HwEnCAN                                  0x00000a34   ARM Code     260  canfunc.o(.text)
    SoftRstCAN                               0x00000b38   ARM Code      68  canfunc.o(.text)
    SoftEnCAN                                0x00000b7c   ARM Code      64  canfunc.o(.text)
    CanSendCmd                               0x00000bbc   ARM Code     976  canfunc.o(.text)
    WriteCanTxBuf                            0x00000f8c   ARM Code     492  canfunc.o(.text)
    CanQuitSM                                0x00001178   ARM Code     172  canfunc.o(.text)
    AdcInit                                  0x00001244   ARM Code     136  adc.o(.text)
    Adc                                      0x000012cc   ARM Code      92  adc.o(.text)
    GetAdcSmoothly                           0x00001328   ARM Code     100  adc.o(.text)
    rt_system_tick_init                      0x00001394   ARM Code      16  clock.o(.text)
    rt_tick_get                              0x000013a4   ARM Code      12  clock.o(.text)
    rt_tick_increase                         0x000013b0   ARM Code      80  clock.o(.text)
    rt_device_register                       0x00001404   ARM Code      64  device.o(.text)
    rt_device_init_all                       0x00001444   ARM Code     132  device.o(.text)
    rt_device_find                           0x000014c8   ARM Code     132  device.o(.text)
    rt_device_open                           0x0000154c   ARM Code     212  device.o(.text)
    rt_device_close                          0x00001620   ARM Code     140  device.o(.text)
    rt_device_read                           0x000016ac   ARM Code      80  device.o(.text)
    rt_device_write                          0x000016fc   ARM Code      80  device.o(.text)
    rt_device_set_rx_indicate                0x0000174c   ARM Code      16  device.o(.text)
    rt_thread_idle_init                      0x00001764   ARM Code      72  idle.o(.text)
    rt_sem_init                              0x00001884   ARM Code      64  ipc.o(.text)
    rt_sem_take                              0x000018c4   ARM Code     192  ipc.o(.text)
    rt_sem_release                           0x00001984   ARM Code     100  ipc.o(.text)
    rt_event_init                            0x000019e8   ARM Code      60  ipc.o(.text)
    rt_event_send                            0x00001a24   ARM Code     288  ipc.o(.text)
    rt_event_recv                            0x00001b44   ARM Code     336  ipc.o(.text)
    rt_mb_init                               0x00001c94   ARM Code      96  ipc.o(.text)
    rt_mb_send_wait                          0x00001cf4   ARM Code     368  ipc.o(.text)
    rt_mb_send                               0x00001e64   ARM Code      36  ipc.o(.text)
    rt_mb_recv                               0x00001e88   ARM Code     372  ipc.o(.text)
    rt_interrupt_enter                       0x00002068   ARM Code      48  irq.o(.text)
    rt_interrupt_leave                       0x00002098   ARM Code      48  irq.o(.text)
    rt_set_errno                             0x000020cc   ARM Code      52  kservice.o(.text)
    rt_memset                                0x00002100   ARM Code     132  kservice.o(.text)
    rt_strlen                                0x00002184   ARM Code      36  kservice.o(.text)
    rt_strncpy                               0x000021a8   ARM Code      44  kservice.o(.text)
    rt_strncmp                               0x000021d4   ARM Code      84  kservice.o(.text)
    rt_kprintf                               0x00002988   ARM Code     112  kservice.o(.text)
    rt_show_version                          0x000029f8   ARM Code      56  kservice.o(.text)
    rt_system_object_init                    0x00002abc   ARM Code       4  object.o(.text)
    rt_object_init                           0x00002ac0   ARM Code     120  object.o(.text)
    rt_object_detach                         0x00002b38   ARM Code      68  object.o(.text)
    rt_object_is_systemobject                0x00002b7c   ARM Code      36  object.o(.text)
    rt_system_scheduler_init                 0x00002ba4   ARM Code      92  scheduler.o(.text)
    rt_system_scheduler_start                0x00002c00   ARM Code     196  scheduler.o(.text)
    rt_schedule                              0x00002cc4   ARM Code     296  scheduler.o(.text)
    rt_schedule_insert_thread                0x00002dec   ARM Code     108  scheduler.o(.text)
    rt_schedule_remove_thread                0x00002e58   ARM Code     136  scheduler.o(.text)
    rt_enter_critical                        0x00002ee0   ARM Code      56  scheduler.o(.text)
    rt_exit_critical                         0x00002f18   ARM Code      96  scheduler.o(.text)
    rt_thread_timeout                        0x00002fb4   ARM Code      48  thread.o(.text)
    rt_thread_init                           0x00003108   ARM Code      80  thread.o(.text)
    rt_thread_self                           0x00003158   ARM Code      12  thread.o(.text)
    rt_thread_resume                         0x00003164   ARM Code      92  thread.o(.text)
    rt_thread_startup                        0x000031c0   ARM Code      60  thread.o(.text)
    rt_thread_yield                          0x000031fc   ARM Code     140  thread.o(.text)
    rt_thread_suspend                        0x00003288   ARM Code      72  thread.o(.text)
    rt_thread_sleep                          0x000032d0   ARM Code      96  thread.o(.text)
    rt_thread_delay                          0x00003330   ARM Code      24  thread.o(.text)
    rt_timer_init                            0x000033dc   ARM Code      76  timer.o(.text)
    rt_timer_detach                          0x00003428   ARM Code      52  timer.o(.text)
    rt_timer_start                           0x0000345c   ARM Code     200  timer.o(.text)
    rt_timer_stop                            0x00003524   ARM Code      80  timer.o(.text)
    rt_timer_control                         0x00003574   ARM Code     124  timer.o(.text)
    rt_soft_timer_tick_increase              0x000035f0   ARM Code      68  timer.o(.text)
    rt_timer_check                           0x00003634   ARM Code     220  timer.o(.text)
    rt_soft_timer_check                      0x00003710   ARM Code     180  timer.o(.text)
    rt_system_timer_init                     0x000037e4   ARM Code      48  timer.o(.text)
    rt_system_timer_thread_init              0x00003814   ARM Code      72  timer.o(.text)
    rt_hw_timer_handler                      0x0000388c   ARM Code      48  board.o(.text)
    rt_hw_console_output                     0x000038bc   ARM Code     108  board.o(.text)
    rt_hw_console_init                       0x00003928   ARM Code      52  board.o(.text)
    rt_hw_board_init                         0x0000395c   ARM Code      80  board.o(.text)
    rtthread_startup                         0x000039b8   ARM Code      80  startup.o(.text)
    main                                     0x00003a08   ARM Code     128  startup.o(.text)
    rt_hw_interrupt_handler                  0x00003a9c   ARM Code      28  interrupt.o(.text)
    rt_hw_interrupt_init                     0x00003ab8   ARM Code     116  interrupt.o(.text)
    rt_hw_interrupt_umask                    0x00003b2c   ARM Code      20  interrupt.o(.text)
    rt_hw_interrupt_install                  0x00003b40   ARM Code      88  interrupt.o(.text)
    rt_hw_uart_isr                           0x00003bd0   ARM Code     236  serial.o(.text)
    rt_hw_uart_isr_1                         0x00003cbc   ARM Code      24  serial.o(.text)
    rt_hw_serial_init                        0x00003f58   ARM Code     240  serial.o(.text)
    rt_hw_stack_init                         0x00004080   ARM Code     224  stack.o(.text)
    rt_hw_trap_irq                           0x00004160   ARM Code      36  trap.o(.text)
    rt_hw_interrupt_disable                  0x00004184   ARM Code      16  context_rvds.o(.text)
    rt_hw_interrupt_enable                   0x00004194   ARM Code       8  context_rvds.o(.text)
    rt_hw_context_switch                     0x0000419c   ARM Code      52  context_rvds.o(.text)
    rt_hw_context_switch_to                  0x000041d0   ARM Code      24  context_rvds.o(.text)
    rt_hw_context_switch_interrupt           0x000041e8   ARM Code      44  context_rvds.o(.text)
    hello                                    0x00004248   ARM Code      24  cmd.o(.text)
    version                                  0x00004260   ARM Code      20  cmd.o(.text)
    list_thread                              0x00004274   ARM Code     228  cmd.o(.text)
    list_sem                                 0x000043a0   ARM Code     384  cmd.o(.text)
    list_event                               0x00004520   ARM Code      92  cmd.o(.text)
    list_mailbox                             0x0000457c   ARM Code     168  cmd.o(.text)
    list_timer                               0x00004624   ARM Code     436  cmd.o(.text)
    list_device                              0x000047d8   ARM Code     104  cmd.o(.text)
    list                                     0x00004840   ARM Code     192  cmd.o(.text)
    list_prefix                              0x00004948   ARM Code     696  cmd.o(.text)
    finsh_compiler_run                       0x00007c48   ARM Code     172  finsh_compiler.o(.text)
    finsh_error_init                         0x00007d00   ARM Code      16  finsh_error.o(.text)
    finsh_error_set                          0x00007d10   ARM Code      20  finsh_error.o(.text)
    finsh_errno                              0x00007d24   ARM Code      12  finsh_error.o(.text)
    finsh_error_string                       0x00007d30   ARM Code      16  finsh_error.o(.text)
    finsh_heap_init                          0x00007d48   ARM Code      72  finsh_heap.o(.text)
    finsh_heap_free                          0x00007fa8   ARM Code      56  finsh_heap.o(.text)
    finsh_heap_allocate                      0x00008068   ARM Code     192  finsh_heap.o(.text)
    finsh_init                               0x00008138   ARM Code      44  finsh_init.o(.text)
    finsh_stack_bottom                       0x00008164   ARM Code      12  finsh_init.o(.text)
    finsh_flush                              0x00008170   ARM Code      36  finsh_init.o(.text)
    finsh_node_init                          0x00008198   ARM Code      28  finsh_node.o(.text)
    finsh_node_allocate                      0x000081b4   ARM Code      92  finsh_node.o(.text)
    finsh_node_new_id                        0x00008210   ARM Code     240  finsh_node.o(.text)
    finsh_node_new_char                      0x00008300   ARM Code      60  finsh_node.o(.text)
    finsh_node_new_int                       0x0000833c   ARM Code      60  finsh_node.o(.text)
    finsh_node_new_long                      0x00008378   ARM Code      60  finsh_node.o(.text)
    finsh_node_new_string                    0x000083b4   ARM Code     128  finsh_node.o(.text)
    finsh_node_new_ptr                       0x00008434   ARM Code      60  finsh_node.o(.text)
    OP_no_op                                 0x00008474   ARM Code       4  finsh_ops.o(.text)
    OP_add_byte                              0x00008478   ARM Code      72  finsh_ops.o(.text)
    OP_add_word                              0x000084c0   ARM Code      80  finsh_ops.o(.text)
    OP_add_dword                             0x00008510   ARM Code      72  finsh_ops.o(.text)
    OP_sub_byte                              0x00008558   ARM Code      72  finsh_ops.o(.text)
    OP_sub_word                              0x000085a0   ARM Code      80  finsh_ops.o(.text)
    OP_sub_dword                             0x000085f0   ARM Code      72  finsh_ops.o(.text)
    OP_div_byte                              0x00008638   ARM Code      80  finsh_ops.o(.text)
    OP_div_word                              0x00008688   ARM Code      88  finsh_ops.o(.text)
    OP_div_dword                             0x000086e0   ARM Code      80  finsh_ops.o(.text)
    OP_mod_byte                              0x00008730   ARM Code      84  finsh_ops.o(.text)
    OP_mod_word                              0x00008784   ARM Code      80  finsh_ops.o(.text)
    OP_mod_dword                             0x000087d4   ARM Code      80  finsh_ops.o(.text)
    OP_mul_byte                              0x00008824   ARM Code      72  finsh_ops.o(.text)
    OP_mul_word                              0x0000886c   ARM Code      80  finsh_ops.o(.text)
    OP_mul_dword                             0x000088bc   ARM Code      72  finsh_ops.o(.text)
    OP_and_byte                              0x00008904   ARM Code      72  finsh_ops.o(.text)
    OP_and_word                              0x0000894c   ARM Code      72  finsh_ops.o(.text)
    OP_and_dword                             0x00008994   ARM Code      72  finsh_ops.o(.text)
    OP_or_byte                               0x000089dc   ARM Code      72  finsh_ops.o(.text)
    OP_or_word                               0x00008a24   ARM Code      72  finsh_ops.o(.text)
    OP_or_dword                              0x00008a6c   ARM Code      72  finsh_ops.o(.text)
    OP_xor_byte                              0x00008ab4   ARM Code      72  finsh_ops.o(.text)
    OP_xor_word                              0x00008afc   ARM Code      72  finsh_ops.o(.text)
    OP_xor_dword                             0x00008b44   ARM Code      72  finsh_ops.o(.text)
    OP_bw_byte                               0x00008b8c   ARM Code      32  finsh_ops.o(.text)
    OP_bw_word                               0x00008bac   ARM Code      32  finsh_ops.o(.text)
    OP_bw_dword                              0x00008bcc   ARM Code      32  finsh_ops.o(.text)
    OP_shl_byte                              0x00008bec   ARM Code      72  finsh_ops.o(.text)
    OP_shl_word                              0x00008c34   ARM Code      80  finsh_ops.o(.text)
    OP_shl_dword                             0x00008c84   ARM Code      72  finsh_ops.o(.text)
    OP_shr_byte                              0x00008ccc   ARM Code      72  finsh_ops.o(.text)
    OP_shr_word                              0x00008d14   ARM Code      72  finsh_ops.o(.text)
    OP_shr_dword                             0x00008d5c   ARM Code      72  finsh_ops.o(.text)
    OP_ld_byte                               0x00008da4   ARM Code      68  finsh_ops.o(.text)
    OP_ld_word                               0x00008de8   ARM Code      92  finsh_ops.o(.text)
    OP_ld_dword                              0x00008e44   ARM Code     116  finsh_ops.o(.text)
    OP_ld_value_byte                         0x00008eb8   ARM Code     120  finsh_ops.o(.text)
    OP_ld_value_byte_stack                   0x00008f30   ARM Code      32  finsh_ops.o(.text)
    OP_ld_value_word                         0x00008f50   ARM Code     120  finsh_ops.o(.text)
    OP_ld_value_word_stack                   0x00008fc8   ARM Code      32  finsh_ops.o(.text)
    OP_ld_value_dword                        0x00008fe8   ARM Code     120  finsh_ops.o(.text)
    OP_ld_value_dword_stack                  0x00009060   ARM Code      32  finsh_ops.o(.text)
    OP_st_byte                               0x00009080   ARM Code      52  finsh_ops.o(.text)
    OP_st_word                               0x000090b4   ARM Code      52  finsh_ops.o(.text)
    OP_st_dword                              0x000090e8   ARM Code      52  finsh_ops.o(.text)
    OP_pop                                   0x0000911c   ARM Code      24  finsh_ops.o(.text)
    OP_call                                  0x00009134   ARM Code    1904  finsh_ops.o(.text)
    finsh_parser_run                         0x0000a868   ARM Code     380  finsh_parser.o(.text)
    finsh_parser_init                        0x0000a9e4   ARM Code      32  finsh_parser.o(.text)
    finsh_token_init                         0x0000aa04   ARM Code      36  finsh_token.o(.text)
    token_get_string                         0x0000b108   ARM Code     212  finsh_token.o(.text)
    finsh_token_token                        0x0000b534   ARM Code      52  finsh_token.o(.text)
    finsh_var_init                           0x0000b56c   ARM Code      28  finsh_var.o(.text)
    finsh_var_insert                         0x0000b588   ARM Code     180  finsh_var.o(.text)
    finsh_var_lookup                         0x0000b63c   ARM Code     104  finsh_var.o(.text)
    finsh_sysvar_lookup                      0x0000b6a4   ARM Code     148  finsh_var.o(.text)
    finsh_vm_run                             0x0000b748   ARM Code     128  finsh_vm.o(.text)
    finsh_syscall_lookup                     0x0000b7c8   ARM Code     148  finsh_vm.o(.text)
    strcmp                                   0x0000b87c   ARM Code      60  shell.o(.text)
    finsh_set_device                         0x0000b8dc   ARM Code     136  shell.o(.text)
    finsh_auto_complete                      0x0000b964   ARM Code      44  shell.o(.text)
    finsh_run_line                           0x0000b990   ARM Code     224  shell.o(.text)
    finsh_handle_history                     0x0000ba70   ARM Code     524  shell.o(.text)
    finsh_push_history                       0x0000bc7c   ARM Code     248  shell.o(.text)
    finsh_thread_entry                       0x0000bd74   ARM Code     848  shell.o(.text)
    finsh_system_function_init               0x0000c0c4   ARM Code      20  shell.o(.text)
    finsh_system_var_init                    0x0000c0d8   ARM Code      20  shell.o(.text)
    finsh_system_init                        0x0000c0ec   ARM Code     160  shell.o(.text)
    CanRxInd                                 0x0000c1c8   ARM Code    3316  cananalyzer.o(.text)
    CanAnalyzerInit                          0x0000cf48   ARM Code     112  cananalyzer.o(.text)
    TuiBei                                   0x0000cff4   ARM Code     152  actionthread.o(.text)
    adjustTable                              0x0000d40c   ARM Code     404  actionthread.o(.text)
    rt_hw_timer1_handler                     0x0000d9b8   ARM Code      48  actionthread.o(.text)
    rt_hw_timer1_init                        0x0000d9e8   ARM Code      96  actionthread.o(.text)
    BeiBu                                    0x0000da48   ARM Code     240  actionthread.o(.text)
    DoStop                                   0x0000df98   ARM Code     120  actionthread.o(.text)
    DoAllStop                                0x0000e010   ARM Code     156  actionthread.o(.text)
    ActionTimeout                            0x0000e0ac   ARM Code     124  actionthread.o(.text)
    DoLeftGuardUp                            0x0000e174   ARM Code     196  actionthread.o(.text)
    DoLeftGuardDown                          0x0000e238   ARM Code     180  actionthread.o(.text)
    DoRightGuardUp                           0x0000e2ec   ARM Code     400  actionthread.o(.text)
    DoRightGuardDown                         0x0000e47c   ARM Code     180  actionthread.o(.text)
    DoGuardUp                                0x0000e530   ARM Code     444  actionthread.o(.text)
    DoGuardDown                              0x0000e6ec   ARM Code     348  actionthread.o(.text)
    DoBianmenkai                             0x0000ebec   ARM Code    1148  actionthread.o(.text)
    AllowFuYuan                              0x0000f430   ARM Code     104  actionthread.o(.text)
    DoFangPing                               0x0000f498   ARM Code    1464  actionthread.o(.text)
    WDInit                                   0x000104f8   ARM Code       4  actionthread.o(.text)
    feedWD                                   0x000104fc   ARM Code       4  actionthread.o(.text)
    ActionStopCmd                            0x00010500   ARM Code      52  actionthread.o(.text)
    ActionStartCmd                           0x00010550   ARM Code    1036  actionthread.o(.text)
    initAllPosition                          0x00010f64   ARM Code    1288  actionthread.o(.text)
    ActionThreadEntry                        0x00011508   ARM Code     888  actionthread.o(.text)
    GetBeiBuWeiZhi                           0x000118ac   ARM Code      60  sensor.o(.text)
    SetBeiBuWeiZhi                           0x000118e8   ARM Code      40  sensor.o(.text)
    GetTuiBuWeiZhi                           0x00011910   ARM Code      60  sensor.o(.text)
    SetTuiBuWeiZhi                           0x0001194c   ARM Code      40  sensor.o(.text)
    GetFanShenWeiZhi                         0x00011974   ARM Code      60  sensor.o(.text)
    SetFanShenWeiZhi                         0x000119b0   ARM Code      28  sensor.o(.text)
    GetWuCha                                 0x000119cc   ARM Code     288  sensor.o(.text)
    SetWuCha                                 0x00011aec   ARM Code      28  sensor.o(.text)
    SensorInit                               0x00012d14   ARM Code     120  sensor.o(.text)
    rt_application_init                      0x00012da0   ARM Code     100  application.o(.text)
    Inline ARM to Thumb Veneer to __aeabi_uidivmod 0x00012e7c   ARM Code       8  uidiv.o(.text)
    __aeabi_uidiv                            0x00012e85   Thumb Code     0  uidiv.o(.text)
    __aeabi_uidivmod                         0x00012e85   Thumb Code    46  uidiv.o(.text)
    Inline ARM to Thumb Veneer to __aeabi_idivmod 0x00012eb4   ARM Code       8  idiv.o(.text)
    __aeabi_idiv                             0x00012ebd   Thumb Code     0  idiv.o(.text)
    __aeabi_idivmod                          0x00012ebd   Thumb Code    44  idiv.o(.text)
    Inline ARM to Thumb Veneer to __rt_ctype_table 0x00012ee8   ARM Code       8  ctype_o.o(.text)
    __rt_ctype_table                         0x00012ef1   Thumb Code     4  ctype_o.o(.text)
    Inline ARM to Thumb Veneer to __aeabi_memcpy 0x00012ef8   ARM Code       8  memcpya.o(.text)
    __aeabi_memcpy                           0x00012f01   Thumb Code    36  memcpya.o(.text)
    __aeabi_memcpy4                          0x00012f01   Thumb Code     0  memcpya.o(.text)
    __aeabi_memcpy8                          0x00012f01   Thumb Code     0  memcpya.o(.text)
    Inline ARM to Thumb Veneer to __aeabi_memclr 0x00012f24   ARM Code       8  memseta.o(.text)
    __aeabi_memset                           0x00012f2d   Thumb Code    16  memseta.o(.text)
    __aeabi_memset4                          0x00012f2d   Thumb Code     0  memseta.o(.text)
    __aeabi_memset8                          0x00012f2d   Thumb Code     0  memseta.o(.text)
    __aeabi_memclr                           0x00012f3d   Thumb Code     4  memseta.o(.text)
    __aeabi_memclr4                          0x00012f3d   Thumb Code     0  memseta.o(.text)
    __aeabi_memclr8                          0x00012f3d   Thumb Code     0  memseta.o(.text)
    _memset$wrapper                          0x00012f41   Thumb Code    22  memseta.o(.text)
    Inline ARM to Thumb Veneer to strncpy    0x00012f58   ARM Code       8  strncpy.o(.text)
    strncpy                                  0x00012f61   Thumb Code    28  strncpy.o(.text)
    Inline ARM to Thumb Veneer to strlen     0x00012f7c   ARM Code       8  strlen.o(.text)
    strlen                                   0x00012f85   Thumb Code    14  strlen.o(.text)
    Inline ARM to Thumb Veneer to strncmp    0x00012f94   ARM Code       8  strncmp.o(.text)
    strncmp                                  0x00012f9d   Thumb Code    32  strncmp.o(.text)
    Inline ARM to Thumb Veneer to atoi       0x00012fbc   ARM Code       8  atoi.o(.text)
    atoi                                     0x00012fc5   Thumb Code    30  atoi.o(.text)
    strtol                                   0x00012fe5   Thumb Code   112  strtol.o(.text)
    Inline ARM to Thumb Veneer to __scatterload 0x00013058   ARM Code       8  init.o(.text)
    __scatterload                            0x00013061   Thumb Code    24  init.o(.text)
    __scatterload_rt2                        0x00013061   Thumb Code     0  init.o(.text)
    _strtoul                                 0x00013081   Thumb Code   172  _strtoul.o(.text)
    _chval                                   0x0001312d   Thumb Code    30  _chval.o(.text)
    __decompress                             0x0001314c   ARM Code       0  __dczerorl2.o(.text)
    __decompress1                            0x0001314c   ARM Code     124  __dczerorl2.o(.text)
    Long ARM to Thumb Veneer to __aeabi_memcpy4 0x000131c8   ARM Code      12  anon$$obj.o(Veneer$$Code)
    Long ARM to Thumb Veneer to __aeabi_memclr4 0x000131d4   ARM Code      12  anon$$obj.o(Veneer$$Code)
    Short Thumb to ARM Veneer to __main_after_scatterload 0x000131e1   Thumb Code     8  anon$$obj.o(Veneer$$Code)
    __ARM_common_call_via_r3                 0x000131e9   Thumb Code     2  init.o(i.__ARM_common_call_via_r3)
    __aeabi_errno_addr                       0x000131ed   Thumb Code     4  errno.o(i.__aeabi_errno_addr)
    __rt_errno_addr                          0x000131ed   Thumb Code     0  errno.o(i.__aeabi_errno_addr)
    __scatterload_copy                       0x000131f4   ARM Code      28  handlers.o(i.__scatterload_copy)
    __scatterload_null                       0x00013210   ARM Code       4  handlers.o(i.__scatterload_null)
    __scatterload_zeroinit                   0x00013214   ARM Code      24  handlers.o(i.__scatterload_zeroinit)
    USE_MOD_CAN                              0x0001323c   Data          16  canapp.o(.constdata)
    USE_BTR_CAN                              0x0001324c   Data          16  canapp.o(.constdata)
    USE_TPM_CAN                              0x0001325c   Data          16  canapp.o(.constdata)
    USE_INT_CAN                              0x0001326c   Data          16  canapp.o(.constdata)
    USE_EWL_CAN                              0x0001327c   Data          16  canapp.o(.constdata)
    rt_lowest_bitmap                         0x000132ae   Data         256  scheduler.o(.constdata)
    __fsym_hello_name                        0x000133b0   Data           6  cmd.o(.constdata)
    __fsym_hello_desc                        0x000133b6   Data          16  cmd.o(.constdata)
    __fsym_version_name                      0x000133c6   Data           8  cmd.o(.constdata)
    __fsym_version_desc                      0x000133ce   Data          35  cmd.o(.constdata)
    __fsym_list_thread_name                  0x000133f1   Data          12  cmd.o(.constdata)
    __fsym_list_thread_desc                  0x000133fd   Data          12  cmd.o(.constdata)
    __fsym_list_sem_name                     0x00013409   Data           9  cmd.o(.constdata)
    __fsym_list_sem_desc                     0x00013412   Data          25  cmd.o(.constdata)
    __fsym_list_event_name                   0x0001342b   Data          11  cmd.o(.constdata)
    __fsym_list_event_desc                   0x00013436   Data          21  cmd.o(.constdata)
    __fsym_list_mailbox_name                 0x0001344b   Data          13  cmd.o(.constdata)
    __fsym_list_mailbox_desc                 0x00013458   Data          24  cmd.o(.constdata)
    __fsym_list_timer_name                   0x00013470   Data          11  cmd.o(.constdata)
    __fsym_list_timer_desc                   0x0001347b   Data          21  cmd.o(.constdata)
    __fsym_list_device_name                  0x00013490   Data          12  cmd.o(.constdata)
    __fsym_list_device_desc                  0x0001349c   Data          22  cmd.o(.constdata)
    __fsym_list_name                         0x000134b2   Data           5  cmd.o(.constdata)
    __fsym_list_desc                         0x000134b7   Data          26  cmd.o(.constdata)
    __vsym_dummy_name                        0x000134d1   Data           6  cmd.o(.constdata)
    __vsym_dummy_desc                        0x000134d7   Data          25  cmd.o(.constdata)
    op_table                                 0x00013510   Data         196  finsh_ops.o(.constdata)
    __fsym_ActionStartCmd_name               0x00013614   Data          15  actionthread.o(.constdata)
    __fsym_ActionStartCmd_desc               0x00013623   Data          16  actionthread.o(.constdata)
    __fsym_ActionStopCmd_name                0x00013633   Data          14  actionthread.o(.constdata)
    __fsym_ActionStopCmd_desc                0x00013641   Data          11  actionthread.o(.constdata)
    __vsym_m_beibu_max_name                  0x00013676   Data          12  sensor.o(.constdata)
    __vsym_m_beibu_max_desc                  0x00013682   Data          11  sensor.o(.constdata)
    __vsym_m_beibu_middle_name               0x0001368d   Data          15  sensor.o(.constdata)
    __vsym_m_beibu_middle_desc               0x0001369c   Data          11  sensor.o(.constdata)
    __vsym_m_tuibu_max_name                  0x000136a7   Data          12  sensor.o(.constdata)
    __vsym_m_tuibu_max_desc                  0x000136b3   Data          11  sensor.o(.constdata)
    __vsym_m_tuibu_middle_name               0x000136be   Data          15  sensor.o(.constdata)
    __vsym_m_tuibu_middle_desc               0x000136cd   Data          11  sensor.o(.constdata)
    __vsym_m_fanshen_max_name                0x000136d8   Data          14  sensor.o(.constdata)
    __vsym_m_fanshen_max_desc                0x000136e6   Data          11  sensor.o(.constdata)
    __vsym_m_wucha_name                      0x000136f1   Data           8  sensor.o(.constdata)
    __vsym_m_wucha_desc                      0x000136f9   Data           7  sensor.o(.constdata)
    __fsym_GetBeiBuWeiZhi_name               0x00013700   Data          15  sensor.o(.constdata)
    __fsym_GetBeiBuWeiZhi_desc               0x0001370f   Data          15  sensor.o(.constdata)
    __fsym_SetBeiBuWeiZhi_name               0x0001371e   Data          15  sensor.o(.constdata)
    __fsym_SetBeiBuWeiZhi_desc               0x0001372d   Data          15  sensor.o(.constdata)
    __fsym_GetTuiBuWeiZhi_name               0x0001373c   Data          15  sensor.o(.constdata)
    __fsym_GetTuiBuWeiZhi_desc               0x0001374b   Data          15  sensor.o(.constdata)
    __fsym_SetTuiBuWeiZhi_name               0x0001375a   Data          15  sensor.o(.constdata)
    __fsym_SetTuiBuWeiZhi_desc               0x00013769   Data          15  sensor.o(.constdata)
    __fsym_GetFanShenWeiZhi_name             0x00013778   Data          17  sensor.o(.constdata)
    __fsym_GetFanShenWeiZhi_desc             0x00013789   Data          15  sensor.o(.constdata)
    __fsym_SetFanShenWeiZhi_name             0x00013798   Data          17  sensor.o(.constdata)
    __fsym_SetFanShenWeiZhi_desc             0x000137a9   Data          15  sensor.o(.constdata)
    __fsym_GetWuCha_name                     0x000137b8   Data           9  sensor.o(.constdata)
    __fsym_GetWuCha_desc                     0x000137c1   Data          15  sensor.o(.constdata)
    __fsym_SetWuCha_name                     0x000137d0   Data           9  sensor.o(.constdata)
    __fsym_SetWuCha_desc                     0x000137d9   Data          15  sensor.o(.constdata)
    __fsym_SensorList_name                   0x000137e8   Data          11  sensor.o(.constdata)
    __fsym_SensorList_desc                   0x000137f3   Data          24  sensor.o(.constdata)
    __fsym_AutoSensor_name                   0x0001380b   Data          11  sensor.o(.constdata)
    __fsym_AutoSensor_desc                   0x00013816   Data          49  sensor.o(.constdata)
    __ctype_table                            0x00013847   Data         129  ctype_o.o(.constdata)
    FSymTab$$Base                            0x00013b0c   Number         0  cmd.o(FSymTab)
    __fsym_hello                             0x00013b0c   Data          12  cmd.o(FSymTab)
    __fsym_version                           0x00013b18   Data          12  cmd.o(FSymTab)
    __fsym_list_thread                       0x00013b24   Data          12  cmd.o(FSymTab)
    __fsym_list_sem                          0x00013b30   Data          12  cmd.o(FSymTab)
    __fsym_list_event                        0x00013b3c   Data          12  cmd.o(FSymTab)
    __fsym_list_mailbox                      0x00013b48   Data          12  cmd.o(FSymTab)
    __fsym_list_timer                        0x00013b54   Data          12  cmd.o(FSymTab)
    __fsym_list_device                       0x00013b60   Data          12  cmd.o(FSymTab)
    __fsym_list                              0x00013b6c   Data          12  cmd.o(FSymTab)
    __fsym_ActionStartCmd                    0x00013b78   Data          12  actionthread.o(FSymTab)
    __fsym_ActionStopCmd                     0x00013b84   Data          12  actionthread.o(FSymTab)
    __fsym_GetBeiBuWeiZhi                    0x00013b90   Data          12  sensor.o(FSymTab)
    __fsym_SetBeiBuWeiZhi                    0x00013b9c   Data          12  sensor.o(FSymTab)
    __fsym_GetTuiBuWeiZhi                    0x00013ba8   Data          12  sensor.o(FSymTab)
    __fsym_SetTuiBuWeiZhi                    0x00013bb4   Data          12  sensor.o(FSymTab)
    __fsym_GetFanShenWeiZhi                  0x00013bc0   Data          12  sensor.o(FSymTab)
    __fsym_SetFanShenWeiZhi                  0x00013bcc   Data          12  sensor.o(FSymTab)
    __fsym_GetWuCha                          0x00013bd8   Data          12  sensor.o(FSymTab)
    __fsym_SetWuCha                          0x00013be4   Data          12  sensor.o(FSymTab)
    __fsym_SensorList                        0x00013bf0   Data          12  sensor.o(FSymTab)
    __fsym_AutoSensor                        0x00013bfc   Data          12  sensor.o(FSymTab)
    FSymTab$$Limit                           0x00013c08   Number         0  sensor.o(FSymTab)
    Region$$Table$$Base                      0x00013c08   Number         0  anon$$obj.o(Region$$Table)
    Region$$Table$$Limit                     0x00013c28   Number         0  anon$$obj.o(Region$$Table)
    VSymTab$$Base                            0x00013c28   Number         0  cmd.o(VSymTab)
    __vsym_dummy                             0x00013c28   Data          16  cmd.o(VSymTab)
    __vsym_m_beibu_max                       0x00013c38   Data          16  sensor.o(VSymTab)
    __vsym_m_beibu_middle                    0x00013c48   Data          16  sensor.o(VSymTab)
    __vsym_m_tuibu_max                       0x00013c58   Data          16  sensor.o(VSymTab)
    __vsym_m_tuibu_middle                    0x00013c68   Data          16  sensor.o(VSymTab)
    __vsym_m_fanshen_max                     0x00013c78   Data          16  sensor.o(VSymTab)
    __vsym_m_wucha                           0x00013c88   Data          16  sensor.o(VSymTab)
    VSymTab$$Limit                           0x00013c98   Number         0  sensor.o(VSymTab)
    rt_interrupt_nest                        0x40000008   Data           1  irq.o(.data)
    errno                                    0x4000000c   Data           4  kservice.o(.data)
    rt_object_container                      0x40000014   Data          96  object.o(.data)
    rt_current_thread                        0x40000078   Data           4  scheduler.o(.data)
    rt_current_priority                      0x4000007c   Data           1  scheduler.o(.data)
    rt_thread_ready_priority_group           0x40000080   Data           4  scheduler.o(.data)
    rt_interrupt_from_thread                 0x40000098   Data           4  interrupt.o(.data)
    rt_interrupt_to_thread                   0x4000009c   Data           4  interrupt.o(.data)
    rt_thread_switch_interrput_flag          0x400000a0   Data           4  interrupt.o(.data)
    finsh_compile_sp                         0x400000a8   Data           4  finsh_compiler.o(.data)
    finsh_compile_pc                         0x400000ac   Data           4  finsh_compiler.o(.data)
    global_errno                             0x400000b0   Data           1  finsh_error.o(.data)
    global_sysvar_list                       0x400000f8   Data           4  finsh_var.o(.data)
    finsh_sp                                 0x400000fc   Data           4  finsh_vm.o(.data)
    finsh_pc                                 0x40000100   Data           4  finsh_vm.o(.data)
    global_syscall_list                      0x40000104   Data           4  finsh_vm.o(.data)
    shell                                    0x40000108   Data           4  shell.o(.data)
    _syscall_table_begin                     0x4000010c   Data           4  symbol.o(.data)
    _syscall_table_end                       0x40000110   Data           4  symbol.o(.data)
    _sysvar_table_begin                      0x40000114   Data           4  symbol.o(.data)
    _sysvar_table_end                        0x40000118   Data           4  symbol.o(.data)
    flag_qidong                              0x4000011c   Data           1  cananalyzer.o(.data)
    g_FlagCmd                                0x4000011d   Data           1  cananalyzer.o(.data)
    MianBan_B                                0x4000011e   Data           1  cananalyzer.o(.data)
    MianBan_A                                0x4000011f   Data           1  cananalyzer.o(.data)
    m_TuiCmd                                 0x40000128   Data           1  actionthread.o(.data)
    m_bottonrelease                          0x40000129   Data           1  actionthread.o(.data)
    flag_relase                              0x4000012a   Data           1  actionthread.o(.data)
    flagRelaseKey                            0x4000012b   Data           1  actionthread.o(.data)
    DiningCount                              0x40000134   Data           2  actionthread.o(.data)
    DiningMode                               0x40000136   Data           1  actionthread.o(.data)
    g_sensor                                 0x40000148   Data           8  sensor.o(.data)
    g_MT_work                                0x40000150   Data           6  sensor.o(.data)
    g_diancidianliangAd                      0x40000160   Data           4  sensor.o(.data)
    g_powerdianya                            0x40000164   Data           4  sensor.o(.data)
    m_TuiBuStatus                            0x40000172   Data           1  sensor.o(.data)
    c_TuiBuStatus                            0x40000173   Data           1  sensor.o(.data)
    m_bei_hall                               0x40000174   Data           1  sensor.o(.data)
    beibumapancount                          0x40000176   Data           2  sensor.o(.data)
    m_tui_hall                               0x40000178   Data           1  sensor.o(.data)
    tuibumapancount                          0x4000017a   Data           2  sensor.o(.data)
    m_zuofan_hall                            0x4000017c   Data           1  sensor.o(.data)
    zuofanmapancount                         0x4000017e   Data           2  sensor.o(.data)
    m_youfan_hall                            0x40000180   Data           1  sensor.o(.data)
    youfanmapancount                         0x40000182   Data           2  sensor.o(.data)
    m_beibu_max                              0x40000184   Data           2  sensor.o(.data)
    m_beibu_middle                           0x40000186   Data           2  sensor.o(.data)
    m_tuibu_max                              0x40000188   Data           2  sensor.o(.data)
    m_tuibu_middle                           0x4000018a   Data           2  sensor.o(.data)
    m_fanshen_max                            0x4000018c   Data           2  sensor.o(.data)
    m_wucha                                  0x4000018e   Data           2  sensor.o(.data)
    can1                                     0x400001a0   Data         132  can.o(.bss)
    rt_thread_priority_table                 0x400003a0   Data         256  scheduler.o(.bss)
    serial1                                  0x4000073c   Data         144  serial.o(.bss)
    finsh_heap                               0x400007cc   Data         128  finsh_heap.o(.bss)
    global_node_table                        0x4000084c   Data         320  finsh_node.o(.bss)
    global_variable                          0x4000098c   Data         192  finsh_var.o(.bss)
    finsh_vm_stack                           0x40000a4c   Data         256  finsh_vm.o(.bss)
    text_segment                             0x40000b4c   Data         128  finsh_vm.o(.bss)
    _shell                                   0x40001448   Data         684  shell.o(.bss)
    g_AD_sensor                              0x4000179c   Data          36  sensor.o(.bss)
    g_ZuobianqiSensor                        0x400017c0   Data          10  sensor.o(.bss)
    thread_action_stack                      0x40001824   Data        2048  application.o(.bss)
    thread_action                            0x40002024   Data         124  application.o(.bss)
    __initial_sp                             0x400021a0   Data         512  start_rvds.o(STACK)



==============================================================================

Memory Map of the image

  Image Entry point : 0x000001a4

  Load Region LR_IROM1 (Base: 0x00000000, Size: 0x00013e38, Max: 0x00020000, ABSOLUTE, COMPRESSED[0x00013d10])

    Execution Region ER_IROM1 (Exec base: 0x00000000, Load base: 0x00000000, Size: 0x00013c98, Max: 0x00020000, ABSOLUTE)

    Exec Addr    Load Addr    Size         Type   Attr      Idx    E Section Name        Object

    0x00000000   0x00000000   0x000001a4   Code   RO          719    RESET               start_rvds.o
    0x000001a4   0x000001a4   0x00000000   Code   RO         1195  * .ARM.Collect$$$$00000000  mc_t.l(entry.o)
    0x000001a4   0x000001a4   0x00000004   Code   RO         1244    .ARM.Collect$$$$00000001  mc_t.l(entry2.o)
    0x000001a8   0x000001a8   0x00000004   Code   RO         1246    .ARM.Collect$$$$00000004  mc_t.l(entry5.o)
    0x000001ac   0x000001ac   0x00000000   Code   RO         1248    .ARM.Collect$$$$00000008  mc_t.l(entry7b.o)
    0x000001ac   0x000001ac   0x00000000   Code   RO         1250    .ARM.Collect$$$$0000000A  mc_t.l(entry8b.o)
    0x000001ac   0x000001ac   0x0000000c   Code   RO         1251    .ARM.Collect$$$$0000000B  mc_t.l(entry9a.o)
    0x000001b8   0x000001b8   0x00000000   Code   RO         1253    .ARM.Collect$$$$0000000D  mc_t.l(entry10a.o)
    0x000001b8   0x000001b8   0x00000000   Code   RO         1255    .ARM.Collect$$$$0000000F  mc_t.l(entry11a.o)
    0x000001b8   0x000001b8   0x00000004   Code   RO         1245    .ARM.Collect$$$$00002712  mc_t.l(entry2.o)
    0x000001bc   0x000001bc   0x00000738   Code   RO            1    .text               can.o
    0x000008f4   0x000008f4   0x00000140   Code   RO           81    .text               canapp.o
    0x00000a34   0x00000a34   0x00000810   Code   RO          120    .text               canfunc.o
    0x00001244   0x00001244   0x00000150   Code   RO          173    .text               adc.o
    0x00001394   0x00001394   0x00000070   Code   RO          246    .text               clock.o
    0x00001404   0x00001404   0x00000358   Code   RO          266    .text               device.o
    0x0000175c   0x0000175c   0x00000064   Code   RO          306    .text               idle.o
    0x000017c0   0x000017c0   0x000008a8   Code   RO          320    .text               ipc.o
    0x00002068   0x00002068   0x00000064   Code   RO          382    .text               irq.o
    0x000020cc   0x000020cc   0x000009f0   Code   RO          398    .text               kservice.o
    0x00002abc   0x00002abc   0x000000e8   Code   RO          492    .text               object.o
    0x00002ba4   0x00002ba4   0x000003f0   Code   RO          510    .text               scheduler.o
    0x00002f94   0x00002f94   0x000003c0   Code   RO          537    .text               thread.o
    0x00003354   0x00003354   0x00000538   Code   RO          571    .text               timer.o
    0x0000388c   0x0000388c   0x0000012c   Code   RO          589    .text               board.o
    0x000039b8   0x000039b8   0x000000e4   Code   RO          607    .text               startup.o
    0x00003a9c   0x00003a9c   0x00000134   Code   RO          645    .text               interrupt.o
    0x00003bd0   0x00003bd0   0x000004b0   Code   RO          667    .text               serial.o
    0x00004080   0x00004080   0x000000e0   Code   RO          682    .text               stack.o
    0x00004160   0x00004160   0x00000024   Code   RO          694    .text               trap.o
    0x00004184   0x00004184   0x0000009c   Code   RO          712    .text               context_rvds.o
    0x00004220   0x00004220   0x00000a00   Code   RO          723    .text               cmd.o
    0x00004c20   0x00004c20   0x000030e0   Code   RO          747    .text               finsh_compiler.o
    0x00007d00   0x00007d00   0x00000048   Code   RO          784    .text               finsh_error.o
    0x00007d48   0x00007d48   0x000003f0   Code   RO          800    .text               finsh_heap.o
    0x00008138   0x00008138   0x00000060   Code   RO          816    .text               finsh_init.o
    0x00008198   0x00008198   0x000002dc   Code   RO          840    .text               finsh_node.o
    0x00008474   0x00008474   0x00001430   Code   RO          855    .text               finsh_ops.o
    0x000098a4   0x000098a4   0x00001160   Code   RO          873    .text               finsh_parser.o
    0x0000aa04   0x0000aa04   0x00000b68   Code   RO          888    .text               finsh_token.o
    0x0000b56c   0x0000b56c   0x000001dc   Code   RO          909    .text               finsh_var.o
    0x0000b748   0x0000b748   0x00000134   Code   RO          938    .text               finsh_vm.o
    0x0000b87c   0x0000b87c   0x0000094c   Code   RO          965    .text               shell.o
    0x0000c1c8   0x0000c1c8   0x00000e2c   Code   RO         1016    .text               cananalyzer.o
    0x0000cff4   0x0000cff4   0x000048b8   Code   RO         1069    .text               actionthread.o
    0x000118ac   0x000118ac   0x000014f4   Code   RO         1119    .text               sensor.o
    0x00012da0   0x00012da0   0x000000dc   Code   RO         1145    .text               application.o
    0x00012e7c   0x00012e7c   0x00000008   Ven    RO         1198    .text               mc_t.l(uidiv.o)
    0x00012e84   0x00012e84   0x0000002e   Code   RO         1198    .text               mc_t.l(uidiv.o)
    0x00012eb2   0x00012eb2   0x00000002   PAD
    0x00012eb4   0x00012eb4   0x00000008   Ven    RO         1200    .text               mc_t.l(idiv.o)
    0x00012ebc   0x00012ebc   0x0000002c   Code   RO         1200    .text               mc_t.l(idiv.o)
    0x00012ee8   0x00012ee8   0x00000008   Ven    RO         1202    .text               mc_t.l(ctype_o.o)
    0x00012ef0   0x00012ef0   0x00000008   Code   RO         1202    .text               mc_t.l(ctype_o.o)
    0x00012ef8   0x00012ef8   0x00000008   Ven    RO         1230    .text               mc_t.l(memcpya.o)
    0x00012f00   0x00012f00   0x00000024   Code   RO         1230    .text               mc_t.l(memcpya.o)
    0x00012f24   0x00012f24   0x00000008   Ven    RO         1232    .text               mc_t.l(memseta.o)
    0x00012f2c   0x00012f2c   0x0000002a   Code   RO         1232    .text               mc_t.l(memseta.o)
    0x00012f56   0x00012f56   0x00000002   PAD
    0x00012f58   0x00012f58   0x00000008   Ven    RO         1234    .text               mc_t.l(strncpy.o)
    0x00012f60   0x00012f60   0x0000001c   Code   RO         1234    .text               mc_t.l(strncpy.o)
    0x00012f7c   0x00012f7c   0x00000008   Ven    RO         1236    .text               mc_t.l(strlen.o)
    0x00012f84   0x00012f84   0x0000000e   Code   RO         1236    .text               mc_t.l(strlen.o)
    0x00012f92   0x00012f92   0x00000002   PAD
    0x00012f94   0x00012f94   0x00000008   Ven    RO         1238    .text               mc_t.l(strncmp.o)
    0x00012f9c   0x00012f9c   0x00000020   Code   RO         1238    .text               mc_t.l(strncmp.o)
    0x00012fbc   0x00012fbc   0x00000008   Ven    RO         1242    .text               mc_t.l(atoi.o)
    0x00012fc4   0x00012fc4   0x0000001e   Code   RO         1242    .text               mc_t.l(atoi.o)
    0x00012fe2   0x00012fe2   0x00000002   PAD
    0x00012fe4   0x00012fe4   0x00000074   Code   RO         1264    .text               mc_t.l(strtol.o)
    0x00013058   0x00013058   0x00000008   Ven    RO         1266    .text               mc_t.l(init.o)
    0x00013060   0x00013060   0x00000020   Code   RO         1266    .text               mc_t.l(init.o)
    0x00013080   0x00013080   0x000000ac   Code   RO         1270    .text               mc_t.l(_strtoul.o)
    0x0001312c   0x0001312c   0x0000001e   Code   RO         1272    .text               mc_t.l(_chval.o)
    0x0001314a   0x0001314a   0x00000002   PAD
    0x0001314c   0x0001314c   0x0000007c   Code   RO         1282    .text               mc_t.l(__dczerorl2.o)
    0x000131c8   0x000131c8   0x0000000c   Ven    RO         1294    Veneer$$Code        anon$$obj.o
    0x000131d4   0x000131d4   0x0000000c   Ven    RO         1295    Veneer$$Code        anon$$obj.o
    0x000131e0   0x000131e0   0x00000008   Ven    RO         1296    Veneer$$Code        anon$$obj.o
    0x000131e8   0x000131e8   0x00000002   Code   RO         1268    i.__ARM_common_call_via_r3  mc_t.l(init.o)
    0x000131ea   0x000131ea   0x00000002   PAD
    0x000131ec   0x000131ec   0x00000008   Code   RO         1257    i.__aeabi_errno_addr  mc_t.l(errno.o)
    0x000131f4   0x000131f4   0x0000001c   Code   RO         1276    i.__scatterload_copy  mc_t.l(handlers.o)
    0x00013210   0x00013210   0x00000004   Code   RO         1277    i.__scatterload_null  mc_t.l(handlers.o)
    0x00013214   0x00013214   0x00000018   Code   RO         1278    i.__scatterload_zeroinit  mc_t.l(handlers.o)
    0x0001322c   0x0001322c   0x0000000d   Data   RO            3    .constdata          can.o
    0x00013239   0x00013239   0x00000003   PAD
    0x0001323c   0x0001323c   0x00000050   Data   RO           82    .constdata          canapp.o
    0x0001328c   0x0001328c   0x00000022   Data   RO          410    .constdata          kservice.o
    0x000132ae   0x000132ae   0x00000100   Data   RO          512    .constdata          scheduler.o
    0x000133ae   0x000133ae   0x00000002   PAD
    0x000133b0   0x000133b0   0x00000160   Data   RO          724    .constdata          cmd.o
    0x00013510   0x00013510   0x000000c4   Data   RO          856    .constdata          finsh_ops.o
    0x000135d4   0x000135d4   0x00000040   Data   RO          890    .constdata          finsh_token.o
    0x00013614   0x00013614   0x00000062   Data   RO         1072    .constdata          actionthread.o
    0x00013676   0x00013676   0x000001d1   Data   RO         1121    .constdata          sensor.o
    0x00013847   0x00013847   0x00000081   Data   RO         1203    .constdata          mc_t.l(ctype_o.o)
    0x000138c8   0x000138c8   0x00000004   Data   RO         1204    .constdata          mc_t.l(ctype_o.o)
    0x000138cc   0x000138cc   0x0000010c   Data   RO          725    .conststring        cmd.o
    0x000139d8   0x000139d8   0x000000f3   Data   RO          785    .conststring        finsh_error.o
    0x00013acb   0x00013acb   0x00000001   PAD
    0x00013acc   0x00013acc   0x0000003e   Data   RO          891    .conststring        finsh_token.o
    0x00013b0a   0x00013b0a   0x00000002   PAD
    0x00013b0c   0x00013b0c   0x0000006c   Data   RO          727    FSymTab             cmd.o
    0x00013b78   0x00013b78   0x00000018   Data   RO         1074    FSymTab             actionthread.o
    0x00013b90   0x00013b90   0x00000078   Data   RO         1123    FSymTab             sensor.o
    0x00013c08   0x00013c08   0x00000020   Data   RO         1274    Region$$Table       anon$$obj.o
    0x00013c28   0x00013c28   0x00000010   Data   RO          728    VSymTab             cmd.o
    0x00013c38   0x00013c38   0x00000060   Data   RO         1124    VSymTab             sensor.o


    Execution Region RW_IRAM1 (Exec base: 0x40000000, Load base: 0x00013c98, Size: 0x000023a0, Max: 0x00004000, ABSOLUTE, COMPRESSED[0x00000078])

    Exec Addr    Load Addr    Size         Type   Attr      Idx    E Section Name        Object

    0x40000000   COMPRESSED   0x00000004   Data   RW            4    .data               can.o
    0x40000004   COMPRESSED   0x00000004   Data   RW          248    .data               clock.o
    0x40000008   COMPRESSED   0x00000001   Data   RW          383    .data               irq.o
    0x40000009   COMPRESSED   0x00000003   PAD
    0x4000000c   COMPRESSED   0x00000008   Data   RW          411    .data               kservice.o
    0x40000014   COMPRESSED   0x00000060   Data   RW          493    .data               object.o
    0x40000074   COMPRESSED   0x00000010   Data   RW          513    .data               scheduler.o
    0x40000084   COMPRESSED   0x00000012   Data   RW          573    .data               timer.o
    0x40000096   COMPRESSED   0x00000002   PAD
    0x40000098   COMPRESSED   0x0000000c   Data   RW          647    .data               interrupt.o
    0x400000a4   COMPRESSED   0x00000004   Data   RW          726    .data               cmd.o
    0x400000a8   COMPRESSED   0x00000008   Data   RW          748    .data               finsh_compiler.o
    0x400000b0   COMPRESSED   0x00000040   Data   RW          786    .data               finsh_error.o
    0x400000f0   COMPRESSED   0x00000008   Data   RW          802    .data               finsh_heap.o
    0x400000f8   COMPRESSED   0x00000004   Data   RW          912    .data               finsh_var.o
    0x400000fc   COMPRESSED   0x0000000c   Data   RW          940    .data               finsh_vm.o
    0x40000108   COMPRESSED   0x00000004   Data   RW          970    .data               shell.o
    0x4000010c   COMPRESSED   0x00000010   Data   RW         1003    .data               symbol.o
    0x4000011c   COMPRESSED   0x00000005   Data   RW         1018    .data               cananalyzer.o
    0x40000121   COMPRESSED   0x00000003   PAD
    0x40000124   COMPRESSED   0x00000021   Data   RW         1073    .data               actionthread.o
    0x40000145   COMPRESSED   0x00000003   PAD
    0x40000148   COMPRESSED   0x00000051   Data   RW         1122    .data               sensor.o
    0x40000199   COMPRESSED   0x00000003   PAD
    0x4000019c   COMPRESSED   0x00000004   Data   RW         1260    .data               mc_t.l(errno.o)
    0x400001a0        -       0x00000084   Zero   RW            2    .bss                can.o
    0x40000224        -       0x000000fc   Zero   RW          307    .bss                idle.o
    0x40000320        -       0x00000080   Zero   RW          409    .bss                kservice.o
    0x400003a0        -       0x00000100   Zero   RW          511    .bss                scheduler.o
    0x400004a0        -       0x0000029c   Zero   RW          572    .bss                timer.o
    0x4000073c        -       0x00000090   Zero   RW          668    .bss                serial.o
    0x400007cc        -       0x00000080   Zero   RW          801    .bss                finsh_heap.o
    0x4000084c        -       0x00000140   Zero   RW          841    .bss                finsh_node.o
    0x4000098c        -       0x000000c0   Zero   RW          911    .bss                finsh_var.o
    0x40000a4c        -       0x00000180   Zero   RW          939    .bss                finsh_vm.o
    0x40000bcc        -       0x00000b28   Zero   RW          969    .bss                shell.o
    0x400016f4        -       0x0000002c   Zero   RW         1017    .bss                cananalyzer.o
    0x40001720        -       0x0000007c   Zero   RW         1071    .bss                actionthread.o
    0x4000179c        -       0x00000088   Zero   RW         1120    .bss                sensor.o
    0x40001824        -       0x0000087c   Zero   RW         1146    .bss                application.o
    0x400020a0        -       0x00000300   Zero   RW          717    STACK               start_rvds.o


==============================================================================

Image component sizes


      Code (inc. data)   RO Data    RW Data    ZI Data      Debug   Object Name

     18616       1768        122         33        124      18310   actionthread.o
       336          8          0          0          0       1045   adc.o
       220        120          0          0       2172       1402   application.o
       300         12          0          0          0       1151   board.o
      1848        160         13          4        132      27345   can.o
      3628         60          0          5         44       9815   cananalyzer.o
       320          4         80          0          0      10272   canapp.o
      2064         32          0          0          0      16098   canfunc.o
       112          4          0          4          0       1371   clock.o
      2560        784        744          4          0      10949   cmd.o
       156         12          0          0          0        688   context_rvds.o
       856         60          0          0          0       4165   device.o
     12512         20          0          8          0      10818   finsh_compiler.o
        72          8        243         64          0       1661   finsh_error.o
      1008         16          0          8        128       3575   finsh_heap.o
        96          4          0          0          0       1428   finsh_init.o
       732          4          0          0        320       3652   finsh_node.o
      5168          8        196          0          0       9144   finsh_ops.o
      4448          0          0          0          0      10513   finsh_parser.o
      2920          4        126          0          0       6094   finsh_token.o
       476         16          0          4        192       6544   finsh_var.o
       308         32          0         12        384       6485   finsh_vm.o
       100         20          0          0        252       1258   idle.o
       308         56          0         12          0       2343   interrupt.o
      2216          0          0          0          0       7280   ipc.o
       100          4          0          1          0       1252   irq.o
      2544        160         34          8        128       6285   kservice.o
       232          4          0         96          0       2976   object.o
      1008         28        256         16        256       4185   scheduler.o
      5364       1008        681         81        136      11740   sensor.o
      1200         56          0          0        144       4678   serial.o
      2380        192          0          4       2856       5330   shell.o
       224          0          0          0          0       1187   stack.o
       420         60          0          0        768        576   start_rvds.o
       228         20          0          0          0        680   startup.o
         0          0          0         16          0       3933   symbol.o
       960         12          0          0          0       5340   thread.o
      1336         36          0         18        668       5518   timer.o
        36          0          0          0          0        537   trap.o

    ----------------------------------------------------------------------
     77444       4800       2535        412       8704     227623   Object Totals
        32          8         32          0          0          0   (incl. Generated)
         0          0          8         14          0          0   (incl. Padding)

    ----------------------------------------------------------------------

      Code (inc. data)   RO Data    RW Data    ZI Data      Debug   Library Member Name

       124          0          0          0          0          0   __dczerorl2.o
        30          0          0          0          0         60   _chval.o
       172          0          0          0          0         96   _strtoul.o
        38          0          0          0          0         84   atoi.o
        16          4        133          0          0         60   ctype_o.o
         0          0          0          0          0          0   entry.o
         0          0          0          0          0          0   entry10a.o
         0          0          0          0          0          0   entry11a.o
         8          4          0          0          0          0   entry2.o
         4          0          0          0          0          0   entry5.o
         0          0          0          0          0          0   entry7b.o
         0          0          0          0          0          0   entry8b.o
        12          4          0          0          0          0   entry9a.o
         8          4          0          4          0         60   errno.o
        56          0          0          0          0          0   handlers.o
        52          0          0          0          0         84   idiv.o
        42          8          0          0          0        136   init.o
        44          0          0          0          0         60   memcpya.o
        50          0          0          0          0        112   memseta.o
        22          0          0          0          0         60   strlen.o
        40          0          0          0          0         72   strncmp.o
        36          0          0          0          0         72   strncpy.o
       116          4          0          0          0         92   strtol.o
        54          0          0          0          0         72   uidiv.o

    ----------------------------------------------------------------------
       936         28        133          4          0       1120   Library Totals
        12          0          0          0          0          0   (incl. Padding)

    ----------------------------------------------------------------------

      Code (inc. data)   RO Data    RW Data    ZI Data      Debug   Library Name

       924         28        133          4          0       1120   mc_t.l

    ----------------------------------------------------------------------
       936         28        133          4          0       1120   Library Totals

    ----------------------------------------------------------------------

==============================================================================


      Code (inc. data)   RO Data    RW Data    ZI Data      Debug   

     78380       4828       2668        416       8704     225771   Grand Totals
     78380       4828       2668        120       8704     225771   ELF Image Totals (compressed)
     78380       4828       2668        120          0          0   ROM Totals

==============================================================================

    Total RO  Size (Code + RO Data)                81048 (  79.15kB)
    Total RW  Size (RW Data + ZI Data)              9120 (   8.91kB)
    Total ROM Size (Code + RO Data + RW Data)      81168 (  79.27kB)

==============================================================================

