Component: ARM Compiler 5.06 update 6 (build 750) Tool: armlink [4d35ed]

==============================================================================

Section Cross References

    can.o(.text) refers to device.o(.text) for rt_device_set_rx_indicate
    can.o(.text) refers to memcpya.o(.text) for __aeabi_memcpy
    can.o(.text) refers to canfunc.o(.text) for HwEnCAN
    can.o(.text) refers to context_rvds.o(.text) for rt_hw_interrupt_disable
    can.o(.text) refers to interrupt.o(.text) for rt_hw_interrupt_umask
    can.o(.text) refers to canapp.o(.text) for CANSendData
    can.o(.text) refers to uidiv.o(.text) for __aeabi_uidivmod
    can.o(.text) refers to kservice.o(.text) for rt_kprintf
    can.o(.text) refers to can.o(.bss) for can1
    can.o(.text) refers to canapp.o(.constdata) for USE_EWL_CAN
    can.o(.text) refers to can.o(.data) for e
    canapp.o(.text) refers to canfunc.o(.text) for WriteCanTxBuf
    canapp.o(.text) refers to canapp.o(.constdata) for USE_TPM_CAN
    key.o(.text) refers to common.o(.text) for DelayXus
    key.o(.text) refers to kservice.o(.text) for rt_kprintf
    key.o(.text) refers to lcm.o(.text) for SetBackLight
    key.o(.text) refers to thread.o(.text) for rt_thread_delay
    key.o(.text) refers to guicore.o(.text) for GuiEventHandle
    key.o(.text) refers to key.o(.constdata) for C_adwHangList
    key.o(.text) refers to key.o(.data) for m_dwLastKeyCode
    lcm.o(.text) refers to common.o(.text) for DelayXms
    lcm.o(.text) refers to printfa.o(i.__0vsprintf) for __c89vsprintf
    lcm.o(.text) refers to lcm.o(.data) for X_Witch
    lcm.o(.text) refers to lcm.o(.text) for PutChar
    lcm.o(.text) refers to lcm.o(.data) for X_Witch
    lcm.o(.text) refers to lcm.o(.text) for SPI_SSSet
    lcm.o(.text) refers to lcm.o(.text) for SPI_SSSet
    lcm.o(.text) refers to lcm.o(.text) for SPI_SSSet
    lcm.o(.text) refers to lcm.o(.text) for SPI_SSSet
    lcm.o(.text) refers to common.o(.text) for DelayXms
    lcm.o(.text) refers to lcm.o(.text) for SPI_SSSet
    lcm.o(.text) refers to lcm.o(.text) for SPI_SSSet
    rtc.o(.text) refers to ds1302.o(.text) for Ds1302GetTime
    rtc.o(.text) refers to rtc.o(.bss) for g_sNow
    ds1302.o(.text) refers to idiv.o(.text) for __aeabi_idivmod
    ds1302.o(.text) refers to uidiv.o(.text) for __aeabi_uidivmod
    ds1302.o(.text) refers to kservice.o(.text) for rt_kprintf
    iap.o(.text) refers to iap.o(.bss) for paramin
    iap.o(.text) refers to iap.o(.bss) for paramin
    iap.o(.text) refers to iap.o(.bss) for paramin
    iap.o(.text) refers to iap.o(.bss) for paramin
    iap.o(.text) refers to iap.o(.bss) for paramin
    clock.o(.text) refers to thread.o(.text) for rt_thread_self
    clock.o(.text) refers to timer.o(.text) for rt_timer_check
    clock.o(.text) refers to clock.o(.data) for rt_tick
    clock.o(.text) refers to uidiv.o(.text) for __aeabi_uidivmod
    device.o(.text) refers to object.o(.text) for rt_object_init
    device.o(.text) refers to kservice.o(.text) for rt_kprintf
    device.o(.text) refers to thread.o(.text) for rt_thread_self
    device.o(.text) refers to scheduler.o(.text) for rt_enter_critical
    device.o(.text) refers to object.o(.data) for rt_object_container
    device.o(.text) refers to object.o(.text) for rt_object_detach
    device.o(.text) refers to kservice.o(.text) for rt_kprintf
    idle.o(.text) refers to thread.o(.text) for rt_thread_init
    idle.o(.text) refers to idle.o(.bss) for rt_thread_stack
    ipc.o(.text) refers to thread.o(.text) for rt_thread_suspend
    ipc.o(.text) refers to object.o(.text) for rt_object_init
    ipc.o(.text) refers to context_rvds.o(.text) for rt_hw_interrupt_disable
    ipc.o(.text) refers to timer.o(.text) for rt_timer_control
    ipc.o(.text) refers to scheduler.o(.text) for rt_schedule
    ipc.o(.text) refers to context_rvds.o(.text) for rt_hw_interrupt_disable
    ipc.o(.text) refers to thread.o(.text) for rt_thread_resume
    ipc.o(.text) refers to ipc.o(.text) for rt_list_isempty
    ipc.o(.text) refers to ipc.o(.text) for rt_ipc_list_resume_all
    ipc.o(.text) refers to object.o(.text) for rt_object_detach
    ipc.o(.text) refers to ipc.o(.text) for rt_sem_take
    ipc.o(.text) refers to object.o(.text) for rt_object_init
    ipc.o(.text) refers to ipc.o(.text) for rt_ipc_object_init
    ipc.o(.text) refers to ipc.o(.text) for rt_ipc_list_resume_all
    ipc.o(.text) refers to object.o(.text) for rt_object_detach
    ipc.o(.text) refers to context_rvds.o(.text) for rt_hw_interrupt_disable
    ipc.o(.text) refers to thread.o(.text) for rt_thread_self
    ipc.o(.text) refers to ipc.o(.text) for rt_ipc_list_suspend
    ipc.o(.text) refers to clock.o(.text) for rt_tick_get
    ipc.o(.text) refers to timer.o(.text) for rt_timer_control
    ipc.o(.text) refers to scheduler.o(.text) for rt_schedule
    ipc.o(.text) refers to ipc.o(.text) for rt_mb_send_wait
[...]
    i._printf_pre_padding                    0x0001393c   Section        0  printf6.o(i._printf_pre_padding)
    _printf_pre_padding                      0x0001393d   Thumb Code    50  printf6.o(i._printf_pre_padding)
    i._printf_pre_padding                    0x0001396e   Section        0  printfa.o(i._printf_pre_padding)
    _printf_pre_padding                      0x0001396f   Thumb Code    50  printfa.o(i._printf_pre_padding)
    i._sputc                                 0x000139a0   Section        0  printf6.o(i._sputc)
    _sputc                                   0x000139a1   Thumb Code    10  printf6.o(i._sputc)
    i._sputc                                 0x000139aa   Section        0  printfa.o(i._sputc)
    _sputc                                   0x000139ab   Thumb Code    10  printfa.o(i._sputc)
    .constdata                               0x000139b4   Section       80  canapp.o(.constdata)
    .constdata                               0x00013a04   Section      200  key.o(.constdata)
    C_adwKeyMapping                          0x00013a2c   Data         160  key.o(.constdata)
    .constdata                               0x00013acc   Section       34  kservice.o(.constdata)
    small_digits                             0x00013acc   Data          17  kservice.o(.constdata)
    large_digits                             0x00013add   Data          17  kservice.o(.constdata)
    .constdata                               0x00013aee   Section      256  scheduler.o(.constdata)
    .constdata                               0x00013bf0   Section      320  cmd.o(.constdata)
    .constdata                               0x00013d30   Section      196  finsh_ops.o(.constdata)
    .constdata                               0x00013df4   Section       64  finsh_token.o(.constdata)
    finsh_name_table                         0x00013df4   Data          64  finsh_token.o(.constdata)
    .constdata                               0x00013e34   Section       32  application.o(.constdata)
    .constdata                               0x00013e54   Section      260  cananalyzer.o(.constdata)
    m_aKeyActionMap                          0x00013e54   Data         168  cananalyzer.o(.constdata)
    .constdata                               0x00013f58   Section       48  formmain.o(.constdata)
    fmMain                                   0x00013f58   Data          28  formmain.o(.constdata)
    .constdata                               0x00013f88   Section      108  formmenu.o(.constdata)
    fmMenu                                   0x00013f88   Data          28  formmenu.o(.constdata)
    .constdata                               0x00013ff4   Section       48  forminfo.o(.constdata)
    fmInfo                                   0x00013ff4   Data          28  forminfo.o(.constdata)
    .constdata                               0x00014024   Section       48  formsmsalarm.o(.constdata)
    fmSmsAlarm                               0x00014024   Data          28  formsmsalarm.o(.constdata)
    .constdata                               0x00014054   Section       48  formsmsno.o(.constdata)
    fmSmsNo                                  0x00014054   Data          28  formsmsno.o(.constdata)
    .constdata                               0x00014084   Section       48  formtime.o(.constdata)
    fmTime                                   0x00014084   Data          28  formtime.o(.constdata)
    .constdata                               0x000140b4   Section       48  formtemperature.o(.constdata)
    fmTemperature                            0x000140b4   Data          28  formtemperature.o(.constdata)
    .constdata                               0x000140e4   Section      129  ctype_o.o(.constdata)
    .constdata                               0x00014168   Section        4  ctype_o.o(.constdata)
    table                                    0x00014168   Data           4  ctype_o.o(.constdata)
    .conststring                             0x0001416c   Section      268  cmd.o(.conststring)
    .conststring                             0x00014278   Section      243  finsh_error.o(.conststring)
    .conststring                             0x0001436c   Section       62  finsh_token.o(.conststring)
    .conststring                             0x000143ac   Section      112  cananalyzer.o(.conststring)
    .conststring                             0x0001441c   Section       67  formmenu.o(.conststring)
    .conststring                             0x00014460   Section       45  formsmsalarm.o(.conststring)
    FSymTab                                  0x00014490   Section       96  cmd.o(FSymTab)
    FSymTab                                  0x000144f0   Section       12  application.o(FSymTab)
    FSymTab                                  0x000144fc   Section       24  cananalyzer.o(FSymTab)
    VSymTab                                  0x00014534   Section       16  cmd.o(VSymTab)
    .data                                    0x40000000   Section        4  can.o(.data)
    e                                        0x40000000   Data           4  can.o(.data)
    .data                                    0x40000004   Section       12  key.o(.data)
    m_dwLastKeyCode                          0x40000004   Data           4  key.o(.data)
    m_flgKeyDown                             0x40000008   Data           4  key.o(.data)
    .data                                    0x40000010   Section        5  lcm.o(.data)
    .data                                    0x40000018   Section        4  clock.o(.data)
    rt_tick                                  0x40000018   Data           4  clock.o(.data)
    .data                                    0x4000001c   Section        1  irq.o(.data)
    .data                                    0x40000020   Section        8  kservice.o(.data)
    _console_device                          0x40000024   Data           4  kservice.o(.data)
    .data                                    0x40000028   Section       80  object.o(.data)
    .data                                    0x40000078   Section       16  scheduler.o(.data)
    rt_scheduler_lock_nest                   0x40000078   Data           2  scheduler.o(.data)
    .data                                    0x40000088   Section       18  timer.o(.data)
    rt_timer_list                            0x40000088   Data           8  timer.o(.data)
    rt_soft_timer_list                       0x40000090   Data           8  timer.o(.data)
    timer_ex_cnt                             0x40000098   Data           2  timer.o(.data)
    .data                                    0x4000009c   Section       12  interrupt.o(.data)
    .data                                    0x400000a8   Section        4  cmd.o(.data)
    dummy                                    0x400000a8   Data           4  cmd.o(.data)
    .data                                    0x400000ac   Section        8  finsh_compiler.o(.data)
    .data                                    0x400000b4   Section       64  finsh_error.o(.data)
    finsh_error_string_table                 0x400000b8   Data          60  finsh_error.o(.data)
    .data                                    0x400000f4   Section        8  finsh_heap.o(.data)
    free_list                                0x400000f4   Data           4  finsh_heap.o(.data)
    allocate_list                            0x400000f8   Data           4  finsh_heap.o(.data)
    .data                                    0x400000fc   Section        4  finsh_var.o(.data)
    .data                                    0x40000100   Section       12  finsh_vm.o(.data)
    .data                                    0x4000010c   Section        4  shell.o(.data)
    .data                                    0x40000110   Section       16  symbol.o(.data)
    .data                                    0x40000120   Section       15  cananalyzer.o(.data)
    cansend_count                            0x4000012c   Data           1  cananalyzer.o(.data)
    count                                    0x4000012d   Data           1  cananalyzer.o(.data)
    init                                     0x4000012e   Data           1  cananalyzer.o(.data)
    .data                                    0x4000012f   Section       10  globalsetting.o(.data)
    .data                                    0x4000013c   Section       36  guicore.o(.data)
    m_psRootFrom                             0x40000140   Data           4  guicore.o(.data)
    m_cbDefaultEvent                         0x40000144   Data           4  guicore.o(.data)
    m_dwMessageCounter                       0x40000148   Data           4  guicore.o(.data)
    m_psFormPop                              0x4000014c   Data           4  guicore.o(.data)
    m_psFormList                             0x40000150   Data           4  guicore.o(.data)
    m_psFormNode                             0x40000154   Data           4  guicore.o(.data)
    m_dwRepeatFormCounter                    0x40000158   Data           4  guicore.o(.data)
    m_dwFormCounter                          0x4000015c   Data           4  guicore.o(.data)
    .data                                    0x40000160   Section        3  formmain.o(.data)
    m_flgWuWu                                0x40000160   Data           2  formmain.o(.data)
    last                                     0x40000162   Data           1  formmain.o(.data)
    .data                                    0x40000163   Section        1  formmenu.o(.data)
    m_bIndex                                 0x40000163   Data           1  formmenu.o(.data)
    .data                                    0x40000164   Section       15  forminfo.o(.data)
    m_dwWuWuShuiWei                          0x40000164   Data           4  forminfo.o(.data)
    m_cReShuiWen                             0x40000168   Data           1  forminfo.o(.data)
    m_cLengShuiWen                           0x40000169   Data           1  forminfo.o(.data)
    m_cNuanFengWenDu                         0x4000016c   Data           4  forminfo.o(.data)
    m_bPage                                  0x40000170   Data           1  forminfo.o(.data)
    bianmen                                  0x40000171   Data           1  forminfo.o(.data)
    bianmen                                  0x40000172   Data           1  forminfo.o(.data)
    .data                                    0x40000174   Section       21  formsmsalarm.o(.data)
    m_flgEdit                                0x40000174   Data           4  formsmsalarm.o(.data)
    C_aTitle                                 0x40000178   Data          16  formsmsalarm.o(.data)
    m_bIndex                                 0x40000188   Data           1  formsmsalarm.o(.data)
    .data                                    0x4000018c   Section        5  formsmsno.o(.data)
    m_flgEdit                                0x4000018c   Data           4  formsmsno.o(.data)
    m_bIndex                                 0x40000190   Data           1  formsmsno.o(.data)
    .data                                    0x40000194   Section        5  formtime.o(.data)
    m_flgEdit                                0x40000194   Data           4  formtime.o(.data)
    m_bIndex                                 0x40000198   Data           1  formtime.o(.data)
    .data                                    0x4000019c   Section        6  formtemperature.o(.data)
    m_flgEdit                                0x4000019c   Data           4  formtemperature.o(.data)
    m_bTemperature                           0x400001a0   Data           1  formtemperature.o(.data)
    m_bIndex                                 0x400001a1   Data           1  formtemperature.o(.data)
    .data                                    0x400001a4   Section        4  errno.o(.data)
    _errno                                   0x400001a4   Data           4  errno.o(.data)
    .bss                                     0x400001a8   Section      132  can.o(.bss)
    .bss                                     0x4000022c   Section       12  rtc.o(.bss)
    .bss                                     0x40000238   Section       24  iap.o(.bss)
    paramin                                  0x40000238   Data          24  iap.o(.bss)
    .bss                                     0x40000250   Section      244  idle.o(.bss)
    idle                                     0x40000250   Data         116  idle.o(.bss)
    rt_thread_stack                          0x400002c4   Data         128  idle.o(.bss)
    .bss                                     0x40000344   Section      128  kservice.o(.bss)
    rt_log_buf                               0x40000344   Data         128  kservice.o(.bss)
    .bss                                     0x400003c4   Section      256  scheduler.o(.bss)
    .bss                                     0x400004c4   Section      660  timer.o(.bss)
    timer_thread                             0x400004c4   Data         116  timer.o(.bss)
    timer_thread_stack                       0x40000538   Data         512  timer.o(.bss)
    timer_sem                                0x40000738   Data          32  timer.o(.bss)
    .bss                                     0x40000758   Section      144  serial.o(.bss)
    .bss                                     0x400007e8   Section      128  finsh_heap.o(.bss)
    .bss                                     0x40000868   Section      320  finsh_node.o(.bss)
    .bss                                     0x400009a8   Section      192  finsh_var.o(.bss)
    .bss                                     0x40000a68   Section      384  finsh_vm.o(.bss)
    .bss                                     0x40000be8   Section     2848  shell.o(.bss)
    finsh_thread                             0x40000be8   Data         116  shell.o(.bss)
    finsh_thread_stack                       0x40000c5c   Data        2048  shell.o(.bss)
    .bss                                     0x40001708   Section      716  application.o(.bss)
    m_guiThread                              0x40001760   Data         116  application.o(.bss)
    m_guiStack                               0x400017d4   Data         512  application.o(.bss)
    .bss                                     0x400019d4   Section      144  cananalyzer.o(.bss)
    timer10                                  0x400019e0   Data          44  cananalyzer.o(.bss)
    LED_timer                                0x40001a0c   Data          44  cananalyzer.o(.bss)
    t                                        0x40001a38   Data          44  cananalyzer.o(.bss)
    .bss                                     0x40001a64   Section      544  globalsetting.o(.bss)
    buf                                      0x40001a84   Data         512  globalsetting.o(.bss)
    .bss                                     0x40001c84   Section       16  formsmsalarm.o(.bss)
    m_aflgSetting                            0x40001c84   Data          16  formsmsalarm.o(.bss)
    .bss                                     0x40001c94   Section       16  formsmsno.o(.bss)
    m_acNo                                   0x40001c94   Data          16  formsmsno.o(.bss)
    .bss                                     0x40001ca4   Section       12  formtime.o(.bss)
    m_sTime                                  0x40001ca4   Data          12  formtime.o(.bss)
    STACK                                    0x40001cb0   Section      768  start_rvds.o(STACK)
    Stack_Top                                0x40001fb0   Data           0  start_rvds.o(STACK)

    Global Symbols

    Symbol Name                              Value     Ov Type        Size  Object(Section)

    BuildAttributes$$THM_ISAv1$ARM_ISAv4$S$PE$A:L22$X:L11$S22$IEEE1$IW$USESV6$~STKCKD$USESV7$~SHL$OSPACE$ROPI$EBA8$MICROLIB$REQ8$PRES8$EABIv2 0x00000000   Number         0  anon$$obj.o ABSOLUTE
    __ARM_use_no_argv                        0x00000000   Number         0  startup.o ABSOLUTE
    _printf_a                                0x00000000   Number         0  stubs.o ABSOLUTE
    _printf_c                                0x00000000   Number         0  stubs.o ABSOLUTE
    _printf_charcount                        0x00000000   Number         0  stubs.o ABSOLUTE
    _printf_d                                0x00000000   Number         0  stubs.o ABSOLUTE
    _printf_e                                0x00000000   Number         0  stubs.o ABSOLUTE
    _printf_f                                0x00000000   Number         0  stubs.o ABSOLUTE
    _printf_flags                            0x00000000   Number         0  stubs.o ABSOLUTE
    _printf_fp_dec                           0x00000000   Number         0  stubs.o ABSOLUTE
    _printf_fp_hex                           0x00000000   Number         0  stubs.o ABSOLUTE
    _printf_g                                0x00000000   Number         0  stubs.o ABSOLUTE
    _printf_i                                0x00000000   Number         0  stubs.o ABSOLUTE
    _printf_int_dec                          0x00000000   Number         0  stubs.o ABSOLUTE
    _printf_l                                0x00000000   Number         0  stubs.o ABSOLUTE
    _printf_lc                               0x00000000   Number         0  stubs.o ABSOLUTE
    _printf_ll                               0x00000000   Number         0  stubs.o ABSOLUTE
    _printf_lld                              0x00000000   Number         0  stubs.o ABSOLUTE
    _printf_lli                              0x00000000   Number         0  stubs.o ABSOLUTE
    _printf_llo                              0x00000000   Number         0  stubs.o ABSOLUTE
    _printf_llu                              0x00000000   Number         0  stubs.o ABSOLUTE
    _printf_llx                              0x00000000   Number         0  stubs.o ABSOLUTE
    _printf_longlong_dec                     0x00000000   Number         0  stubs.o ABSOLUTE
    _printf_longlong_hex                     0x00000000   Number         0  stubs.o ABSOLUTE
    _printf_longlong_oct                     0x00000000   Number         0  stubs.o ABSOLUTE
    _printf_ls                               0x00000000   Number         0  stubs.o ABSOLUTE
    _printf_mbtowc                           0x00000000   Number         0  stubs.o ABSOLUTE
    _printf_n                                0x00000000   Number         0  stubs.o ABSOLUTE
    _printf_o                                0x00000000   Number         0  stubs.o ABSOLUTE
    _printf_p                                0x00000000   Number         0  stubs.o ABSOLUTE
    _printf_percent                          0x00000000   Number         0  stubs.o ABSOLUTE
    _printf_pre_padding                      0x00000000   Number         0  stubs.o ABSOLUTE
    _printf_return_value                     0x00000000   Number         0  stubs.o ABSOLUTE
    _printf_s                                0x00000000   Number         0  stubs.o ABSOLUTE
    _printf_sizespec                         0x00000000   Number         0  stubs.o ABSOLUTE
    _printf_str                              0x00000000   Number         0  stubs.o ABSOLUTE
    _printf_truncate_signed                  0x00000000   Number         0  stubs.o ABSOLUTE
    _printf_truncate_unsigned                0x00000000   Number         0  stubs.o ABSOLUTE
    _printf_u                                0x00000000   Number         0  stubs.o ABSOLUTE
    _printf_wc                               0x00000000   Number         0  stubs.o ABSOLUTE
    _printf_wctomb                           0x00000000   Number         0  stubs.o ABSOLUTE
    _printf_widthprec                        0x00000000   Number         0  stubs.o ABSOLUTE
    _printf_x                                0x00000000   Number         0  stubs.o ABSOLUTE
    __cpp_initialize__aeabi_                  - Undefined Weak Reference
    __cxa_finalize                            - Undefined Weak Reference
    _clock_init                               - Undefined Weak Reference
    _microlib_exit                            - Undefined Weak Reference
    Reset_Handler                            0x00000054   ARM Code       0  start_rvds.o(RESET)
    IRQ_Handler                              0x000000ec   ARM Code      40  start_rvds.o(RESET)
    rt_hw_context_switch_interrupt_do        0x00000114   ARM Code     116  start_rvds.o(RESET)
    __main                                   0x000001a4   ARM Code       0  entry.o(.ARM.Collect$$$$00000000)
    _main_stk                                0x000001a4   ARM Code       0  entry2.o(.ARM.Collect$$$$00000001)
    _main_scatterload                        0x000001a8   ARM Code       0  entry5.o(.ARM.Collect$$$$00000004)
    __main_after_scatterload                 0x000001ac   ARM Code       0  entry5.o(.ARM.Collect$$$$00000004)
    _main_clock                              0x000001ac   ARM Code       0  entry7b.o(.ARM.Collect$$$$00000008)
    _main_cpp_init                           0x000001ac   ARM Code       0  entry8b.o(.ARM.Collect$$$$0000000A)
    _main_init                               0x000001ac   ARM Code       0  entry9a.o(.ARM.Collect$$$$0000000B)
    __rt_final_cpp                           0x000001b8   ARM Code       0  entry10a.o(.ARM.Collect$$$$0000000D)
    __rt_final_exit                          0x000001b8   ARM Code       0  entry11a.o(.ARM.Collect$$$$0000000F)
    CanOpen                                  0x000001bc   ARM Code      52  can.o(.text)
    CanWrite                                 0x000001f0   ARM Code     116  can.o(.text)
    CanRead                                  0x00000264   ARM Code      56  can.o(.text)
    rt_hw_can_rx_isr                         0x000002f4   ARM Code     504  can.o(.text)
    rt_hw_can_init                           0x000007b4   ARM Code     156  can.o(.text)
    CANSendData                              0x000008e0   ARM Code     316  canapp.o(.text)
    HwEnCAN                                  0x00000a20   ARM Code     260  canfunc.o(.text)
    SoftRstCAN                               0x00000b24   ARM Code      68  canfunc.o(.text)
    SoftEnCAN                                0x00000b68   ARM Code      64  canfunc.o(.text)
    CanSendCmd                               0x00000ba8   ARM Code     976  canfunc.o(.text)
    WriteCanTxBuf                            0x00000f78   ARM Code     492  canfunc.o(.text)
    CanQuitSM                                0x00001164   ARM Code     172  canfunc.o(.text)
    KeyInit                                  0x00001230   ARM Code      40  key.o(.text)
    GetKeyCode                               0x000013b8   ARM Code     132  key.o(.text)
    Key2Msg                                  0x0000143c   ARM Code      64  key.o(.text)
    KeyTick                                  0x0000147c   ARM Code     276  key.o(.text)
    LCM_Init                                 0x000015fc   ARM Code      88  lcm.o(.text)
    SPI_SSSet                                0x00001654   ARM Code      68  lcm.o(.text)
    SPI_Send                                 0x00001698   ARM Code     116  lcm.o(.text)
    FontSet                                  0x0000170c   ARM Code     124  lcm.o(.text)
    FontMode                                 0x00001788   ARM Code      64  lcm.o(.text)
    FontSet_cn                               0x000017c8   ARM Code     116  lcm.o(.text)
    PutChar                                  0x0000183c   ARM Code      72  lcm.o(.text)
    PutChar_cn                               0x00001884   ARM Code      80  lcm.o(.text)
    PutString_cn                             0x000018d4   ARM Code     252  lcm.o(.text)
    SetPaintMode                             0x000019d0   ARM Code      64  lcm.o(.text)
    Rectangle                                0x00001a10   ARM Code     108  lcm.o(.text)
    ClrScreen                                0x00001a7c   ARM Code      36  lcm.o(.text)
    SetBackLight                             0x00001aa0   ARM Code      48  lcm.o(.text)
    LcmPrintString                           0x00001ad0   ARM Code     104  lcm.o(.text)
    LcmCenterString                          0x00001b38   ARM Code      92  lcm.o(.text)
    LcmClearRectangle                        0x00001b94   ARM Code      96  lcm.o(.text)
    GetTime                                  0x00001c10   ARM Code      20  rtc.o(.text)
    SetTime                                  0x00001c24   ARM Code      20  rtc.o(.text)
    Ds1302Init                               0x00001c3c   ARM Code      88  ds1302.o(.text)
    Ds1302WriteRam                           0x00001e7c   ARM Code      88  ds1302.o(.text)
    Ds1302ReadRam                            0x00001ed4   ARM Code      64  ds1302.o(.text)
    Ds1302SetTime                            0x00001f14   ARM Code     600  ds1302.o(.text)
    Ds1302GetTime                            0x0000216c   ARM Code     548  ds1302.o(.text)
    SelSector                                0x00002390   ARM Code      68  iap.o(.text)
    RamToFlash                               0x000023d4   ARM Code      84  iap.o(.text)
    EraseSector                              0x00002428   ARM Code      76  iap.o(.text)
    rt_system_tick_init                      0x0000247c   ARM Code      16  clock.o(.text)
    rt_tick_get                              0x0000248c   ARM Code      12  clock.o(.text)
    rt_tick_increase                         0x00002498   ARM Code      80  clock.o(.text)
    rt_device_register                       0x000024ec   ARM Code      64  device.o(.text)
    rt_device_init_all                       0x0000252c   ARM Code     132  device.o(.text)
    rt_device_find                           0x000025b0   ARM Code     132  device.o(.text)
    rt_device_open                           0x00002634   ARM Code     212  device.o(.text)
    rt_device_close                          0x00002708   ARM Code     140  device.o(.text)
    rt_device_read                           0x00002794   ARM Code      80  device.o(.text)
    rt_device_write                          0x000027e4   ARM Code      80  device.o(.text)
    rt_device_set_rx_indicate                0x00002834   ARM Code      16  device.o(.text)
    rt_thread_idle_init                      0x0000284c   ARM Code      72  idle.o(.text)
    rt_sem_init                              0x0000296c   ARM Code      64  ipc.o(.text)
    rt_sem_take                              0x000029ac   ARM Code     192  ipc.o(.text)
    rt_sem_release                           0x00002a6c   ARM Code     100  ipc.o(.text)
    rt_interrupt_enter                       0x00002b3c   ARM Code      48  irq.o(.text)
    rt_interrupt_leave                       0x00002b6c   ARM Code      48  irq.o(.text)
    rt_set_errno                             0x00002ba0   ARM Code      52  kservice.o(.text)
    rt_memset                                0x00002bd4   ARM Code     132  kservice.o(.text)
    rt_strlen                                0x00002c58   ARM Code      36  kservice.o(.text)
    rt_strncpy                               0x00002c7c   ARM Code      44  kservice.o(.text)
    rt_strncmp                               0x00002ca8   ARM Code      84  kservice.o(.text)
    rt_kprintf                               0x0000345c   ARM Code     112  kservice.o(.text)
    rt_show_version                          0x000034cc   ARM Code      56  kservice.o(.text)
    rt_system_object_init                    0x00003590   ARM Code       4  object.o(.text)
    rt_object_init                           0x00003594   ARM Code     120  object.o(.text)
    rt_object_detach                         0x0000360c   ARM Code      68  object.o(.text)
    rt_object_is_systemobject                0x00003650   ARM Code      36  object.o(.text)
    rt_system_scheduler_init                 0x00003678   ARM Code      92  scheduler.o(.text)
    rt_system_scheduler_start                0x000036d4   ARM Code     196  scheduler.o(.text)
    rt_schedule                              0x00003798   ARM Code     296  scheduler.o(.text)
    rt_schedule_insert_thread                0x000038c0   ARM Code     108  scheduler.o(.text)
    rt_schedule_remove_thread                0x0000392c   ARM Code     136  scheduler.o(.text)
    rt_enter_critical                        0x000039b4   ARM Code      56  scheduler.o(.text)
    rt_exit_critical                         0x000039ec   ARM Code      96  scheduler.o(.text)
    rt_thread_timeout                        0x00003a88   ARM Code      48  thread.o(.text)
    rt_thread_init                           0x00003bdc   ARM Code      80  thread.o(.text)
    rt_thread_self                           0x00003c2c   ARM Code      12  thread.o(.text)
    rt_thread_resume                         0x00003c38   ARM Code      92  thread.o(.text)
    rt_thread_startup                        0x00003c94   ARM Code      60  thread.o(.text)
    rt_thread_yield                          0x00003cd0   ARM Code     140  thread.o(.text)
    rt_thread_suspend                        0x00003d5c   ARM Code      72  thread.o(.text)
    rt_thread_sleep                          0x00003da4   ARM Code      96  thread.o(.text)
    rt_thread_delay                          0x00003e04   ARM Code      24  thread.o(.text)
    rt_timer_init                            0x00003eb0   ARM Code      76  timer.o(.text)
    rt_timer_detach                          0x00003efc   ARM Code      52  timer.o(.text)
    rt_timer_start                           0x00003f30   ARM Code     200  timer.o(.text)
    rt_timer_stop                            0x00003ff8   ARM Code      80  timer.o(.text)
    rt_timer_control                         0x00004048   ARM Code     124  timer.o(.text)
    rt_soft_timer_tick_increase              0x000040c4   ARM Code      68  timer.o(.text)
    rt_timer_check                           0x00004108   ARM Code     220  timer.o(.text)
    rt_soft_timer_check                      0x000041e4   ARM Code     180  timer.o(.text)
    rt_system_timer_init                     0x000042b8   ARM Code      48  timer.o(.text)
    rt_system_timer_thread_init              0x000042e8   ARM Code      68  timer.o(.text)
    rt_hw_timer_handler                      0x0000435c   ARM Code      48  board.o(.text)
    rt_hw_console_output                     0x0000438c   ARM Code     108  board.o(.text)
    rt_hw_console_init                       0x000043f8   ARM Code      52  board.o(.text)
    rt_hw_board_init                         0x0000442c   ARM Code      80  board.o(.text)
    rtthread_startup                         0x00004488   ARM Code      80  startup.o(.text)
    main                                     0x000044d8   ARM Code      40  startup.o(.text)
    rt_hw_interrupt_handler                  0x0000450c   ARM Code      28  interrupt.o(.text)
    rt_hw_interrupt_init                     0x00004528   ARM Code     116  interrupt.o(.text)
    rt_hw_interrupt_umask                    0x0000459c   ARM Code      20  interrupt.o(.text)
    rt_hw_interrupt_install                  0x000045b0   ARM Code      88  interrupt.o(.text)
    rt_hw_uart_isr                           0x00004640   ARM Code     236  serial.o(.text)
    rt_hw_uart_isr_1                         0x0000472c   ARM Code      24  serial.o(.text)
    rt_hw_serial_init                        0x000049c8   ARM Code     240  serial.o(.text)
    rt_hw_stack_init                         0x00004af0   ARM Code     224  stack.o(.text)
    rt_hw_trap_irq                           0x00004bd0   ARM Code      36  trap.o(.text)
    rt_hw_interrupt_disable                  0x00004bf4   ARM Code      16  context_rvds.o(.text)
    rt_hw_interrupt_enable                   0x00004c04   ARM Code       8  context_rvds.o(.text)
    rt_hw_context_switch                     0x00004c0c   ARM Code      52  context_rvds.o(.text)
    rt_hw_context_switch_to                  0x00004c40   ARM Code      24  context_rvds.o(.text)
    rt_hw_context_switch_interrupt           0x00004c58   ARM Code      44  context_rvds.o(.text)
    hello                                    0x00004cb8   ARM Code      24  cmd.o(.text)
    version                                  0x00004cd0   ARM Code      20  cmd.o(.text)
    list_thread                              0x00004ce4   ARM Code     228  cmd.o(.text)
    list_sem                                 0x00004e10   ARM Code     384  cmd.o(.text)
    list_mailbox                             0x00004f90   ARM Code     168  cmd.o(.text)
    list_timer                               0x00005038   ARM Code     412  cmd.o(.text)
    list_device                              0x000051d4   ARM Code     104  cmd.o(.text)
    list                                     0x0000523c   ARM Code     192  cmd.o(.text)
    list_prefix                              0x00005344   ARM Code     624  cmd.o(.text)
    finsh_compiler_run                       0x000085fc   ARM Code     172  finsh_compiler.o(.text)
    finsh_error_init                         0x000086b4   ARM Code      16  finsh_error.o(.text)
    finsh_error_set                          0x000086c4   ARM Code      20  finsh_error.o(.text)
    finsh_errno                              0x000086d8   ARM Code      12  finsh_error.o(.text)
    finsh_error_string                       0x000086e4   ARM Code      16  finsh_error.o(.text)
    finsh_heap_init                          0x000086fc   ARM Code      72  finsh_heap.o(.text)
    finsh_heap_free                          0x0000895c   ARM Code      56  finsh_heap.o(.text)
    finsh_heap_allocate                      0x00008a1c   ARM Code     192  finsh_heap.o(.text)
    finsh_init                               0x00008aec   ARM Code      44  finsh_init.o(.text)
    finsh_stack_bottom                       0x00008b18   ARM Code      12  finsh_init.o(.text)
    finsh_flush                              0x00008b24   ARM Code      36  finsh_init.o(.text)
    finsh_node_init                          0x00008b4c   ARM Code      28  finsh_node.o(.text)
    finsh_node_allocate                      0x00008b68   ARM Code      92  finsh_node.o(.text)
    finsh_node_new_id                        0x00008bc4   ARM Code     240  finsh_node.o(.text)
    finsh_node_new_char                      0x00008cb4   ARM Code      60  finsh_node.o(.text)
    finsh_node_new_int                       0x00008cf0   ARM Code      60  finsh_node.o(.text)
    finsh_node_new_long                      0x00008d2c   ARM Code      60  finsh_node.o(.text)
    finsh_node_new_string                    0x00008d68   ARM Code     128  finsh_node.o(.text)
    finsh_node_new_ptr                       0x00008de8   ARM Code      60  finsh_node.o(.text)
    OP_no_op                                 0x00008e28   ARM Code       4  finsh_ops.o(.text)
    OP_add_byte                              0x00008e2c   ARM Code      72  finsh_ops.o(.text)
    OP_add_word                              0x00008e74   ARM Code      80  finsh_ops.o(.text)
    OP_add_dword                             0x00008ec4   ARM Code      72  finsh_ops.o(.text)
    OP_sub_byte                              0x00008f0c   ARM Code      72  finsh_ops.o(.text)
    OP_sub_word                              0x00008f54   ARM Code      80  finsh_ops.o(.text)
    OP_sub_dword                             0x00008fa4   ARM Code      72  finsh_ops.o(.text)
    OP_div_byte                              0x00008fec   ARM Code      80  finsh_ops.o(.text)
    OP_div_word                              0x0000903c   ARM Code      88  finsh_ops.o(.text)
    OP_div_dword                             0x00009094   ARM Code      80  finsh_ops.o(.text)
    OP_mod_byte                              0x000090e4   ARM Code      84  finsh_ops.o(.text)
    OP_mod_word                              0x00009138   ARM Code      80  finsh_ops.o(.text)
    OP_mod_dword                             0x00009188   ARM Code      80  finsh_ops.o(.text)
    OP_mul_byte                              0x000091d8   ARM Code      72  finsh_ops.o(.text)
    OP_mul_word                              0x00009220   ARM Code      80  finsh_ops.o(.text)
    OP_mul_dword                             0x00009270   ARM Code      72  finsh_ops.o(.text)
    OP_and_byte                              0x000092b8   ARM Code      72  finsh_ops.o(.text)
    OP_and_word                              0x00009300   ARM Code      72  finsh_ops.o(.text)
    OP_and_dword                             0x00009348   ARM Code      72  finsh_ops.o(.text)
    OP_or_byte                               0x00009390   ARM Code      72  finsh_ops.o(.text)
    OP_or_word                               0x000093d8   ARM Code      72  finsh_ops.o(.text)
    OP_or_dword                              0x00009420   ARM Code      72  finsh_ops.o(.text)
    OP_xor_byte                              0x00009468   ARM Code      72  finsh_ops.o(.text)
    OP_xor_word                              0x000094b0   ARM Code      72  finsh_ops.o(.text)
    OP_xor_dword                             0x000094f8   ARM Code      72  finsh_ops.o(.text)
    OP_bw_byte                               0x00009540   ARM Code      32  finsh_ops.o(.text)
    OP_bw_word                               0x00009560   ARM Code      32  finsh_ops.o(.text)
    OP_bw_dword                              0x00009580   ARM Code      32  finsh_ops.o(.text)
    OP_shl_byte                              0x000095a0   ARM Code      72  finsh_ops.o(.text)
    OP_shl_word                              0x000095e8   ARM Code      80  finsh_ops.o(.text)
    OP_shl_dword                             0x00009638   ARM Code      72  finsh_ops.o(.text)
    OP_shr_byte                              0x00009680   ARM Code      72  finsh_ops.o(.text)
    OP_shr_word                              0x000096c8   ARM Code      72  finsh_ops.o(.text)
    OP_shr_dword                             0x00009710   ARM Code      72  finsh_ops.o(.text)
    OP_ld_byte                               0x00009758   ARM Code      68  finsh_ops.o(.text)
    OP_ld_word                               0x0000979c   ARM Code      92  finsh_ops.o(.text)
    OP_ld_dword                              0x000097f8   ARM Code     116  finsh_ops.o(.text)
    OP_ld_value_byte                         0x0000986c   ARM Code     120  finsh_ops.o(.text)
    OP_ld_value_byte_stack                   0x000098e4   ARM Code      32  finsh_ops.o(.text)
    OP_ld_value_word                         0x00009904   ARM Code     120  finsh_ops.o(.text)
    OP_ld_value_word_stack                   0x0000997c   ARM Code      32  finsh_ops.o(.text)
    OP_ld_value_dword                        0x0000999c   ARM Code     120  finsh_ops.o(.text)
    OP_ld_value_dword_stack                  0x00009a14   ARM Code      32  finsh_ops.o(.text)
    OP_st_byte                               0x00009a34   ARM Code      52  finsh_ops.o(.text)
    OP_st_word                               0x00009a68   ARM Code      52  finsh_ops.o(.text)
    OP_st_dword                              0x00009a9c   ARM Code      52  finsh_ops.o(.text)
    OP_pop                                   0x00009ad0   ARM Code      24  finsh_ops.o(.text)
    OP_call                                  0x00009ae8   ARM Code    1904  finsh_ops.o(.text)
    finsh_parser_run                         0x0000b21c   ARM Code     380  finsh_parser.o(.text)
    finsh_parser_init                        0x0000b398   ARM Code      32  finsh_parser.o(.text)
    finsh_token_init                         0x0000b3b8   ARM Code      36  finsh_token.o(.text)
    token_get_string                         0x0000babc   ARM Code     212  finsh_token.o(.text)
    finsh_token_token                        0x0000bee8   ARM Code      52  finsh_token.o(.text)
    finsh_var_init                           0x0000bf20   ARM Code      28  finsh_var.o(.text)
    finsh_var_insert                         0x0000bf3c   ARM Code     180  finsh_var.o(.text)
    finsh_var_lookup                         0x0000bff0   ARM Code     104  finsh_var.o(.text)
    finsh_sysvar_lookup                      0x0000c058   ARM Code     148  finsh_var.o(.text)
    finsh_vm_run                             0x0000c0fc   ARM Code     128  finsh_vm.o(.text)
    finsh_syscall_lookup                     0x0000c17c   ARM Code     148  finsh_vm.o(.text)
    strcmp                                   0x0000c230   ARM Code      60  shell.o(.text)
    finsh_set_device                         0x0000c290   ARM Code     136  shell.o(.text)
    finsh_auto_complete                      0x0000c318   ARM Code      44  shell.o(.text)
    finsh_run_line                           0x0000c344   ARM Code     224  shell.o(.text)
    finsh_handle_history                     0x0000c424   ARM Code     524  shell.o(.text)
    finsh_push_history                       0x0000c630   ARM Code     248  shell.o(.text)
    finsh_thread_entry                       0x0000c728   ARM Code     848  shell.o(.text)
    finsh_system_function_init               0x0000ca78   ARM Code      20  shell.o(.text)
    finsh_system_var_init                    0x0000ca8c   ARM Code      20  shell.o(.text)
    finsh_system_init                        0x0000caa0   ARM Code     160  shell.o(.text)
    FormEventDefaultCallBack                 0x0000cb7c   ARM Code      28  application.o(.text)
    getreg                                   0x0000cb98   ARM Code      56  application.o(.text)
    rt_application_init                      0x0000cc10   ARM Code     120  application.o(.text)
    CanRxInd                                 0x0000cce4   ARM Code    1472  cananalyzer.o(.text)
    Alarm                                    0x0000d2a4   ARM Code     104  cananalyzer.o(.text)
    CanSetKeyCmd                             0x0000d30c   ARM Code    1944  cananalyzer.o(.text)
    CanAnalyzerInit                          0x0000dc0c   ARM Code      68  cananalyzer.o(.text)
    LEDSetInit                               0x0000e4e8   ARM Code     424  cananalyzer.o(.text)
    LEDSet                                   0x0000e690   ARM Code     628  cananalyzer.o(.text)
    AlarmLED                                 0x0000e904   ARM Code     300  cananalyzer.o(.text)
    AlarmLEDInit                             0x0000ea30   ARM Code      64  cananalyzer.o(.text)
    AlarmInit                                0x0000eb48   ARM Code      16  alarm.o(.text)
    feedWD                                   0x0000eb58   ARM Code      24  alarm.o(.text)
    WDInit                                   0x0000eb70   ARM Code      36  alarm.o(.text)
    SetDefault                               0x0000eb9c   ARM Code      36  globalsetting.o(.text)
    LoadGlobalSetting                        0x0000ebc0   ARM Code     108  globalsetting.o(.text)
    SaveGlobalSeeting                        0x0000ec2c   ARM Code     156  globalsetting.o(.text)
    GuiInit                                  0x0000ecd4   ARM Code      64  guicore.o(.text)
    GuiSetRootForm                           0x0000ed14   ARM Code      12  guicore.o(.text)
    GuiSetDefaultEvent                       0x0000ed20   ARM Code      12  guicore.o(.text)
    GuiDelList                               0x0000ed2c   ARM Code     176  guicore.o(.text)
    GuiDelPop                                0x0000eddc   ARM Code     108  guicore.o(.text)
    GuiTick                                  0x0000efb8   ARM Code    1844  guicore.o(.text)
    GuiNav                                   0x0000f6ec   ARM Code     356  guicore.o(.text)
    GuiMessageBoxClose                       0x0000fccc   ARM Code      44  guicore.o(.text)
    GuiEventHandle                           0x0000fcf8   ARM Code     436  guicore.o(.text)
    GuiMessageBoxShow                        0x0000feac   ARM Code     252  guicore.o(.text)
    MessageBox                               0x00010364   ARM Code      60  formmain.o(.text)
    ShowPage                                 0x00010b18   ARM Code     220  forminfo.o(.text)
    RecomputeTime                            0x000119c4   ARM Code     348  formtime.o(.text)
    DelayXus                                 0x0001231c   ARM Code      56  common.o(.text)
    DelayXms                                 0x00012354   ARM Code      40  common.o(.text)
    xokostrlen                               0x0001237c   ARM Code      52  common.o(.text)
    Inline ARM to Thumb Veneer to __aeabi_uidivmod 0x000123b0   ARM Code       8  uidiv.o(.text)
    __aeabi_uidiv                            0x000123b9   Thumb Code     0  uidiv.o(.text)
    __aeabi_uidivmod                         0x000123b9   Thumb Code    46  uidiv.o(.text)
    Inline ARM to Thumb Veneer to __aeabi_idivmod 0x000123e8   ARM Code       8  idiv.o(.text)
    __aeabi_idiv                             0x000123f1   Thumb Code     0  idiv.o(.text)
    __aeabi_idivmod                          0x000123f1   Thumb Code    44  idiv.o(.text)
    Inline ARM to Thumb Veneer to __rt_ctype_table 0x0001241c   ARM Code       8  ctype_o.o(.text)
    __rt_ctype_table                         0x00012425   Thumb Code     4  ctype_o.o(.text)
    Inline ARM to Thumb Veneer to __aeabi_memcpy 0x0001242c   ARM Code       8  memcpya.o(.text)
    __aeabi_memcpy                           0x00012435   Thumb Code    36  memcpya.o(.text)
    __aeabi_memcpy4                          0x00012435   Thumb Code     0  memcpya.o(.text)
    __aeabi_memcpy8                          0x00012435   Thumb Code     0  memcpya.o(.text)
    Inline ARM to Thumb Veneer to __aeabi_memclr 0x00012458   ARM Code       8  memseta.o(.text)
    __aeabi_memset                           0x00012461   Thumb Code    16  memseta.o(.text)
    __aeabi_memset4                          0x00012461   Thumb Code     0  memseta.o(.text)
    __aeabi_memset8                          0x00012461   Thumb Code     0  memseta.o(.text)
    __aeabi_memclr                           0x00012471   Thumb Code     4  memseta.o(.text)
    __aeabi_memclr4                          0x00012471   Thumb Code     0  memseta.o(.text)
    __aeabi_memclr8                          0x00012471   Thumb Code     0  memseta.o(.text)
    _memset$wrapper                          0x00012475   Thumb Code    22  memseta.o(.text)
    Inline ARM to Thumb Veneer to strncpy    0x0001248c   ARM Code       8  strncpy.o(.text)
    strncpy                                  0x00012495   Thumb Code    28  strncpy.o(.text)
    Inline ARM to Thumb Veneer to strlen     0x000124b0   ARM Code       8  strlen.o(.text)
    strlen                                   0x000124b9   Thumb Code    14  strlen.o(.text)
    Inline ARM to Thumb Veneer to strcpy     0x000124c8   ARM Code       8  strcpy.o(.text)
    strcpy                                   0x000124d1   Thumb Code    18  strcpy.o(.text)
    Inline ARM to Thumb Veneer to strncmp    0x000124e4   ARM Code       8  strncmp.o(.text)
    strncmp                                  0x000124ed   Thumb Code    32  strncmp.o(.text)
    Inline ARM to Thumb Veneer to atoi       0x0001250c   ARM Code       8  atoi.o(.text)
    atoi                                     0x00012515   Thumb Code    30  atoi.o(.text)
    __aeabi_uldivmod                         0x00012533   Thumb Code   104  uldiv.o(.text)
    strtol                                   0x0001259d   Thumb Code   112  strtol.o(.text)
    __I$use$fp                               0x00012610   ARM Code       0  iusefp.o(.text)
    __aeabi_dadd                             0x00012611   Thumb Code   332  dadd.o(.text)
    __aeabi_dsub                             0x0001275d   Thumb Code    12  dadd.o(.text)
    __aeabi_drsub                            0x00012769   Thumb Code    12  dadd.o(.text)
    __aeabi_dmul                             0x00012779   Thumb Code   206  dmul.o(.text)
    __aeabi_ddiv                             0x0001284d   Thumb Code   238  ddiv.o(.text)
    __aeabi_d2ulz                            0x00012941   Thumb Code    58  dfixul.o(.text)
    __aeabi_cdrcmple                         0x00012985   Thumb Code    40  cdrcmple.o(.text)
    Inline ARM to Thumb Veneer to __scatterload 0x000129ac   ARM Code       8  init.o(.text)
    __scatterload                            0x000129b5   Thumb Code    24  init.o(.text)
    __scatterload_rt2                        0x000129b5   Thumb Code     0  init.o(.text)
    __aeabi_llsl                             0x000129d5   Thumb Code    34  llshl.o(.text)
    _ll_shift_l                              0x000129d5   Thumb Code     0  llshl.o(.text)
    __aeabi_llsr                             0x000129f7   Thumb Code    36  llushr.o(.text)
    _ll_ushift_r                             0x000129f7   Thumb Code     0  llushr.o(.text)
    __aeabi_lasr                             0x00012a1b   Thumb Code    40  llsshr.o(.text)
    _ll_sshift_r                             0x00012a1b   Thumb Code     0  llsshr.o(.text)
    _strtoul                                 0x00012a43   Thumb Code   172  _strtoul.o(.text)
    _double_round                            0x00012aef   Thumb Code    28  depilogue.o(.text)
    _double_epilogue                         0x00012b0b   Thumb Code   168  depilogue.o(.text)
    _chval                                   0x00012bb3   Thumb Code    30  _chval.o(.text)
    __decompress                             0x00012bd0   ARM Code       0  __dczerorl2.o(.text)
    __decompress1                            0x00012bd0   ARM Code     124  __dczerorl2.o(.text)
    Long ARM to Thumb Veneer to __aeabi_memcpy4 0x00012c4c   ARM Code      12  anon$$obj.o(Veneer$$Code)
    Long ARM to Thumb Veneer to __aeabi_memclr4 0x00012c58   ARM Code      12  anon$$obj.o(Veneer$$Code)
    Long ARM to Thumb Veneer to __aeabi_memset 0x00012c64   ARM Code      12  anon$$obj.o(Veneer$$Code)
    Short Thumb to ARM Veneer to __main_after_scatterload 0x00012c71   Thumb Code     8  anon$$obj.o(Veneer$$Code)
    Inline ARM to Thumb Veneer to __2sprintf 0x00012c78   ARM Code       8  printf6.o(i.__0sprintf$6)
    __0sprintf$6                             0x00012c81   Thumb Code    36  printf6.o(i.__0sprintf$6)
    __1sprintf$6                             0x00012c81   Thumb Code     0  printf6.o(i.__0sprintf$6)
    __2sprintf                               0x00012c81   Thumb Code     0  printf6.o(i.__0sprintf$6)
    Inline ARM to Thumb Veneer to __c89vsprintf 0x00012ca8   ARM Code       8  printfa.o(i.__0vsprintf)
    __0vsprintf                              0x00012cb1   Thumb Code    34  printfa.o(i.__0vsprintf)
    __1vsprintf                              0x00012cb1   Thumb Code     0  printfa.o(i.__0vsprintf)
    __2vsprintf                              0x00012cb1   Thumb Code     0  printfa.o(i.__0vsprintf)
    __c89vsprintf                            0x00012cb1   Thumb Code     0  printfa.o(i.__0vsprintf)
    vsprintf                                 0x00012cb1   Thumb Code     0  printfa.o(i.__0vsprintf)
    __ARM_clz                                0x00012cd9   Thumb Code    46  depilogue.o(i.__ARM_clz)
    __ARM_common_call_via_r2                 0x00012d07   Thumb Code     2  printf1.o(i.__ARM_common_call_via_r2)
    __ARM_common_call_via_r3                 0x00012d09   Thumb Code     2  init.o(i.__ARM_common_call_via_r3)
    __ARM_common_call_via_r6                 0x00012d0b   Thumb Code     2  printfb.o(i.__ARM_common_call_via_r6)
    __aeabi_errno_addr                       0x00012d0d   Thumb Code     4  errno.o(i.__aeabi_errno_addr)
    __rt_errno_addr                          0x00012d0d   Thumb Code     0  errno.o(i.__aeabi_errno_addr)
    __scatterload_copy                       0x00012d14   ARM Code      28  handlers.o(i.__scatterload_copy)
    __scatterload_null                       0x00012d30   ARM Code       4  handlers.o(i.__scatterload_null)
    __scatterload_zeroinit                   0x00012d34   ARM Code      24  handlers.o(i.__scatterload_zeroinit)
    USE_MOD_CAN                              0x000139b4   Data          16  canapp.o(.constdata)
    USE_BTR_CAN                              0x000139c4   Data          16  canapp.o(.constdata)
    USE_TPM_CAN                              0x000139d4   Data          16  canapp.o(.constdata)
    USE_INT_CAN                              0x000139e4   Data          16  canapp.o(.constdata)
    USE_EWL_CAN                              0x000139f4   Data          16  canapp.o(.constdata)
    C_adwHangList                            0x00013a04   Data          20  key.o(.constdata)
    C_adwLieList                             0x00013a18   Data          20  key.o(.constdata)
    rt_lowest_bitmap                         0x00013aee   Data         256  scheduler.o(.constdata)
    __fsym_hello_name                        0x00013bf0   Data           6  cmd.o(.constdata)
    __fsym_hello_desc                        0x00013bf6   Data          16  cmd.o(.constdata)
    __fsym_version_name                      0x00013c06   Data           8  cmd.o(.constdata)
    __fsym_version_desc                      0x00013c0e   Data          35  cmd.o(.constdata)
    __fsym_list_thread_name                  0x00013c31   Data          12  cmd.o(.constdata)
    __fsym_list_thread_desc                  0x00013c3d   Data          12  cmd.o(.constdata)
    __fsym_list_sem_name                     0x00013c49   Data           9  cmd.o(.constdata)
    __fsym_list_sem_desc                     0x00013c52   Data          25  cmd.o(.constdata)
    __fsym_list_mailbox_name                 0x00013c6b   Data          13  cmd.o(.constdata)
    __fsym_list_mailbox_desc                 0x00013c78   Data          24  cmd.o(.constdata)
    __fsym_list_timer_name                   0x00013c90   Data          11  cmd.o(.constdata)
    __fsym_list_timer_desc                   0x00013c9b   Data          21  cmd.o(.constdata)
    __fsym_list_device_name                  0x00013cb0   Data          12  cmd.o(.constdata)
    __fsym_list_device_desc                  0x00013cbc   Data          22  cmd.o(.constdata)
    __fsym_list_name                         0x00013cd2   Data           5  cmd.o(.constdata)
    __fsym_list_desc                         0x00013cd7   Data          26  cmd.o(.constdata)
    __vsym_dummy_name                        0x00013cf1   Data           6  cmd.o(.constdata)
    __vsym_dummy_desc                        0x00013cf7   Data          25  cmd.o(.constdata)
    op_table                                 0x00013d30   Data         196  finsh_ops.o(.constdata)
    __fsym_getreg_name                       0x00013e34   Data           7  application.o(.constdata)
    __fsym_getreg_desc                       0x00013e3b   Data          25  application.o(.constdata)
    __fsym_SensorList_name                   0x00013efc   Data          11  cananalyzer.o(.constdata)
    __fsym_SensorList_desc                   0x00013f07   Data          21  cananalyzer.o(.constdata)
    __fsym_AutoSensor_name                   0x00013f1c   Data          11  cananalyzer.o(.constdata)
    __fsym_AutoSensor_desc                   0x00013f27   Data          49  cananalyzer.o(.constdata)
    g_fmMain                                 0x00013f74   Data          20  formmain.o(.constdata)
    g_fmMenu                                 0x00013fa4   Data          20  formmenu.o(.constdata)
    m_asMenu                                 0x00013fb8   Data          60  formmenu.o(.constdata)
    g_fmInfo                                 0x00014010   Data          20  forminfo.o(.constdata)
    g_fmSmsAlarm                             0x00014040   Data          20  formsmsalarm.o(.constdata)
    g_fmSmsNo                                0x00014070   Data          20  formsmsno.o(.constdata)
    g_fmTime                                 0x000140a0   Data          20  formtime.o(.constdata)
    g_fmTemperature                          0x000140d0   Data          20  formtemperature.o(.constdata)
    __ctype_table                            0x000140e4   Data         129  ctype_o.o(.constdata)
    FSymTab$$Base                            0x00014490   Number         0  cmd.o(FSymTab)
    __fsym_hello                             0x00014490   Data          12  cmd.o(FSymTab)
    __fsym_version                           0x0001449c   Data          12  cmd.o(FSymTab)
    __fsym_list_thread                       0x000144a8   Data          12  cmd.o(FSymTab)
    __fsym_list_sem                          0x000144b4   Data          12  cmd.o(FSymTab)
    __fsym_list_mailbox                      0x000144c0   Data          12  cmd.o(FSymTab)
    __fsym_list_timer                        0x000144cc   Data          12  cmd.o(FSymTab)
    __fsym_list_device                       0x000144d8   Data          12  cmd.o(FSymTab)
    __fsym_list                              0x000144e4   Data          12  cmd.o(FSymTab)
    __fsym_getreg                            0x000144f0   Data          12  application.o(FSymTab)
    __fsym_SensorList                        0x000144fc   Data          12  cananalyzer.o(FSymTab)
    __fsym_AutoSensor                        0x00014508   Data          12  cananalyzer.o(FSymTab)
    FSymTab$$Limit                           0x00014514   Number         0  cananalyzer.o(FSymTab)
    Region$$Table$$Base                      0x00014514   Number         0  anon$$obj.o(Region$$Table)
    Region$$Table$$Limit                     0x00014534   Number         0  anon$$obj.o(Region$$Table)
    VSymTab$$Base                            0x00014534   Number         0  cmd.o(VSymTab)
    __vsym_dummy                             0x00014534   Data          16  cmd.o(VSymTab)
    VSymTab$$Limit                           0x00014544   Number         0  cmd.o(VSymTab)
    g_KeyMsgDown                             0x4000000c   Data           4  key.o(.data)
    X_Witch                                  0x40000010   Data           1  lcm.o(.data)
    Y_Witch                                  0x40000011   Data           1  lcm.o(.data)
    X_Witch_cn                               0x40000012   Data           1  lcm.o(.data)
    Y_Witch_cn                               0x40000013   Data           1  lcm.o(.data)
    Dis_Zero                                 0x40000014   Data           1  lcm.o(.data)
    rt_interrupt_nest                        0x4000001c   Data           1  irq.o(.data)
    errno                                    0x40000020   Data           4  kservice.o(.data)
    rt_object_container                      0x40000028   Data          80  object.o(.data)
    rt_current_thread                        0x4000007c   Data           4  scheduler.o(.data)
    rt_current_priority                      0x40000080   Data           1  scheduler.o(.data)
    rt_thread_ready_priority_group           0x40000084   Data           4  scheduler.o(.data)
    rt_interrupt_from_thread                 0x4000009c   Data           4  interrupt.o(.data)
    rt_interrupt_to_thread                   0x400000a0   Data           4  interrupt.o(.data)
    rt_thread_switch_interrput_flag          0x400000a4   Data           4  interrupt.o(.data)
    finsh_compile_sp                         0x400000ac   Data           4  finsh_compiler.o(.data)
    finsh_compile_pc                         0x400000b0   Data           4  finsh_compiler.o(.data)
    global_errno                             0x400000b4   Data           1  finsh_error.o(.data)
    global_sysvar_list                       0x400000fc   Data           4  finsh_var.o(.data)
    finsh_sp                                 0x40000100   Data           4  finsh_vm.o(.data)
    finsh_pc                                 0x40000104   Data           4  finsh_vm.o(.data)
    global_syscall_list                      0x40000108   Data           4  finsh_vm.o(.data)
    shell                                    0x4000010c   Data           4  shell.o(.data)
    _syscall_table_begin                     0x40000110   Data           4  symbol.o(.data)
    _syscall_table_end                       0x40000114   Data           4  symbol.o(.data)
    _sysvar_table_begin                      0x40000118   Data           4  symbol.o(.data)
    _sysvar_table_end                        0x4000011c   Data           4  symbol.o(.data)
    m_alarmledState                          0x40000120   Data           1  cananalyzer.o(.data)
    m_alarmledTimer                          0x40000121   Data           1  cananalyzer.o(.data)
    m_alarmledCount                          0x40000122   Data           1  cananalyzer.o(.data)
    m_alarmledYanshi                         0x40000123   Data           1  cananalyzer.o(.data)
    m_actionCmd                              0x40000124   Data           1  cananalyzer.o(.data)
    g_ChuangTiSensor                         0x40000125   Data           7  cananalyzer.o(.data)
    g_ZuobianqiSetA                          0x4000012f   Data           4  globalsetting.o(.data)
    g_ZuobianqiSetB                          0x40000133   Data           6  globalsetting.o(.data)
    g_dwGuiCounter                           0x4000013c   Data           4  guicore.o(.data)
    can1                                     0x400001a8   Data         132  can.o(.bss)
    g_sNow                                   0x4000022c   Data          12  rtc.o(.bss)
    rt_thread_priority_table                 0x400003c4   Data         256  scheduler.o(.bss)
    serial1                                  0x40000758   Data         144  serial.o(.bss)
    finsh_heap                               0x400007e8   Data         128  finsh_heap.o(.bss)
    global_node_table                        0x40000868   Data         320  finsh_node.o(.bss)
    global_variable                          0x400009a8   Data         192  finsh_var.o(.bss)
    finsh_vm_stack                           0x40000a68   Data         256  finsh_vm.o(.bss)
    text_segment                             0x40000b68   Data         128  finsh_vm.o(.bss)
    _shell                                   0x4000145c   Data         684  shell.o(.bss)
    gui_timer                                0x40001708   Data          44  application.o(.bss)
    test_timer                               0x40001734   Data          44  application.o(.bss)
    g_ZuobianSensor                          0x400019d4   Data          10  cananalyzer.o(.bss)
    g_sGlobalSetting                         0x40001a64   Data          32  globalsetting.o(.bss)
    __initial_sp                             0x40001db0   Data         512  start_rvds.o(STACK)



==============================================================================

Memory Map of the image

  Image Entry point : 0x000001a4

  Load Region LR_IROM1 (Base: 0x00000000, Size: 0x000146ec, Max: 0x00020000, ABSOLUTE, COMPRESSED[0x000145bc])

    Execution Region ER_IROM1 (Exec base: 0x00000000, Load base: 0x00000000, Size: 0x00014544, Max: 0x00020000, ABSOLUTE)

    Exec Addr    Load Addr    Size         Type   Attr      Idx    E Section Name        Object

    0x00000000   0x00000000   0x000001a4   Code   RO          819    RESET               start_rvds.o
    0x000001a4   0x000001a4   0x00000000   Code   RO         1646  * .ARM.Collect$$$$00000000  mc_t.l(entry.o)
    0x000001a4   0x000001a4   0x00000004   Code   RO         1962    .ARM.Collect$$$$00000001  mc_t.l(entry2.o)
    0x000001a8   0x000001a8   0x00000004   Code   RO         1964    .ARM.Collect$$$$00000004  mc_t.l(entry5.o)
    0x000001ac   0x000001ac   0x00000000   Code   RO         1966    .ARM.Collect$$$$00000008  mc_t.l(entry7b.o)
    0x000001ac   0x000001ac   0x00000000   Code   RO         1968    .ARM.Collect$$$$0000000A  mc_t.l(entry8b.o)
    0x000001ac   0x000001ac   0x0000000c   Code   RO         1969    .ARM.Collect$$$$0000000B  mc_t.l(entry9a.o)
    0x000001b8   0x000001b8   0x00000000   Code   RO         1971    .ARM.Collect$$$$0000000D  mc_t.l(entry10a.o)
    0x000001b8   0x000001b8   0x00000000   Code   RO         1973    .ARM.Collect$$$$0000000F  mc_t.l(entry11a.o)
    0x000001b8   0x000001b8   0x00000004   Code   RO         1963    .ARM.Collect$$$$00002712  mc_t.l(entry2.o)
    0x000001bc   0x000001bc   0x00000724   Code   RO            1    .text               can.o
    0x000008e0   0x000008e0   0x00000140   Code   RO           80    .text               canapp.o
    0x00000a20   0x00000a20   0x00000810   Code   RO          119    .text               canfunc.o
    0x00001230   0x00001230   0x000003cc   Code   RO          172    .text               key.o
    0x000015fc   0x000015fc   0x00000614   Code   RO          198    .text               lcm.o
    0x00001c10   0x00001c10   0x0000002c   Code   RO          258    .text               rtc.o
    0x00001c3c   0x00001c3c   0x00000754   Code   RO          279    .text               ds1302.o
    0x00002390   0x00002390   0x000000ec   Code   RO          297    .text               iap.o
    0x0000247c   0x0000247c   0x00000070   Code   RO          338    .text               clock.o
    0x000024ec   0x000024ec   0x00000358   Code   RO          358    .text               device.o
    0x00002844   0x00002844   0x00000064   Code   RO          398    .text               idle.o
    0x000028a8   0x000028a8   0x00000294   Code   RO          412    .text               ipc.o
    0x00002b3c   0x00002b3c   0x00000064   Code   RO          486    .text               irq.o
    0x00002ba0   0x00002ba0   0x000009f0   Code   RO          502    .text               kservice.o
    0x00003590   0x00003590   0x000000e8   Code   RO          596    .text               object.o
    0x00003678   0x00003678   0x000003f0   Code   RO          614    .text               scheduler.o
    0x00003a68   0x00003a68   0x000003c0   Code   RO          641    .text               thread.o
    0x00003e28   0x00003e28   0x00000534   Code   RO          675    .text               timer.o
    0x0000435c   0x0000435c   0x0000012c   Code   RO          693    .text               board.o
    0x00004488   0x00004488   0x00000084   Code   RO          711    .text               startup.o
    0x0000450c   0x0000450c   0x00000134   Code   RO          745    .text               interrupt.o
    0x00004640   0x00004640   0x000004b0   Code   RO          767    .text               serial.o
    0x00004af0   0x00004af0   0x000000e0   Code   RO          782    .text               stack.o
    0x00004bd0   0x00004bd0   0x00000024   Code   RO          794    .text               trap.o
    0x00004bf4   0x00004bf4   0x0000009c   Code   RO          812    .text               context_rvds.o
    0x00004c90   0x00004c90   0x00000944   Code   RO          823    .text               cmd.o
    0x000055d4   0x000055d4   0x000030e0   Code   RO          847    .text               finsh_compiler.o
    0x000086b4   0x000086b4   0x00000048   Code   RO          884    .text               finsh_error.o
    0x000086fc   0x000086fc   0x000003f0   Code   RO          900    .text               finsh_heap.o
    0x00008aec   0x00008aec   0x00000060   Code   RO          916    .text               finsh_init.o
    0x00008b4c   0x00008b4c   0x000002dc   Code   RO          940    .text               finsh_node.o
    0x00008e28   0x00008e28   0x00001430   Code   RO          955    .text               finsh_ops.o
    0x0000a258   0x0000a258   0x00001160   Code   RO          973    .text               finsh_parser.o
    0x0000b3b8   0x0000b3b8   0x00000b68   Code   RO          988    .text               finsh_token.o
    0x0000bf20   0x0000bf20   0x000001dc   Code   RO         1009    .text               finsh_var.o
    0x0000c0fc   0x0000c0fc   0x00000134   Code   RO         1038    .text               finsh_vm.o
    0x0000c230   0x0000c230   0x0000094c   Code   RO         1065    .text               shell.o
    0x0000cb7c   0x0000cb7c   0x00000168   Code   RO         1116    .text               application.o
    0x0000cce4   0x0000cce4   0x00001db4   Code   RO         1184    .text               cananalyzer.o
    0x0000ea98   0x0000ea98   0x00000104   Code   RO         1206    .text               alarm.o
    0x0000eb9c   0x0000eb9c   0x00000138   Code   RO         1239    .text               globalsetting.o
    0x0000ecd4   0x0000ecd4   0x000012d4   Code   RO         1311    .text               guicore.o
    0x0000ffa8   0x0000ffa8   0x000003f8   Code   RO         1364    .text               formmain.o
    0x000103a0   0x000103a0   0x0000027c   Code   RO         1418    .text               formmenu.o
    0x0001061c   0x0001061c   0x000006d0   Code   RO         1465    .text               forminfo.o
    0x00010cec   0x00010cec   0x0000044c   Code   RO         1484    .text               formsmsalarm.o
    0x00011138   0x00011138   0x0000057c   Code   RO         1504    .text               formsmsno.o
    0x000116b4   0x000116b4   0x0000081c   Code   RO         1523    .text               formtime.o
    0x00011ed0   0x00011ed0   0x0000044c   Code   RO         1550    .text               formtemperature.o
    0x0001231c   0x0001231c   0x00000094   Code   RO         1568    .text               common.o
    0x000123b0   0x000123b0   0x00000008   Ven    RO         1649    .text               mc_t.l(uidiv.o)
    0x000123b8   0x000123b8   0x0000002e   Code   RO         1649    .text               mc_t.l(uidiv.o)
    0x000123e6   0x000123e6   0x00000002   PAD
    0x000123e8   0x000123e8   0x00000008   Ven    RO         1651    .text               mc_t.l(idiv.o)
    0x000123f0   0x000123f0   0x0000002c   Code   RO         1651    .text               mc_t.l(idiv.o)
    0x0001241c   0x0001241c   0x00000008   Ven    RO         1653    .text               mc_t.l(ctype_o.o)
    0x00012424   0x00012424   0x00000008   Code   RO         1653    .text               mc_t.l(ctype_o.o)
    0x0001242c   0x0001242c   0x00000008   Ven    RO         1681    .text               mc_t.l(memcpya.o)
    0x00012434   0x00012434   0x00000024   Code   RO         1681    .text               mc_t.l(memcpya.o)
    0x00012458   0x00012458   0x00000008   Ven    RO         1683    .text               mc_t.l(memseta.o)
    0x00012460   0x00012460   0x0000002a   Code   RO         1683    .text               mc_t.l(memseta.o)
    0x0001248a   0x0001248a   0x00000002   PAD
    0x0001248c   0x0001248c   0x00000008   Ven    RO         1685    .text               mc_t.l(strncpy.o)
    0x00012494   0x00012494   0x0000001c   Code   RO         1685    .text               mc_t.l(strncpy.o)
    0x000124b0   0x000124b0   0x00000008   Ven    RO         1687    .text               mc_t.l(strlen.o)
    0x000124b8   0x000124b8   0x0000000e   Code   RO         1687    .text               mc_t.l(strlen.o)
    0x000124c6   0x000124c6   0x00000002   PAD
    0x000124c8   0x000124c8   0x00000008   Ven    RO         1689    .text               mc_t.l(strcpy.o)
    0x000124d0   0x000124d0   0x00000012   Code   RO         1689    .text               mc_t.l(strcpy.o)
    0x000124e2   0x000124e2   0x00000002   PAD
    0x000124e4   0x000124e4   0x00000008   Ven    RO         1691    .text               mc_t.l(strncmp.o)
    0x000124ec   0x000124ec   0x00000020   Code   RO         1691    .text               mc_t.l(strncmp.o)
    0x0001250c   0x0001250c   0x00000008   Ven    RO         1960    .text               mc_t.l(atoi.o)
    0x00012514   0x00012514   0x0000001e   Code   RO         1960    .text               mc_t.l(atoi.o)
    0x00012532   0x00012532   0x00000068   Code   RO         1978    .text               mc_t.l(uldiv.o)
    0x0001259a   0x0001259a   0x00000002   PAD
    0x0001259c   0x0001259c   0x00000074   Code   RO         1987    .text               mc_t.l(strtol.o)
    0x00012610   0x00012610   0x00000000   Code   RO         1989    .text               mc_t.l(iusefp.o)
    0x00012610   0x00012610   0x00000168   Code   RO         1990    .text               mf_t.l(dadd.o)
    0x00012778   0x00012778   0x000000d4   Code   RO         1992    .text               mf_t.l(dmul.o)
    0x0001284c   0x0001284c   0x000000f4   Code   RO         1994    .text               mf_t.l(ddiv.o)
    0x00012940   0x00012940   0x00000044   Code   RO         1996    .text               mf_t.l(dfixul.o)
    0x00012984   0x00012984   0x00000028   Code   RO         1998    .text               mf_t.l(cdrcmple.o)
    0x000129ac   0x000129ac   0x00000008   Ven    RO         2000    .text               mc_t.l(init.o)
    0x000129b4   0x000129b4   0x00000020   Code   RO         2000    .text               mc_t.l(init.o)
    0x000129d4   0x000129d4   0x00000022   Code   RO         2005    .text               mc_t.l(llshl.o)
    0x000129f6   0x000129f6   0x00000024   Code   RO         2007    .text               mc_t.l(llushr.o)
    0x00012a1a   0x00012a1a   0x00000028   Code   RO         2009    .text               mc_t.l(llsshr.o)
    0x00012a42   0x00012a42   0x000000ac   Code   RO         2011    .text               mc_t.l(_strtoul.o)
    0x00012aee   0x00012aee   0x000000c4   Code   RO         2014    .text               mf_t.l(depilogue.o)
    0x00012bb2   0x00012bb2   0x0000001e   Code   RO         2018    .text               mc_t.l(_chval.o)
    0x00012bd0   0x00012bd0   0x0000007c   Code   RO         2028    .text               mc_t.l(__dczerorl2.o)
    0x00012c4c   0x00012c4c   0x0000000c   Ven    RO         2043    Veneer$$Code        anon$$obj.o
    0x00012c58   0x00012c58   0x0000000c   Ven    RO         2044    Veneer$$Code        anon$$obj.o
    0x00012c64   0x00012c64   0x0000000c   Ven    RO         2045    Veneer$$Code        anon$$obj.o
    0x00012c70   0x00012c70   0x00000008   Ven    RO         2046    Veneer$$Code        anon$$obj.o
    0x00012c78   0x00012c78   0x00000008   Ven    RO         1856    i.__0sprintf$6      mc_t.l(printf6.o)
    0x00012c80   0x00012c80   0x00000028   Code   RO         1856    i.__0sprintf$6      mc_t.l(printf6.o)
    0x00012ca8   0x00012ca8   0x00000008   Ven    RO         1938    i.__0vsprintf       mc_t.l(printfa.o)
    0x00012cb0   0x00012cb0   0x00000028   Code   RO         1938    i.__0vsprintf       mc_t.l(printfa.o)
    0x00012cd8   0x00012cd8   0x0000002e   Code   RO         2016    i.__ARM_clz         mf_t.l(depilogue.o)
    0x00012d06   0x00012d06   0x00000002   Code   RO         1763    i.__ARM_common_call_via_r2  mc_t.l(printf1.o)
    0x00012d08   0x00012d08   0x00000002   Code   RO         2002    i.__ARM_common_call_via_r3  mc_t.l(init.o)
    0x00012d0a   0x00012d0a   0x00000002   Code   RO         1717    i.__ARM_common_call_via_r6  mc_t.l(printfb.o)
    0x00012d0c   0x00012d0c   0x00000008   Code   RO         1980    i.__aeabi_errno_addr  mc_t.l(errno.o)
    0x00012d14   0x00012d14   0x0000001c   Code   RO         2022    i.__scatterload_copy  mc_t.l(handlers.o)
    0x00012d30   0x00012d30   0x00000004   Code   RO         2023    i.__scatterload_null  mc_t.l(handlers.o)
    0x00012d34   0x00012d34   0x00000018   Code   RO         2024    i.__scatterload_zeroinit  mc_t.l(handlers.o)
    0x00012d4c   0x00012d4c   0x00000178   Code   RO         1939    i._fp_digits        mc_t.l(printfa.o)
    0x00012ec4   0x00012ec4   0x0000031c   Code   RO         1861    i._printf_core      mc_t.l(printf6.o)
    0x000131e0   0x000131e0   0x00000710   Code   RO         1940    i._printf_core      mc_t.l(printfa.o)
    0x000138f0   0x000138f0   0x00000026   Code   RO         1862    i._printf_post_padding  mc_t.l(printf6.o)
    0x00013916   0x00013916   0x00000026   Code   RO         1941    i._printf_post_padding  mc_t.l(printfa.o)
    0x0001393c   0x0001393c   0x00000032   Code   RO         1863    i._printf_pre_padding  mc_t.l(printf6.o)
    0x0001396e   0x0001396e   0x00000032   Code   RO         1942    i._printf_pre_padding  mc_t.l(printfa.o)
    0x000139a0   0x000139a0   0x0000000a   Code   RO         1865    i._sputc            mc_t.l(printf6.o)
    0x000139aa   0x000139aa   0x0000000a   Code   RO         1944    i._sputc            mc_t.l(printfa.o)
    0x000139b4   0x000139b4   0x00000050   Data   RO           81    .constdata          canapp.o
    0x00013a04   0x00013a04   0x000000c8   Data   RO          173    .constdata          key.o
    0x00013acc   0x00013acc   0x00000022   Data   RO          514    .constdata          kservice.o
    0x00013aee   0x00013aee   0x00000100   Data   RO          616    .constdata          scheduler.o
    0x00013bee   0x00013bee   0x00000002   PAD
    0x00013bf0   0x00013bf0   0x00000140   Data   RO          824    .constdata          cmd.o
    0x00013d30   0x00013d30   0x000000c4   Data   RO          956    .constdata          finsh_ops.o
    0x00013df4   0x00013df4   0x00000040   Data   RO          990    .constdata          finsh_token.o
    0x00013e34   0x00013e34   0x00000020   Data   RO         1118    .constdata          application.o
    0x00013e54   0x00013e54   0x00000104   Data   RO         1186    .constdata          cananalyzer.o
    0x00013f58   0x00013f58   0x00000030   Data   RO         1366    .constdata          formmain.o
    0x00013f88   0x00013f88   0x0000006c   Data   RO         1419    .constdata          formmenu.o
    0x00013ff4   0x00013ff4   0x00000030   Data   RO         1466    .constdata          forminfo.o
    0x00014024   0x00014024   0x00000030   Data   RO         1486    .constdata          formsmsalarm.o
    0x00014054   0x00014054   0x00000030   Data   RO         1506    .constdata          formsmsno.o
    0x00014084   0x00014084   0x00000030   Data   RO         1525    .constdata          formtime.o
    0x000140b4   0x000140b4   0x00000030   Data   RO         1551    .constdata          formtemperature.o
    0x000140e4   0x000140e4   0x00000081   Data   RO         1654    .constdata          mc_t.l(ctype_o.o)
    0x00014165   0x00014165   0x00000003   PAD
    0x00014168   0x00014168   0x00000004   Data   RO         1655    .constdata          mc_t.l(ctype_o.o)
    0x0001416c   0x0001416c   0x0000010c   Data   RO          825    .conststring        cmd.o
    0x00014278   0x00014278   0x000000f3   Data   RO          885    .conststring        finsh_error.o
    0x0001436b   0x0001436b   0x00000001   PAD
    0x0001436c   0x0001436c   0x0000003e   Data   RO          991    .conststring        finsh_token.o
    0x000143aa   0x000143aa   0x00000002   PAD
    0x000143ac   0x000143ac   0x00000070   Data   RO         1187    .conststring        cananalyzer.o
    0x0001441c   0x0001441c   0x00000043   Data   RO         1420    .conststring        formmenu.o
    0x0001445f   0x0001445f   0x00000001   PAD
    0x00014460   0x00014460   0x0000002d   Data   RO         1487    .conststring        formsmsalarm.o
    0x0001448d   0x0001448d   0x00000003   PAD
    0x00014490   0x00014490   0x00000060   Data   RO          827    FSymTab             cmd.o
    0x000144f0   0x000144f0   0x0000000c   Data   RO         1119    FSymTab             application.o
    0x000144fc   0x000144fc   0x00000018   Data   RO         1189    FSymTab             cananalyzer.o
    0x00014514   0x00014514   0x00000020   Data   RO         2020    Region$$Table       anon$$obj.o
    0x00014534   0x00014534   0x00000010   Data   RO          828    VSymTab             cmd.o


    Execution Region RW_IRAM1 (Exec base: 0x40000000, Load base: 0x00014544, Size: 0x00001fb0, Max: 0x00004000, ABSOLUTE, COMPRESSED[0x00000078])

    Exec Addr    Load Addr    Size         Type   Attr      Idx    E Section Name        Object

    0x40000000   COMPRESSED   0x00000004   Data   RW            3    .data               can.o
    0x40000004   COMPRESSED   0x0000000c   Data   RW          174    .data               key.o
    0x40000010   COMPRESSED   0x00000005   Data   RW          206    .data               lcm.o
    0x40000015   COMPRESSED   0x00000003   PAD
    0x40000018   COMPRESSED   0x00000004   Data   RW          340    .data               clock.o
    0x4000001c   COMPRESSED   0x00000001   Data   RW          487    .data               irq.o
    0x4000001d   COMPRESSED   0x00000003   PAD
    0x40000020   COMPRESSED   0x00000008   Data   RW          515    .data               kservice.o
    0x40000028   COMPRESSED   0x00000050   Data   RW          597    .data               object.o
    0x40000078   COMPRESSED   0x00000010   Data   RW          617    .data               scheduler.o
    0x40000088   COMPRESSED   0x00000012   Data   RW          677    .data               timer.o
    0x4000009a   COMPRESSED   0x00000002   PAD
    0x4000009c   COMPRESSED   0x0000000c   Data   RW          747    .data               interrupt.o
    0x400000a8   COMPRESSED   0x00000004   Data   RW          826    .data               cmd.o
    0x400000ac   COMPRESSED   0x00000008   Data   RW          848    .data               finsh_compiler.o
    0x400000b4   COMPRESSED   0x00000040   Data   RW          886    .data               finsh_error.o
    0x400000f4   COMPRESSED   0x00000008   Data   RW          902    .data               finsh_heap.o
    0x400000fc   COMPRESSED   0x00000004   Data   RW         1012    .data               finsh_var.o
    0x40000100   COMPRESSED   0x0000000c   Data   RW         1040    .data               finsh_vm.o
    0x4000010c   COMPRESSED   0x00000004   Data   RW         1070    .data               shell.o
    0x40000110   COMPRESSED   0x00000010   Data   RW         1103    .data               symbol.o
    0x40000120   COMPRESSED   0x0000000f   Data   RW         1188    .data               cananalyzer.o
    0x4000012f   COMPRESSED   0x0000000a   Data   RW         1247    .data               globalsetting.o
    0x40000139   COMPRESSED   0x00000003   PAD
    0x4000013c   COMPRESSED   0x00000024   Data   RW         1316    .data               guicore.o
    0x40000160   COMPRESSED   0x00000003   Data   RW         1367    .data               formmain.o
    0x40000163   COMPRESSED   0x00000001   Data   RW         1421    .data               formmenu.o
    0x40000164   COMPRESSED   0x0000000f   Data   RW         1467    .data               forminfo.o
    0x40000173   COMPRESSED   0x00000001   PAD
    0x40000174   COMPRESSED   0x00000015   Data   RW         1488    .data               formsmsalarm.o
    0x40000189   COMPRESSED   0x00000003   PAD
    0x4000018c   COMPRESSED   0x00000005   Data   RW         1507    .data               formsmsno.o
    0x40000191   COMPRESSED   0x00000003   PAD
    0x40000194   COMPRESSED   0x00000005   Data   RW         1526    .data               formtime.o
    0x40000199   COMPRESSED   0x00000003   PAD
    0x4000019c   COMPRESSED   0x00000006   Data   RW         1552    .data               formtemperature.o
    0x400001a2   COMPRESSED   0x00000002   PAD
    0x400001a4   COMPRESSED   0x00000004   Data   RW         1983    .data               mc_t.l(errno.o)
    0x400001a8        -       0x00000084   Zero   RW            2    .bss                can.o
    0x4000022c        -       0x0000000c   Zero   RW          259    .bss                rtc.o
    0x40000238        -       0x00000018   Zero   RW          302    .bss                iap.o
    0x40000250        -       0x000000f4   Zero   RW          399    .bss                idle.o
    0x40000344        -       0x00000080   Zero   RW          513    .bss                kservice.o
    0x400003c4        -       0x00000100   Zero   RW          615    .bss                scheduler.o
    0x400004c4        -       0x00000294   Zero   RW          676    .bss                timer.o
    0x40000758        -       0x00000090   Zero   RW          768    .bss                serial.o
    0x400007e8        -       0x00000080   Zero   RW          901    .bss                finsh_heap.o
    0x40000868        -       0x00000140   Zero   RW          941    .bss                finsh_node.o
    0x400009a8        -       0x000000c0   Zero   RW         1011    .bss                finsh_var.o
    0x40000a68        -       0x00000180   Zero   RW         1039    .bss                finsh_vm.o
    0x40000be8        -       0x00000b20   Zero   RW         1069    .bss                shell.o
    0x40001708        -       0x000002cc   Zero   RW         1117    .bss                application.o
    0x400019d4        -       0x00000090   Zero   RW         1185    .bss                cananalyzer.o
    0x40001a64        -       0x00000220   Zero   RW         1246    .bss                globalsetting.o
    0x40001c84        -       0x00000010   Zero   RW         1485    .bss                formsmsalarm.o
    0x40001c94        -       0x00000010   Zero   RW         1505    .bss                formsmsno.o
    0x40001ca4        -       0x0000000c   Zero   RW         1524    .bss                formtime.o
    0x40001cb0        -       0x00000300   Zero   RW          817    STACK               start_rvds.o


==============================================================================

Image component sizes


      Code (inc. data)   RO Data    RW Data    ZI Data      Debug   Object Name

       260          8          0          0          0        842   alarm.o
       360         92         44          0        716       9377   application.o
       300         12          0          0          0       1139   board.o
      1828        144          0          4        132      26961   can.o
      7604       1112        396         15        144       7438   cananalyzer.o
       320          4         80          0          0      10180   canapp.o
      2064         32          0          0          0      19537   canfunc.o
       112          4          0          4          0       1339   clock.o
      2372        688        700          4          0      10418   cmd.o
       148          0          0          0          0       2523   common.o
       156         12          0          0          0        676   context_rvds.o
       856         60          0          0          0       4141   device.o
      1876         88          0          0          0       4322   ds1302.o
     12512         20          0          8          0      10750   finsh_compiler.o
        72          8        243         64          0       1625   finsh_error.o
      1008         16          0          8        128       3539   finsh_heap.o
        96          4          0          0          0       1408   finsh_init.o
       732          4          0          0        320       3620   finsh_node.o
      5168          8        196          0          0       9100   finsh_ops.o
      4448          0          0          0          0      10477   finsh_parser.o
      2920          4        126          0          0       6058   finsh_token.o
       476         16          0          4        192       6492   finsh_var.o
       308         32          0         12        384       6421   finsh_vm.o
      1744        252         48         15          0       3898   forminfo.o
      1016        104         48          3          0       4385   formmain.o
       636         84        175          1          0       2176   formmenu.o
      1100         44         93         21         16       2251   formsmsalarm.o
      1404         60         48          5         16       2492   formsmsno.o
      1100         64         48          6          0       2530   formtemperature.o
      2076         64         48          5         12       3955   formtime.o
       312         12          0         10        544       4776   globalsetting.o
      4820        104          0         36          0       7753   guicore.o
       236          8          0          0         24       1895   iap.o
       100         20          0          0        244       1222   idle.o
       308         56          0         12          0       2315   interrupt.o
       660          0          0          0          0       3753   ipc.o
       100          4          0          1          0       1220   irq.o
       972        108        200         12          0       4287   key.o
      2544        160         34          8        128       6249   kservice.o
      1556         28          0          5          0       5070   lcm.o
       232          4          0         80          0       2940   object.o
        44          4          0          0         12       1255   rtc.o
      1008         28        256         16        256       4137   scheduler.o
      1200         56          0          0        144       4590   serial.o
      2380        192          0          4       2848       5282   shell.o
       224          0          0          0          0       1163   stack.o
       420         60          0          0        768        564   start_rvds.o
       132         12          0          0          0        648   startup.o
         0          0          0         16          0       3909   symbol.o
       960         12          0          0          0       5304   thread.o
      1332         36          0         18        660       5470   timer.o
        36          0          0          0          0        525   trap.o

    ----------------------------------------------------------------------
     74692       3956       2824        420       7688     254397   Object Totals
        44         12         32          0          0          0   (incl. Generated)
         0          0          9         23          0          0   (incl. Padding)

    ----------------------------------------------------------------------

      Code (inc. data)   RO Data    RW Data    ZI Data      Debug   Library Member Name

       124          0          0          0          0          0   __dczerorl2.o
        30          0          0          0          0         60   _chval.o
       172          0          0          0          0         96   _strtoul.o
        38          0          0          0          0         84   atoi.o
        16          4        133          0          0         60   ctype_o.o
         0          0          0          0          0          0   entry.o
         0          0          0          0          0          0   entry10a.o
         0          0          0          0          0          0   entry11a.o
         8          4          0          0          0          0   entry2.o
         4          0          0          0          0          0   entry5.o
         0          0          0          0          0          0   entry7b.o
         0          0          0          0          0          0   entry8b.o
        12          4          0          0          0          0   entry9a.o
         8          4          0          4          0         60   errno.o
        56          0          0          0          0          0   handlers.o
        52          0          0          0          0         84   idiv.o
        42          8          0          0          0        136   init.o
         0          0          0          0          0          0   iusefp.o
        34          0          0          0          0         72   llshl.o
        40          0          0          0          0         72   llsshr.o
        36          0          0          0          0         72   llushr.o
        44          0          0          0          0         60   memcpya.o
        50          0          0          0          0        112   memseta.o
         2          0          0          0          0         60   printf1.o
       942          8          0          0          0        420   printf6.o
      2330         98          0          0          0        520   printfa.o
         2          0          0          0          0         60   printfb.o
        26          0          0          0          0         60   strcpy.o
        22          0          0          0          0         60   strlen.o
        40          0          0          0          0         72   strncmp.o
        36          0          0          0          0         72   strncpy.o
       116          4          0          0          0         92   strtol.o
        54          0          0          0          0         72   uidiv.o
       104          0          0          0          0         96   uldiv.o
        40          0          0          0          0         68   cdrcmple.o
       360          4          0          0          0        152   dadd.o
       244          6          0          0          0         96   ddiv.o
       242          0          0          0          0        232   depilogue.o
        68         10          0          0          0         80   dfixul.o
       212          6          0          0          0        100   dmul.o

    ----------------------------------------------------------------------
      5616        160        136          4          0       3280   Library Totals
        10          0          3          0          0          0   (incl. Padding)

    ----------------------------------------------------------------------

      Code (inc. data)   RO Data    RW Data    ZI Data      Debug   Library Name

      4440        134        133          4          0       2552   mc_t.l
      1166         26          0          0          0        728   mf_t.l

    ----------------------------------------------------------------------
      5616        160        136          4          0       3280   Library Totals

    ----------------------------------------------------------------------

==============================================================================


      Code (inc. data)   RO Data    RW Data    ZI Data      Debug   

     80308       4116       2960        424       7688     252617   Grand Totals
     80308       4116       2960        120       7688     252617   ELF Image Totals (compressed)
     80308       4116       2960        120          0          0   ROM Totals

==============================================================================

    Total RO  Size (Code + RO Data)                83268 (  81.32kB)
    Total RW  Size (RW Data + ZI Data)              8112 (   7.92kB)
    Total ROM Size (Code + RO Data + RW Data)      83388 (  81.43kB)

==============================================================================

