Component: ARM Compiler 5.06 update 6 (build 750) Tool: armlink [4d35ed]

==============================================================================

Section Cross References

    can.o(.text) refers to device.o(.text) for rt_device_set_rx_indicate
    can.o(.text) refers to memcpya.o(.text) for __aeabi_memcpy
    can.o(.text) refers to canfunc.o(.text) for HwEnCAN
    can.o(.text) refers to context_rvds.o(.text) for rt_hw_interrupt_disable
    can.o(.text) refers to interrupt.o(.text) for rt_hw_interrupt_umask
    can.o(.text) refers to canapp.o(.text) for CANSendData
    can.o(.text) refers to uidiv.o(.text) for __aeabi_uidivmod
    can.o(.text) refers to kservice.o(.text) for rt_kprintf
    can.o(.text) refers to can.o(.bss) for can1
    can.o(.text) refers to canapp.o(.constdata) for USE_EWL_CAN
    can.o(.text) refers to can.o(.data) for e
    can.o(.text) refers to can.o(.constdata) for __FUNCTION__
    canapp.o(.text) refers to canfunc.o(.text) for WriteCanTxBuf
    canapp.o(.text) refers to canapp.o(.constdata) for USE_TPM_CAN
    sureqi.o(.text) refers to kservice.o(.text) for rt_kprintf
    sureqi.o(.text) refers to printf8.o(i.__0sprintf$8) for __2sprintf
    sureqi.o(.text) refers to common.o(.constdata) for C_aAsciiTable
    sureqi.o(.text) refers to device.o(.text) for rt_device_find
    sureqi.o(.text) refers to kservice.o(.text) for rt_kprintf
    sureqi.o(.text) refers to uidiv.o(.text) for __aeabi_uidivmod
    sureqi.o(.text) refers to sureqi.o(.data) for uart2
    sureqi.o(FSymTab) refers to sureqi.o(.constdata) for __fsym_SuReQiSet_name
    sureqi.o(FSymTab) refers to sureqi.o(.text) for SuReQiSet
    adc.o(.text) refers to uidiv.o(.text) for __aeabi_uidivmod
    adc.o(.text) refers to adc.o(.text) for GetAdcSmoothly
    adc.o(.text) refers to adc.o(.data) for WenDuBuff
    pwm.o(.text) refers to uidiv.o(.text) for __aeabi_uidivmod
    pwm.o(.text) refers to pwm.o(.constdata) for c_apdwPwmMr
    pwm.o(FSymTab) refers to pwm.o(.constdata) for __fsym_PwmChange_name
    pwm.o(FSymTab) refers to pwm.o(.text) for PwmChange
    clock.o(.text) refers to thread.o(.text) for rt_thread_self
    clock.o(.text) refers to timer.o(.text) for rt_timer_check
    clock.o(.text) refers to clock.o(.data) for rt_tick
    clock.o(.text) refers to uidiv.o(.text) for __aeabi_uidivmod
    device.o(.text) refers to object.o(.text) for rt_object_init
    device.o(.text) refers to kservice.o(.text) for rt_kprintf
    device.o(.text) refers to thread.o(.text) for rt_thread_self
    device.o(.text) refers to scheduler.o(.text) for rt_enter_critical
    device.o(.text) refers to object.o(.data) for rt_object_container
    device.o(.text) refers to object.o(.text) for rt_object_detach
    device.o(.text) refers to kservice.o(.text) for rt_kprintf
    idle.o(.text) refers to thread.o(.text) for rt_thread_init
    idle.o(.text) refers to idle.o(.bss) for rt_thread_stack
    ipc.o(.text) refers to thread.o(.text) for rt_thread_suspend
    ipc.o(.text) refers to object.o(.text) for rt_object_init
    ipc.o(.text) refers to context_rvds.o(.text) for rt_hw_interrupt_disable
    ipc.o(.text) refers to timer.o(.text) for rt_timer_control
    ipc.o(.text) refers to scheduler.o(.text) for rt_schedule
    ipc.o(.text) refers to clock.o(.text) for rt_tick_get
    ipc.o(.text) refers to context_rvds.o(.text) for rt_hw_interrupt_disable
    ipc.o(.text) refers to thread.o(.text) for rt_thread_resume
    ipc.o(.text) refers to ipc.o(.text) for rt_list_isempty
    ipc.o(.text) refers to ipc.o(.text) for rt_ipc_list_resume_all
    ipc.o(.text) refers to object.o(.text) for rt_object_detach
    ipc.o(.text) refers to ipc.o(.text) for rt_sem_take
    ipc.o(.text) refers to ipc.o(.text) for rt_ipc_list_resume_all
    ipc.o(.text) refers to object.o(.text) for rt_object_detach
    ipc.o(.text) refers to ipc.o(.text) for rt_ipc_list_resume_all
    ipc.o(.text) refers to object.o(.text) for rt_object_detach
    irq.o(.text) refers to context_rvds.o(.text) for rt_hw_interrupt_disable
    irq.o(.text) refers to irq.o(.data) for rt_interrupt_nest
    kservice.o(.text) refers to thread.o(.text) for rt_thread_self
    kservice.o(.text) refers to kservice.o(.data) for errno
    kservice.o(.text) refers to thread.o(.text) for rt_thread_self
    kservice.o(.text) refers to uidiv.o(.text) for __aeabi_uidivmod
    kservice.o(.text) refers to kservice.o(.data) for errno
    kservice.o(.text) refers to kservice.o(.constdata) for large_digits
    kservice.o(.text) refers to board.o(.text) for rt_hw_console_output
    kservice.o(.text) refers to device.o(.text) for rt_device_write
    kservice.o(.text) refers to kservice.o(.bss) for rt_log_buf
    kservice.o(.text) refers to kservice.o(.text) for rt_strlen
    kservice.o(.text) refers to kservice.o(.text) for rt_memcmp
    kservice.o(.text) refers to kservice.o(.text) for vsnprintf
[...]
    StopZiDongPaiWu                          0x0000f50c   ARM Code      68  actionthread.o(.text)
    DoZuoBianJieShu                          0x0000f550   ARM Code    1424  actionthread.o(.text)
    AllowJiaRePower                          0x0000fae0   ARM Code      88  actionthread.o(.text)
    JiaReThreadEntry                         0x0000fb38   ARM Code      84  actionthread.o(.text)
    StartJiaReChuangDian                     0x0000fb8c   ARM Code     108  actionthread.o(.text)
    StopJiaReChuangDian                      0x0000fbf8   ARM Code      76  actionthread.o(.text)
    ReShuiTimer                              0x0000fc44   ARM Code     960  actionthread.o(.text)
    .text                                    0x000103f0   Section        0  sensor.o(.text)
    SensorList                               0x000103f0   ARM Code    1092  sensor.o(.text)
    AutoSensor                               0x00010834   ARM Code     108  sensor.o(.text)
    ChengZhongReadCount                      0x000108a0   ARM Code     508  sensor.o(.text)
    ChengZhongRegToG                         0x00010a9c   ARM Code     132  sensor.o(.text)
    SensorHwInit                             0x00010b20   ARM Code     172  sensor.o(.text)
    SensorCheck                              0x00010bcc   ARM Code    1296  sensor.o(.text)
    .text                                    0x000114f0   Section        0  sensor.o(.text)
    .text                                    0x00011518   Section        0  application.o(.text)
    .text                                    0x000115f4   Section        0  common.o(.text)
    .text                                    0x00011628   Section        0  uidiv.o(.text)
    .text                                    0x00011660   Section        0  idiv.o(.text)
    .text                                    0x00011694   Section        0  ctype_o.o(.text)
    .text                                    0x000116a4   Section        0  memcpya.o(.text)
    .text                                    0x000116d0   Section        0  memseta.o(.text)
    .text                                    0x00011704   Section        0  strncpy.o(.text)
    .text                                    0x00011728   Section        0  strlen.o(.text)
    .text                                    0x00011740   Section        0  strncmp.o(.text)
    .text                                    0x00011768   Section        0  atoi.o(.text)
    .text                                    0x00011790   Section        0  dadd.o(.text)
    .text                                    0x00011900   Section        0  ddiv.o(.text)
    .text                                    0x000119fc   Section        0  ffltui.o(.text)
    .text                                    0x00011a18   Section        0  dfixui.o(.text)
    .text                                    0x00011a60   Section        0  f2d.o(.text)
    .text                                    0x00011a88   Section        0  llshl.o(.text)
    .text                                    0x00011aaa   Section        0  llushr.o(.text)
    .text                                    0x00011ace   Section        0  llsshr.o(.text)
    .text                                    0x00011af8   Section        0  strtol.o(.text)
    .text                                    0x00011b6c   Section        0  iusefp.o(.text)
    .text                                    0x00011b6c   Section        0  fepilogue.o(.text)
    .text                                    0x00011bee   Section        0  depilogue.o(.text)
    .text                                    0x00011cbc   Section       32  init.o(.text)
    .text                                    0x00011cdc   Section        0  _strtoul.o(.text)
    .text                                    0x00011d88   Section        0  _chval.o(.text)
    .text                                    0x00011da8   Section        0  __dczerorl2.o(.text)
    i.__ARM_clz                              0x00011e44   Section        0  depilogue.o(i.__ARM_clz)
    i.__ARM_common_call_via_r3               0x00011e72   Section        2  init.o(i.__ARM_common_call_via_r3)
    i.__aeabi_errno_addr                     0x00011e74   Section        0  errno.o(i.__aeabi_errno_addr)
    i.__scatterload_copy                     0x00011e7c   Section       28  handlers.o(i.__scatterload_copy)
    i.__scatterload_null                     0x00011e98   Section        4  handlers.o(i.__scatterload_null)
    i.__scatterload_zeroinit                 0x00011e9c   Section       24  handlers.o(i.__scatterload_zeroinit)
    .constdata                               0x00011eb4   Section       13  can.o(.constdata)
    __FUNCTION__                             0x00011eb4   Data          13  can.o(.constdata)
    .constdata                               0x00011ec4   Section       80  canapp.o(.constdata)
    .constdata                               0x00011f14   Section       31  sureqi.o(.constdata)
    .constdata                               0x00011f34   Section       64  pwm.o(.constdata)
    c_apdwPwmMr                              0x00011f34   Data          28  pwm.o(.constdata)
    .constdata                               0x00011f74   Section       34  kservice.o(.constdata)
    small_digits                             0x00011f74   Data          17  kservice.o(.constdata)
    large_digits                             0x00011f85   Data          17  kservice.o(.constdata)
    .constdata                               0x00011f96   Section      256  scheduler.o(.constdata)
    .constdata                               0x00012098   Section      352  cmd.o(.constdata)
    .constdata                               0x000121f8   Section      196  finsh_ops.o(.constdata)
    .constdata                               0x000122bc   Section       64  finsh_token.o(.constdata)
    finsh_name_table                         0x000122bc   Data          64  finsh_token.o(.constdata)
    .constdata                               0x000122fc   Section      800  actionthread.o(.constdata)
    __FUNCTION__                             0x000124fe   Data          34  actionthread.o(.constdata)
    __FUNCTION__                             0x00012520   Data          40  actionthread.o(.constdata)
    __FUNCTION__                             0x00012548   Data          39  actionthread.o(.constdata)
    __FUNCTION__                             0x0001256f   Data          33  actionthread.o(.constdata)
    __FUNCTION__                             0x00012590   Data          24  actionthread.o(.constdata)
    __FUNCTION__                             0x000125a8   Data          28  actionthread.o(.constdata)
    __FUNCTION__                             0x000125c4   Data          29  actionthread.o(.constdata)
    __FUNCTION__                             0x000125e1   Data          34  actionthread.o(.constdata)
    __FUNCTION__                             0x00012603   Data          25  actionthread.o(.constdata)
    .constdata                               0x0001261c   Section       92  sensor.o(.constdata)
    .constdata                               0x00012678   Section      129  ctype_o.o(.constdata)
    .constdata                               0x000126fc   Section        4  ctype_o.o(.constdata)
    table                                    0x000126fc   Data           4  ctype_o.o(.constdata)
    .conststring                             0x00012700   Section      268  cmd.o(.conststring)
    .conststring                             0x0001280c   Section      243  finsh_error.o(.conststring)
    .conststring                             0x00012900   Section       62  finsh_token.o(.conststring)
    .conststring                             0x00012940   Section      112  sensor.o(.conststring)
    FSymTab                                  0x000129b0   Section       12  sureqi.o(FSymTab)
    FSymTab                                  0x000129bc   Section       12  pwm.o(FSymTab)
    FSymTab                                  0x000129c8   Section      108  cmd.o(FSymTab)
    FSymTab                                  0x00012a34   Section      120  actionthread.o(FSymTab)
    FSymTab                                  0x00012aac   Section       24  sensor.o(FSymTab)
    VSymTab                                  0x00012ae4   Section       16  cmd.o(VSymTab)
    VSymTab                                  0x00012af4   Section       48  actionthread.o(VSymTab)
    .data                                    0x40000000   Section        4  can.o(.data)
    e                                        0x40000000   Data           4  can.o(.data)
    .data                                    0x40000004   Section        4  sureqi.o(.data)
    .data                                    0x40000008   Section        4  clock.o(.data)
    rt_tick                                  0x40000008   Data           4  clock.o(.data)
    .data                                    0x4000000c   Section        1  irq.o(.data)
    .data                                    0x40000010   Section        8  kservice.o(.data)
    _console_device                          0x40000014   Data           4  kservice.o(.data)
    .data                                    0x40000018   Section       96  object.o(.data)
    .data                                    0x40000078   Section       16  scheduler.o(.data)
    rt_scheduler_lock_nest                   0x40000078   Data           2  scheduler.o(.data)
    .data                                    0x40000088   Section       18  timer.o(.data)
    rt_timer_list                            0x40000088   Data           8  timer.o(.data)
    rt_soft_timer_list                       0x40000090   Data           8  timer.o(.data)
    timer_ex_cnt                             0x40000098   Data           2  timer.o(.data)
    .data                                    0x4000009c   Section       12  interrupt.o(.data)
    .data                                    0x400000a8   Section        4  cmd.o(.data)
    dummy                                    0x400000a8   Data           4  cmd.o(.data)
    .data                                    0x400000ac   Section        8  finsh_compiler.o(.data)
    .data                                    0x400000b4   Section       64  finsh_error.o(.data)
    finsh_error_string_table                 0x400000b8   Data          60  finsh_error.o(.data)
    .data                                    0x400000f4   Section        8  finsh_heap.o(.data)
    free_list                                0x400000f4   Data           4  finsh_heap.o(.data)
    allocate_list                            0x400000f8   Data           4  finsh_heap.o(.data)
    .data                                    0x400000fc   Section        4  finsh_var.o(.data)
    .data                                    0x40000100   Section       12  finsh_vm.o(.data)
    .data                                    0x4000010c   Section        4  shell.o(.data)
    .data                                    0x40000110   Section       16  symbol.o(.data)
    .data                                    0x40000120   Section       12  cananalyzer.o(.data)
    counter                                  0x40000128   Data           4  cananalyzer.o(.data)
    .data                                    0x4000012c   Section       35  actionthread.o(.data)
    m_SuReQiState                            0x40000133   Data           1  actionthread.o(.data)
    m_SuReQiLengShuiTimer                    0x40000134   Data           1  actionthread.o(.data)
    mbPool                                   0x40000148   Data           4  actionthread.o(.data)
    ZiDongPaiWuThreadRun                     0x4000014c   Data           1  actionthread.o(.data)
    JiaReThreadRun                           0x4000014d   Data           1  actionthread.o(.data)
    cmdbuf                                   0x4000014e   Data           1  actionthread.o(.data)
    .data                                    0x40000150   Section       54  sensor.o(.data)
    m_lastBianMen                            0x4000015e   Data           1  sensor.o(.data)
    m_lastzhushui                            0x4000015f   Data           1  sensor.o(.data)
    g_actionzhushui                          0x40000160   Data           1  sensor.o(.data)
    g_zhushui_time                           0x40000161   Data           1  sensor.o(.data)
    g_qidong_time                            0x40000162   Data           1  sensor.o(.data)
    g_actionzuobianquan                      0x40000163   Data           1  sensor.o(.data)
    m_lastbianmenguanbi                      0x40000164   Data           1  sensor.o(.data)
    g_zuobianquan_time                       0x40000165   Data           1  sensor.o(.data)
    DianJiDianLiuAD1                         0x40000166   Data           2  sensor.o(.data)
    DaDianJiGuoliuCount                      0x40000168   Data           1  sensor.o(.data)
    m_waterIO                                0x40000169   Data           1  sensor.o(.data)
    m_flag_waterIO                           0x4000016a   Data           1  sensor.o(.data)
    water_cnt                                0x4000016c   Data           2  sensor.o(.data)
    g_chengzhong_time                        0x40000170   Data           4  sensor.o(.data)
    TuoJiaZhongLiang                         0x40000174   Data           2  sensor.o(.data)
    g_wendu_time                             0x4000017c   Data           4  sensor.o(.data)
    flag_zhushuibutton                       0x40000180   Data           1  sensor.o(.data)
    m_shuiwei                                0x40000181   Data           1  sensor.o(.data)
    g_zengyafa_time                          0x40000182   Data           1  sensor.o(.data)
    flag_zengyafa                            0x40000183   Data           1  sensor.o(.data)
    m_lastdabian                             0x40000184   Data           1  sensor.o(.data)
    init                                     0x40000185   Data           1  sensor.o(.data)
    .data                                    0x40000188   Section        4  errno.o(.data)
    _errno                                   0x40000188   Data           4  errno.o(.data)
    .bss                                     0x4000018c   Section      132  can.o(.bss)
    .bss                                     0x40000210   Section      252  idle.o(.bss)
    idle                                     0x40000210   Data         124  idle.o(.bss)
    rt_thread_stack                          0x4000028c   Data         128  idle.o(.bss)
    .bss                                     0x4000030c   Section      128  kservice.o(.bss)
    rt_log_buf                               0x4000030c   Data         128  kservice.o(.bss)
    .bss                                     0x4000038c   Section      256  scheduler.o(.bss)
    .bss                                     0x4000048c   Section      668  timer.o(.bss)
    timer_thread                             0x4000048c   Data         124  timer.o(.bss)
    timer_thread_stack                       0x40000508   Data         512  timer.o(.bss)
    timer_sem                                0x40000708   Data          32  timer.o(.bss)
    .bss                                     0x40000728   Section      288  serial.o(.bss)
    .bss                                     0x40000848   Section      128  finsh_heap.o(.bss)
    .bss                                     0x400008c8   Section      320  finsh_node.o(.bss)
    .bss                                     0x40000a08   Section      192  finsh_var.o(.bss)
    .bss                                     0x40000ac8   Section      384  finsh_vm.o(.bss)
    .bss                                     0x40000c48   Section     2856  shell.o(.bss)
    finsh_thread                             0x40000c48   Data         124  shell.o(.bss)
    finsh_thread_stack                       0x40000cc4   Data        2048  shell.o(.bss)
    .bss                                     0x40001770   Section       44  cananalyzer.o(.bss)
    timer10                                  0x40001770   Data          44  cananalyzer.o(.bss)
    .bss                                     0x4000179c   Section     2048  actionthread.o(.bss)
    thread_rotate                            0x400017ac   Data         124  actionthread.o(.bss)
    thread_rotate_stack                      0x40001828   Data         512  actionthread.o(.bss)
    m_mb                                     0x40001a28   Data          48  actionthread.o(.bss)
    m_evt                                    0x40001a58   Data          32  actionthread.o(.bss)
    zidongpaiwu_stack                        0x40001a78   Data         512  actionthread.o(.bss)
    zidongpaiwu_thread                       0x40001c78   Data         124  actionthread.o(.bss)
    chuangdianjiare_stack                    0x40001cf4   Data         512  actionthread.o(.bss)
    chuangdianjiare_thread                   0x40001ef4   Data         124  actionthread.o(.bss)
    reshui_timer                             0x40001f70   Data          44  actionthread.o(.bss)
    .bss                                     0x40001f9c   Section      108  sensor.o(.bss)
    m_lastSensorStatus                       0x40001fa6   Data          10  sensor.o(.bss)
    sensorTimer                              0x40001fb0   Data          44  sensor.o(.bss)
    t                                        0x40001fdc   Data          44  sensor.o(.bss)
    .bss                                     0x40002008   Section     2172  application.o(.bss)
    STACK                                    0x40002888   Section      768  start_rvds.o(STACK)
    Stack_Top                                0x40002b88   Data           0  start_rvds.o(STACK)

    Global Symbols

    Symbol Name                              Value     Ov Type        Size  Object(Section)

    BuildAttributes$$THM_ISAv1$ARM_ISAv4$S$PE$A:L22$X:L11$S22$IEEE1$IW$USESV6$~STKCKD$USESV7$~SHL$OTIME$ROPI$EBA8$MICROLIB$REQ8$PRES8$EABIv2 0x00000000   Number         0  anon$$obj.o ABSOLUTE
    __ARM_use_no_argv                        0x00000000   Number         0  startup.o ABSOLUTE
    _printf_a                                0x00000000   Number         0  stubs.o ABSOLUTE
    _printf_c                                0x00000000   Number         0  stubs.o ABSOLUTE
    _printf_charcount                        0x00000000   Number         0  stubs.o ABSOLUTE
    _printf_d                                0x00000000   Number         0  stubs.o ABSOLUTE
    _printf_e                                0x00000000   Number         0  stubs.o ABSOLUTE
    _printf_f                                0x00000000   Number         0  stubs.o ABSOLUTE
    _printf_flags                            0x00000000   Number         0  stubs.o ABSOLUTE
    _printf_fp_dec                           0x00000000   Number         0  stubs.o ABSOLUTE
    _printf_fp_hex                           0x00000000   Number         0  stubs.o ABSOLUTE
    _printf_g                                0x00000000   Number         0  stubs.o ABSOLUTE
    _printf_i                                0x00000000   Number         0  stubs.o ABSOLUTE
    _printf_int_dec                          0x00000000   Number         0  stubs.o ABSOLUTE
    _printf_l                                0x00000000   Number         0  stubs.o ABSOLUTE
    _printf_lc                               0x00000000   Number         0  stubs.o ABSOLUTE
    _printf_ll                               0x00000000   Number         0  stubs.o ABSOLUTE
    _printf_lld                              0x00000000   Number         0  stubs.o ABSOLUTE
    _printf_lli                              0x00000000   Number         0  stubs.o ABSOLUTE
    _printf_llo                              0x00000000   Number         0  stubs.o ABSOLUTE
    _printf_llu                              0x00000000   Number         0  stubs.o ABSOLUTE
    _printf_llx                              0x00000000   Number         0  stubs.o ABSOLUTE
    _printf_longlong_dec                     0x00000000   Number         0  stubs.o ABSOLUTE
    _printf_longlong_hex                     0x00000000   Number         0  stubs.o ABSOLUTE
    _printf_longlong_oct                     0x00000000   Number         0  stubs.o ABSOLUTE
    _printf_ls                               0x00000000   Number         0  stubs.o ABSOLUTE
    _printf_mbtowc                           0x00000000   Number         0  stubs.o ABSOLUTE
    _printf_n                                0x00000000   Number         0  stubs.o ABSOLUTE
    _printf_o                                0x00000000   Number         0  stubs.o ABSOLUTE
    _printf_p                                0x00000000   Number         0  stubs.o ABSOLUTE
    _printf_percent                          0x00000000   Number         0  stubs.o ABSOLUTE
    _printf_pre_padding                      0x00000000   Number         0  stubs.o ABSOLUTE
    _printf_return_value                     0x00000000   Number         0  stubs.o ABSOLUTE
    _printf_s                                0x00000000   Number         0  stubs.o ABSOLUTE
    _printf_sizespec                         0x00000000   Number         0  stubs.o ABSOLUTE
    _printf_str                              0x00000000   Number         0  stubs.o ABSOLUTE
    _printf_truncate_signed                  0x00000000   Number         0  stubs.o ABSOLUTE
    _printf_truncate_unsigned                0x00000000   Number         0  stubs.o ABSOLUTE
    _printf_u                                0x00000000   Number         0  stubs.o ABSOLUTE
    _printf_wc                               0x00000000   Number         0  stubs.o ABSOLUTE
    _printf_wctomb                           0x00000000   Number         0  stubs.o ABSOLUTE
    _printf_widthprec                        0x00000000   Number         0  stubs.o ABSOLUTE
    _printf_x                                0x00000000   Number         0  stubs.o ABSOLUTE
    __cpp_initialize__aeabi_                  - Undefined Weak Reference
    __cxa_finalize                            - Undefined Weak Reference
    _clock_init                               - Undefined Weak Reference
    _microlib_exit                            - Undefined Weak Reference
    Reset_Handler                            0x00000054   ARM Code       0  start_rvds.o(RESET)
    IRQ_Handler                              0x000000ec   ARM Code      40  start_rvds.o(RESET)
    rt_hw_context_switch_interrupt_do        0x00000114   ARM Code     116  start_rvds.o(RESET)
    __main                                   0x000001a4   ARM Code       0  entry.o(.ARM.Collect$$$$00000000)
    _main_stk                                0x000001a4   ARM Code       0  entry2.o(.ARM.Collect$$$$00000001)
    _main_scatterload                        0x000001a8   ARM Code       0  entry5.o(.ARM.Collect$$$$00000004)
    __main_after_scatterload                 0x000001ac   ARM Code       0  entry5.o(.ARM.Collect$$$$00000004)
    _main_clock                              0x000001ac   ARM Code       0  entry7b.o(.ARM.Collect$$$$00000008)
    _main_cpp_init                           0x000001ac   ARM Code       0  entry8b.o(.ARM.Collect$$$$0000000A)
    _main_init                               0x000001ac   ARM Code       0  entry9a.o(.ARM.Collect$$$$0000000B)
    __rt_final_cpp                           0x000001b8   ARM Code       0  entry10a.o(.ARM.Collect$$$$0000000D)
    __rt_final_exit                          0x000001b8   ARM Code       0  entry11a.o(.ARM.Collect$$$$0000000F)
    CanOpen                                  0x000001bc   ARM Code      52  can.o(.text)
    CanWrite                                 0x000001f0   ARM Code     116  can.o(.text)
    CanRead                                  0x00000264   ARM Code      56  can.o(.text)
    rt_hw_can_rx_isr                         0x000002f4   ARM Code     504  can.o(.text)
    rt_hw_can_init                           0x000007b8   ARM Code     156  can.o(.text)
    CANSendData                              0x000008f4   ARM Code     316  canapp.o(.text)
    HwEnCAN                                  0x00000a34   ARM Code     260  canfunc.o(.text)
    SoftRstCAN                               0x00000b38   ARM Code      68  canfunc.o(.text)
    SoftEnCAN                                0x00000b7c   ARM Code      64  canfunc.o(.text)
    CanSendCmd                               0x00000bbc   ARM Code     976  canfunc.o(.text)
    WriteCanTxBuf                            0x00000f8c   ARM Code     492  canfunc.o(.text)
    CanQuitSM                                0x00001178   ARM Code     172  canfunc.o(.text)
    SuReQiInit                               0x00001244   ARM Code      44  sureqi.o(.text)
    SuReQiSet                                0x00001270   ARM Code     252  sureqi.o(.text)
    SuReQiRead                               0x0000136c   ARM Code     632  sureqi.o(.text)
    AdcInit                                  0x000015e4   ARM Code      72  adc.o(.text)
    Adc                                      0x0000162c   ARM Code      92  adc.o(.text)
    GetAdcSmoothly                           0x00001688   ARM Code     108  adc.o(.text)
    PwmEnable                                0x000016fc   ARM Code      16  pwm.o(.text)
    PwmInit                                  0x0000170c   ARM Code     200  pwm.o(.text)
    PwmChange                                0x000017d4   ARM Code      72  pwm.o(.text)
    rt_system_tick_init                      0x0000182c   ARM Code      16  clock.o(.text)
    rt_tick_get                              0x0000183c   ARM Code      12  clock.o(.text)
    rt_tick_increase                         0x00001848   ARM Code      80  clock.o(.text)
    rt_device_register                       0x0000189c   ARM Code      64  device.o(.text)
    rt_device_init_all                       0x000018dc   ARM Code     132  device.o(.text)
    rt_device_find                           0x00001960   ARM Code     132  device.o(.text)
    rt_device_open                           0x000019e4   ARM Code     212  device.o(.text)
    rt_device_close                          0x00001ab8   ARM Code     140  device.o(.text)
    rt_device_read                           0x00001b44   ARM Code      80  device.o(.text)
    rt_device_write                          0x00001b94   ARM Code      80  device.o(.text)
    rt_device_set_rx_indicate                0x00001be4   ARM Code      16  device.o(.text)
    rt_thread_idle_init                      0x00001bfc   ARM Code      72  idle.o(.text)
    rt_sem_init                              0x00001d1c   ARM Code      64  ipc.o(.text)
    rt_sem_take                              0x00001d5c   ARM Code     192  ipc.o(.text)
    rt_sem_release                           0x00001e1c   ARM Code     100  ipc.o(.text)
    rt_event_init                            0x00001e80   ARM Code      60  ipc.o(.text)
    rt_event_send                            0x00001ebc   ARM Code     288  ipc.o(.text)
    rt_event_recv                            0x00001fdc   ARM Code     336  ipc.o(.text)
    rt_mb_init                               0x0000212c   ARM Code      96  ipc.o(.text)
    rt_mb_send_wait                          0x0000218c   ARM Code     368  ipc.o(.text)
    rt_mb_send                               0x000022fc   ARM Code      36  ipc.o(.text)
    rt_mb_recv                               0x00002320   ARM Code     372  ipc.o(.text)
    rt_interrupt_enter                       0x00002500   ARM Code      48  irq.o(.text)
    rt_interrupt_leave                       0x00002530   ARM Code      48  irq.o(.text)
    rt_set_errno                             0x00002564   ARM Code      52  kservice.o(.text)
    rt_memset                                0x00002598   ARM Code     132  kservice.o(.text)
    rt_strlen                                0x0000261c   ARM Code      36  kservice.o(.text)
    rt_strncpy                               0x00002640   ARM Code      44  kservice.o(.text)
    rt_strncmp                               0x0000266c   ARM Code      84  kservice.o(.text)
    rt_kprintf                               0x00002e20   ARM Code     112  kservice.o(.text)
    rt_show_version                          0x00002e90   ARM Code      56  kservice.o(.text)
    rt_system_object_init                    0x00002f54   ARM Code       4  object.o(.text)
    rt_object_init                           0x00002f58   ARM Code     120  object.o(.text)
    rt_object_detach                         0x00002fd0   ARM Code      68  object.o(.text)
    rt_object_is_systemobject                0x00003014   ARM Code      36  object.o(.text)
    rt_system_scheduler_init                 0x0000303c   ARM Code      92  scheduler.o(.text)
    rt_system_scheduler_start                0x00003098   ARM Code     196  scheduler.o(.text)
    rt_schedule                              0x0000315c   ARM Code     296  scheduler.o(.text)
    rt_schedule_insert_thread                0x00003284   ARM Code     108  scheduler.o(.text)
    rt_schedule_remove_thread                0x000032f0   ARM Code     136  scheduler.o(.text)
    rt_enter_critical                        0x00003378   ARM Code      56  scheduler.o(.text)
    rt_exit_critical                         0x000033b0   ARM Code      96  scheduler.o(.text)
    rt_thread_timeout                        0x0000344c   ARM Code      48  thread.o(.text)
    rt_thread_init                           0x000035a0   ARM Code      80  thread.o(.text)
    rt_thread_self                           0x000035f0   ARM Code      12  thread.o(.text)
    rt_thread_resume                         0x000035fc   ARM Code      92  thread.o(.text)
    rt_thread_startup                        0x00003658   ARM Code      60  thread.o(.text)
    rt_thread_detach                         0x00003694   ARM Code      52  thread.o(.text)
    rt_thread_yield                          0x000036c8   ARM Code     140  thread.o(.text)
    rt_thread_suspend                        0x00003754   ARM Code      72  thread.o(.text)
    rt_thread_sleep                          0x0000379c   ARM Code      96  thread.o(.text)
    rt_thread_delay                          0x000037fc   ARM Code      24  thread.o(.text)
    rt_timer_init                            0x000038a8   ARM Code      76  timer.o(.text)
    rt_timer_detach                          0x000038f4   ARM Code      52  timer.o(.text)
    rt_timer_start                           0x00003928   ARM Code     200  timer.o(.text)
    rt_timer_stop                            0x000039f0   ARM Code      80  timer.o(.text)
    rt_timer_control                         0x00003a40   ARM Code     124  timer.o(.text)
    rt_soft_timer_tick_increase              0x00003abc   ARM Code      68  timer.o(.text)
    rt_timer_check                           0x00003b00   ARM Code     220  timer.o(.text)
    rt_soft_timer_check                      0x00003bdc   ARM Code     180  timer.o(.text)
    rt_system_timer_init                     0x00003cb0   ARM Code      48  timer.o(.text)
    rt_system_timer_thread_init              0x00003ce0   ARM Code      72  timer.o(.text)
    rt_hw_timer_handler                      0x00003d58   ARM Code      48  board.o(.text)
    rt_hw_console_output                     0x00003d88   ARM Code     108  board.o(.text)
    rt_hw_console_init                       0x00003df4   ARM Code      52  board.o(.text)
    rt_hw_board_init                         0x00003e28   ARM Code      80  board.o(.text)
    rtthread_startup                         0x00003e84   ARM Code      80  startup.o(.text)
    main                                     0x00003ed4   ARM Code     212  startup.o(.text)
    rt_hw_interrupt_handler                  0x00003fb4   ARM Code      28  interrupt.o(.text)
    rt_hw_interrupt_init                     0x00003fd0   ARM Code     116  interrupt.o(.text)
    rt_hw_interrupt_umask                    0x00004044   ARM Code      20  interrupt.o(.text)
    rt_hw_interrupt_install                  0x00004058   ARM Code      88  interrupt.o(.text)
    rt_hw_uart_isr                           0x000040e8   ARM Code     236  serial.o(.text)
    rt_hw_uart_isr_1                         0x000041d4   ARM Code      24  serial.o(.text)
    rt_hw_uart_isr_2                         0x000041ec   ARM Code      24  serial.o(.text)
    rt_hw_serial_init                        0x0000449c   ARM Code     544  serial.o(.text)
    rt_hw_stack_init                         0x00004714   ARM Code     224  stack.o(.text)
    rt_hw_trap_irq                           0x000047f4   ARM Code      36  trap.o(.text)
    rt_hw_interrupt_disable                  0x00004818   ARM Code      16  context_rvds.o(.text)
    rt_hw_interrupt_enable                   0x00004828   ARM Code       8  context_rvds.o(.text)
    rt_hw_context_switch                     0x00004830   ARM Code      52  context_rvds.o(.text)
    rt_hw_context_switch_to                  0x00004864   ARM Code      24  context_rvds.o(.text)
    rt_hw_context_switch_interrupt           0x0000487c   ARM Code      44  context_rvds.o(.text)
    hello                                    0x000048dc   ARM Code      24  cmd.o(.text)
    version                                  0x000048f4   ARM Code      20  cmd.o(.text)
    list_thread                              0x00004908   ARM Code     228  cmd.o(.text)
    list_sem                                 0x00004a34   ARM Code     384  cmd.o(.text)
    list_event                               0x00004bb4   ARM Code      92  cmd.o(.text)
    list_mailbox                             0x00004c10   ARM Code     168  cmd.o(.text)
    list_timer                               0x00004cb8   ARM Code     436  cmd.o(.text)
    list_device                              0x00004e6c   ARM Code     104  cmd.o(.text)
    list                                     0x00004ed4   ARM Code     192  cmd.o(.text)
    list_prefix                              0x00004fdc   ARM Code     696  cmd.o(.text)
    finsh_compiler_run                       0x000082dc   ARM Code     172  finsh_compiler.o(.text)
    finsh_error_init                         0x00008394   ARM Code      16  finsh_error.o(.text)
    finsh_error_set                          0x000083a4   ARM Code      20  finsh_error.o(.text)
    finsh_errno                              0x000083b8   ARM Code      12  finsh_error.o(.text)
    finsh_error_string                       0x000083c4   ARM Code      16  finsh_error.o(.text)
    finsh_heap_init                          0x000083dc   ARM Code      72  finsh_heap.o(.text)
    finsh_heap_free                          0x0000863c   ARM Code      56  finsh_heap.o(.text)
    finsh_heap_allocate                      0x000086fc   ARM Code     192  finsh_heap.o(.text)
    finsh_init                               0x000087cc   ARM Code      44  finsh_init.o(.text)
    finsh_stack_bottom                       0x000087f8   ARM Code      12  finsh_init.o(.text)
    finsh_flush                              0x00008804   ARM Code      36  finsh_init.o(.text)
    finsh_node_init                          0x0000882c   ARM Code      28  finsh_node.o(.text)
    finsh_node_allocate                      0x00008848   ARM Code      92  finsh_node.o(.text)
    finsh_node_new_id                        0x000088a4   ARM Code     240  finsh_node.o(.text)
    finsh_node_new_char                      0x00008994   ARM Code      60  finsh_node.o(.text)
    finsh_node_new_int                       0x000089d0   ARM Code      60  finsh_node.o(.text)
    finsh_node_new_long                      0x00008a0c   ARM Code      60  finsh_node.o(.text)
    finsh_node_new_string                    0x00008a48   ARM Code     128  finsh_node.o(.text)
    finsh_node_new_ptr                       0x00008ac8   ARM Code      60  finsh_node.o(.text)
    OP_no_op                                 0x00008b08   ARM Code       4  finsh_ops.o(.text)
    OP_add_byte                              0x00008b0c   ARM Code      72  finsh_ops.o(.text)
    OP_add_word                              0x00008b54   ARM Code      80  finsh_ops.o(.text)
    OP_add_dword                             0x00008ba4   ARM Code      72  finsh_ops.o(.text)
    OP_sub_byte                              0x00008bec   ARM Code      72  finsh_ops.o(.text)
    OP_sub_word                              0x00008c34   ARM Code      80  finsh_ops.o(.text)
    OP_sub_dword                             0x00008c84   ARM Code      72  finsh_ops.o(.text)
    OP_div_byte                              0x00008ccc   ARM Code      80  finsh_ops.o(.text)
    OP_div_word                              0x00008d1c   ARM Code      88  finsh_ops.o(.text)
    OP_div_dword                             0x00008d74   ARM Code      80  finsh_ops.o(.text)
    OP_mod_byte                              0x00008dc4   ARM Code      84  finsh_ops.o(.text)
    OP_mod_word                              0x00008e18   ARM Code      80  finsh_ops.o(.text)
    OP_mod_dword                             0x00008e68   ARM Code      80  finsh_ops.o(.text)
    OP_mul_byte                              0x00008eb8   ARM Code      72  finsh_ops.o(.text)
    OP_mul_word                              0x00008f00   ARM Code      80  finsh_ops.o(.text)
    OP_mul_dword                             0x00008f50   ARM Code      72  finsh_ops.o(.text)
    OP_and_byte                              0x00008f98   ARM Code      72  finsh_ops.o(.text)
    OP_and_word                              0x00008fe0   ARM Code      72  finsh_ops.o(.text)
    OP_and_dword                             0x00009028   ARM Code      72  finsh_ops.o(.text)
    OP_or_byte                               0x00009070   ARM Code      72  finsh_ops.o(.text)
    OP_or_word                               0x000090b8   ARM Code      72  finsh_ops.o(.text)
    OP_or_dword                              0x00009100   ARM Code      72  finsh_ops.o(.text)
    OP_xor_byte                              0x00009148   ARM Code      72  finsh_ops.o(.text)
    OP_xor_word                              0x00009190   ARM Code      72  finsh_ops.o(.text)
    OP_xor_dword                             0x000091d8   ARM Code      72  finsh_ops.o(.text)
    OP_bw_byte                               0x00009220   ARM Code      32  finsh_ops.o(.text)
    OP_bw_word                               0x00009240   ARM Code      32  finsh_ops.o(.text)
    OP_bw_dword                              0x00009260   ARM Code      32  finsh_ops.o(.text)
    OP_shl_byte                              0x00009280   ARM Code      72  finsh_ops.o(.text)
    OP_shl_word                              0x000092c8   ARM Code      80  finsh_ops.o(.text)
    OP_shl_dword                             0x00009318   ARM Code      72  finsh_ops.o(.text)
    OP_shr_byte                              0x00009360   ARM Code      72  finsh_ops.o(.text)
    OP_shr_word                              0x000093a8   ARM Code      72  finsh_ops.o(.text)
    OP_shr_dword                             0x000093f0   ARM Code      72  finsh_ops.o(.text)
    OP_ld_byte                               0x00009438   ARM Code      68  finsh_ops.o(.text)
    OP_ld_word                               0x0000947c   ARM Code      92  finsh_ops.o(.text)
    OP_ld_dword                              0x000094d8   ARM Code     116  finsh_ops.o(.text)
    OP_ld_value_byte                         0x0000954c   ARM Code     120  finsh_ops.o(.text)
    OP_ld_value_byte_stack                   0x000095c4   ARM Code      32  finsh_ops.o(.text)
    OP_ld_value_word                         0x000095e4   ARM Code     120  finsh_ops.o(.text)
    OP_ld_value_word_stack                   0x0000965c   ARM Code      32  finsh_ops.o(.text)
    OP_ld_value_dword                        0x0000967c   ARM Code     120  finsh_ops.o(.text)
    OP_ld_value_dword_stack                  0x000096f4   ARM Code      32  finsh_ops.o(.text)
    OP_st_byte                               0x00009714   ARM Code      52  finsh_ops.o(.text)
    OP_st_word                               0x00009748   ARM Code      52  finsh_ops.o(.text)
    OP_st_dword                              0x0000977c   ARM Code      52  finsh_ops.o(.text)
    OP_pop                                   0x000097b0   ARM Code      24  finsh_ops.o(.text)
    OP_call                                  0x000097c8   ARM Code    1904  finsh_ops.o(.text)
    finsh_parser_run                         0x0000aefc   ARM Code     380  finsh_parser.o(.text)
    finsh_parser_init                        0x0000b078   ARM Code      32  finsh_parser.o(.text)
    finsh_token_init                         0x0000b098   ARM Code      36  finsh_token.o(.text)
    token_get_string                         0x0000b79c   ARM Code     212  finsh_token.o(.text)
    finsh_token_token                        0x0000bbc8   ARM Code      52  finsh_token.o(.text)
    finsh_var_init                           0x0000bc00   ARM Code      28  finsh_var.o(.text)
    finsh_var_insert                         0x0000bc1c   ARM Code     180  finsh_var.o(.text)
    finsh_var_lookup                         0x0000bcd0   ARM Code     104  finsh_var.o(.text)
    finsh_sysvar_lookup                      0x0000bd38   ARM Code     148  finsh_var.o(.text)
    finsh_vm_run                             0x0000bddc   ARM Code     128  finsh_vm.o(.text)
    finsh_syscall_lookup                     0x0000be5c   ARM Code     148  finsh_vm.o(.text)
    strcmp                                   0x0000bf10   ARM Code      60  shell.o(.text)
    finsh_set_device                         0x0000bf70   ARM Code     136  shell.o(.text)
    finsh_auto_complete                      0x0000bff8   ARM Code      44  shell.o(.text)
    finsh_run_line                           0x0000c024   ARM Code     224  shell.o(.text)
    finsh_handle_history                     0x0000c104   ARM Code     524  shell.o(.text)
    finsh_push_history                       0x0000c310   ARM Code     248  shell.o(.text)
    finsh_thread_entry                       0x0000c408   ARM Code     848  shell.o(.text)
    finsh_system_function_init               0x0000c758   ARM Code      20  shell.o(.text)
    finsh_system_var_init                    0x0000c76c   ARM Code      20  shell.o(.text)
    finsh_system_init                        0x0000c780   ARM Code     160  shell.o(.text)
    CanRxInd                                 0x0000c85c   ARM Code    2804  cananalyzer.o(.text)
    CanAnalyzerInit                          0x0000d37c   ARM Code      76  cananalyzer.o(.text)
    rotatePAD                                0x0000d41c   ARM Code      80  actionthread.o(.text)
    rotateDining                             0x0000d46c   ARM Code     124  actionthread.o(.text)
    rotateTable                              0x0000d4e8   ARM Code      48  actionthread.o(.text)
    DoStop                                   0x0000d854   ARM Code     160  actionthread.o(.text)
    WDInit                                   0x0000d8f4   ARM Code       4  actionthread.o(.text)
    feedWD                                   0x0000d8f8   ARM Code       4  actionthread.o(.text)
    ActionSetBianPenZiDongPaiWuYanShi        0x0000dae4   ARM Code      96  actionthread.o(.text)
    ActionSetBianPenZiDongPauWuJianCeYanShi  0x0000db44   ARM Code      96  actionthread.o(.text)
    ActionSetBianPenShouDongQingJieShiJian   0x0000dba4   ARM Code      96  actionthread.o(.text)
    ActionSetHongGanShiJian                  0x0000dc04   ARM Code      96  actionthread.o(.text)
    ActionSetTunBuQingXiShiJian              0x0000dc64   ARM Code     264  actionthread.o(.text)
    ActionSetQianBuQingXiShiJian             0x0000dd6c   ARM Code      96  actionthread.o(.text)
    ActionSetZuoBianQuanQingXiShiJian        0x0000ddcc   ARM Code      96  actionthread.o(.text)
    ActionMianBanASetShuiWen                 0x0000de2c   ARM Code     108  actionthread.o(.text)
    ActionMianBanBSetShuiWen                 0x0000de98   ARM Code      60  actionthread.o(.text)
    ActionMianBanASetNuanFengWenDu           0x0000ded4   ARM Code      60  actionthread.o(.text)
    ActionMianBanBSetNuanFengWenDu           0x0000df10   ARM Code      60  actionthread.o(.text)
    ActionMianBanASetShuiLiuQiangDu          0x0000df4c   ARM Code      60  actionthread.o(.text)
    ActionMianBanBSetShuiLiuQiangDu          0x0000df88   ARM Code      60  actionthread.o(.text)
    ActionMianBanBSetZhiNengModel            0x0000dfc4   ARM Code      52  actionthread.o(.text)
    ActionStartCmd                           0x0000dff8   ARM Code      88  actionthread.o(.text)
    ActionMianBanBSetChuangDianPower         0x0000e050   ARM Code     112  actionthread.o(.text)
    ActionMianBanBSetToiletLampSwitch        0x0000e0c0   ARM Code      40  actionthread.o(.text)
    ActionMianBanBSetNightLampSwitch         0x0000e0e8   ARM Code      40  actionthread.o(.text)
    ActionMianBanBSetChuangDianWenDu         0x0000e110   ARM Code      44  actionthread.o(.text)
    ActionMianBanBSetSwitchControl           0x0000e13c   ARM Code     136  actionthread.o(.text)
    ActionStopCmd                            0x0000e1c4   ARM Code      32  actionthread.o(.text)
    DoRotatePADUp                            0x00010004   ARM Code     128  actionthread.o(.text)
    DoRotatePADDown                          0x00010084   ARM Code     128  actionthread.o(.text)
    ActionThreadEntry                        0x00010104   ARM Code     748  actionthread.o(.text)
    SensorInit                               0x000110dc   ARM Code    1028  sensor.o(.text)
    Read_Cheng_Zhong_Dout                    0x000114f0   ARM Code      36  sensor.o(.text)
    rt_application_init                      0x00011518   ARM Code     100  application.o(.text)
    DelayXus                                 0x000115f4   ARM Code      44  common.o(.text)
    Inline ARM to Thumb Veneer to __aeabi_uidivmod 0x00011620   ARM Code       8  uidiv.o(.text)
    __aeabi_uidiv                            0x00011629   Thumb Code     0  uidiv.o(.text)
    __aeabi_uidivmod                         0x00011629   Thumb Code    46  uidiv.o(.text)
    Inline ARM to Thumb Veneer to __aeabi_idivmod 0x00011658   ARM Code       8  idiv.o(.text)
    __aeabi_idiv                             0x00011661   Thumb Code     0  idiv.o(.text)
    __aeabi_idivmod                          0x00011661   Thumb Code    44  idiv.o(.text)
    Inline ARM to Thumb Veneer to __rt_ctype_table 0x0001168c   ARM Code       8  ctype_o.o(.text)
    __rt_ctype_table                         0x00011695   Thumb Code     4  ctype_o.o(.text)
    Inline ARM to Thumb Veneer to __aeabi_memcpy 0x0001169c   ARM Code       8  memcpya.o(.text)
    __aeabi_memcpy                           0x000116a5   Thumb Code    36  memcpya.o(.text)
    __aeabi_memcpy4                          0x000116a5   Thumb Code     0  memcpya.o(.text)
    __aeabi_memcpy8                          0x000116a5   Thumb Code     0  memcpya.o(.text)
    Inline ARM to Thumb Veneer to __aeabi_memclr 0x000116c8   ARM Code       8  memseta.o(.text)
    __aeabi_memset                           0x000116d1   Thumb Code    16  memseta.o(.text)
    __aeabi_memset4                          0x000116d1   Thumb Code     0  memseta.o(.text)
    __aeabi_memset8                          0x000116d1   Thumb Code     0  memseta.o(.text)
    __aeabi_memclr                           0x000116e1   Thumb Code     4  memseta.o(.text)
    __aeabi_memclr4                          0x000116e1   Thumb Code     0  memseta.o(.text)
    __aeabi_memclr8                          0x000116e1   Thumb Code     0  memseta.o(.text)
    _memset$wrapper                          0x000116e5   Thumb Code    22  memseta.o(.text)
    Inline ARM to Thumb Veneer to strncpy    0x000116fc   ARM Code       8  strncpy.o(.text)
    strncpy                                  0x00011705   Thumb Code    28  strncpy.o(.text)
    Inline ARM to Thumb Veneer to strlen     0x00011720   ARM Code       8  strlen.o(.text)
    strlen                                   0x00011729   Thumb Code    14  strlen.o(.text)
    Inline ARM to Thumb Veneer to strncmp    0x00011738   ARM Code       8  strncmp.o(.text)
    strncmp                                  0x00011741   Thumb Code    32  strncmp.o(.text)
    Inline ARM to Thumb Veneer to atoi       0x00011760   ARM Code       8  atoi.o(.text)
    atoi                                     0x00011769   Thumb Code    30  atoi.o(.text)
    Inline ARM to Thumb Veneer to __aeabi_dadd 0x00011788   ARM Code       8  dadd.o(.text)
    __aeabi_dadd                             0x00011791   Thumb Code   332  dadd.o(.text)
    __aeabi_dsub                             0x000118dd   Thumb Code    12  dadd.o(.text)
    __aeabi_drsub                            0x000118e9   Thumb Code    12  dadd.o(.text)
    Inline ARM to Thumb Veneer to __aeabi_ddiv 0x000118f8   ARM Code       8  ddiv.o(.text)
    __aeabi_ddiv                             0x00011901   Thumb Code   238  ddiv.o(.text)
    Inline ARM to Thumb Veneer to __aeabi_ui2f 0x000119f4   ARM Code       8  ffltui.o(.text)
    __aeabi_ui2f                             0x000119fd   Thumb Code    18  ffltui.o(.text)
    Inline ARM to Thumb Veneer to __aeabi_d2uiz 0x00011a10   ARM Code       8  dfixui.o(.text)
    __aeabi_d2uiz                            0x00011a19   Thumb Code    54  dfixui.o(.text)
    Inline ARM to Thumb Veneer to __aeabi_f2d 0x00011a58   ARM Code       8  f2d.o(.text)
    __aeabi_f2d                              0x00011a61   Thumb Code    40  f2d.o(.text)
    __aeabi_llsl                             0x00011a89   Thumb Code    34  llshl.o(.text)
    _ll_shift_l                              0x00011a89   Thumb Code     0  llshl.o(.text)
    __aeabi_llsr                             0x00011aab   Thumb Code    36  llushr.o(.text)
    _ll_ushift_r                             0x00011aab   Thumb Code     0  llushr.o(.text)
    __aeabi_lasr                             0x00011acf   Thumb Code    40  llsshr.o(.text)
    _ll_sshift_r                             0x00011acf   Thumb Code     0  llsshr.o(.text)
    strtol                                   0x00011af9   Thumb Code   112  strtol.o(.text)
    __I$use$fp                               0x00011b6c   ARM Code       0  iusefp.o(.text)
    _float_round                             0x00011b6d   Thumb Code    16  fepilogue.o(.text)
    _float_epilogue                          0x00011b7d   Thumb Code   114  fepilogue.o(.text)
    _double_round                            0x00011bef   Thumb Code    28  depilogue.o(.text)
    _double_epilogue                         0x00011c0b   Thumb Code   168  depilogue.o(.text)
    Inline ARM to Thumb Veneer to __scatterload 0x00011cb4   ARM Code       8  init.o(.text)
    __scatterload                            0x00011cbd   Thumb Code    24  init.o(.text)
    __scatterload_rt2                        0x00011cbd   Thumb Code     0  init.o(.text)
    _strtoul                                 0x00011cdd   Thumb Code   172  _strtoul.o(.text)
    _chval                                   0x00011d89   Thumb Code    30  _chval.o(.text)
    __decompress                             0x00011da8   ARM Code       0  __dczerorl2.o(.text)
    __decompress1                            0x00011da8   ARM Code     124  __dczerorl2.o(.text)
    Long ARM to Thumb Veneer to __aeabi_memcpy4 0x00011e24   ARM Code      12  anon$$obj.o(Veneer$$Code)
    Long ARM to Thumb Veneer to __aeabi_memclr4 0x00011e30   ARM Code      12  anon$$obj.o(Veneer$$Code)
    Short Thumb to ARM Veneer to __main_after_scatterload 0x00011e3d   Thumb Code     8  anon$$obj.o(Veneer$$Code)
    __ARM_clz                                0x00011e45   Thumb Code    46  depilogue.o(i.__ARM_clz)
    __ARM_common_call_via_r3                 0x00011e73   Thumb Code     2  init.o(i.__ARM_common_call_via_r3)
    __aeabi_errno_addr                       0x00011e75   Thumb Code     4  errno.o(i.__aeabi_errno_addr)
    __rt_errno_addr                          0x00011e75   Thumb Code     0  errno.o(i.__aeabi_errno_addr)
    __scatterload_copy                       0x00011e7c   ARM Code      28  handlers.o(i.__scatterload_copy)
    __scatterload_null                       0x00011e98   ARM Code       4  handlers.o(i.__scatterload_null)
    __scatterload_zeroinit                   0x00011e9c   ARM Code      24  handlers.o(i.__scatterload_zeroinit)
    USE_MOD_CAN                              0x00011ec4   Data          16  canapp.o(.constdata)
    USE_BTR_CAN                              0x00011ed4   Data          16  canapp.o(.constdata)
    USE_TPM_CAN                              0x00011ee4   Data          16  canapp.o(.constdata)
    USE_INT_CAN                              0x00011ef4   Data          16  canapp.o(.constdata)
    USE_EWL_CAN                              0x00011f04   Data          16  canapp.o(.constdata)
    __fsym_SuReQiSet_name                    0x00011f14   Data          10  sureqi.o(.constdata)
    __fsym_SuReQiSet_desc                    0x00011f1e   Data          21  sureqi.o(.constdata)
    __fsym_PwmChange_name                    0x00011f50   Data          10  pwm.o(.constdata)
    __fsym_PwmChange_desc                    0x00011f5a   Data          26  pwm.o(.constdata)
    rt_lowest_bitmap                         0x00011f96   Data         256  scheduler.o(.constdata)
    __fsym_hello_name                        0x00012098   Data           6  cmd.o(.constdata)
    __fsym_hello_desc                        0x0001209e   Data          16  cmd.o(.constdata)
    __fsym_version_name                      0x000120ae   Data           8  cmd.o(.constdata)
    __fsym_version_desc                      0x000120b6   Data          35  cmd.o(.constdata)
    __fsym_list_thread_name                  0x000120d9   Data          12  cmd.o(.constdata)
    __fsym_list_thread_desc                  0x000120e5   Data          12  cmd.o(.constdata)
    __fsym_list_sem_name                     0x000120f1   Data           9  cmd.o(.constdata)
    __fsym_list_sem_desc                     0x000120fa   Data          25  cmd.o(.constdata)
    __fsym_list_event_name                   0x00012113   Data          11  cmd.o(.constdata)
    __fsym_list_event_desc                   0x0001211e   Data          21  cmd.o(.constdata)
    __fsym_list_mailbox_name                 0x00012133   Data          13  cmd.o(.constdata)
    __fsym_list_mailbox_desc                 0x00012140   Data          24  cmd.o(.constdata)
    __fsym_list_timer_name                   0x00012158   Data          11  cmd.o(.constdata)
    __fsym_list_timer_desc                   0x00012163   Data          21  cmd.o(.constdata)
    __fsym_list_device_name                  0x00012178   Data          12  cmd.o(.constdata)
    __fsym_list_device_desc                  0x00012184   Data          22  cmd.o(.constdata)
    __fsym_list_name                         0x0001219a   Data           5  cmd.o(.constdata)
    __fsym_list_desc                         0x0001219f   Data          26  cmd.o(.constdata)
    __vsym_dummy_name                        0x000121b9   Data           6  cmd.o(.constdata)
    __vsym_dummy_desc                        0x000121bf   Data          25  cmd.o(.constdata)
    op_table                                 0x000121f8   Data         196  finsh_ops.o(.constdata)
    __vsym_m_LSSC_name                       0x000122fc   Data           7  actionthread.o(.constdata)
    __vsym_m_LSSC_desc                       0x00012303   Data          23  actionthread.o(.constdata)
    __vsym_m_TSDK_name                       0x0001231a   Data           7  actionthread.o(.constdata)
    __vsym_m_TSDK_desc                       0x00012321   Data          35  actionthread.o(.constdata)
    __vsym_m_XSBDuty_name                    0x00012344   Data          10  actionthread.o(.constdata)
    __vsym_m_XSBDuty_desc                    0x0001234e   Data          19  actionthread.o(.constdata)
    __fsym_rotateTable_name                  0x00012361   Data          12  actionthread.o(.constdata)
    __fsym_rotateTable_desc                  0x0001236d   Data          20  actionthread.o(.constdata)
    __fsym_JiaReModule_name                  0x00012381   Data          12  actionthread.o(.constdata)
    __fsym_JiaReModule_desc                  0x0001238d   Data          18  actionthread.o(.constdata)
    __fsym_Xiaoshuibeng_name                 0x0001239f   Data          13  actionthread.o(.constdata)
    __fsym_Xiaoshuibeng_desc                 0x000123ac   Data          27  actionthread.o(.constdata)
    __fsym_Chongximatong_name                0x000123c7   Data          14  actionthread.o(.constdata)
    __fsym_Chongximatong_desc                0x000123d5   Data          14  actionthread.o(.constdata)
    __fsym_Chongxizuoquan_name               0x000123e3   Data          15  actionthread.o(.constdata)
    __fsym_Chongxizuoquan_desc               0x000123f2   Data          16  actionthread.o(.constdata)
    __fsym_Paiwubeng_name                    0x00012402   Data          10  actionthread.o(.constdata)
    __fsym_Paiwubeng_desc                    0x0001240c   Data          12  actionthread.o(.constdata)
    __fsym_Fa_name                           0x00012418   Data           3  actionthread.o(.constdata)
    __fsym_Fa_desc                           0x0001241b   Data          60  actionthread.o(.constdata)
    __fsym_Nuanfeng_name                     0x00012457   Data           9  actionthread.o(.constdata)
    __fsym_Nuanfeng_desc                     0x00012460   Data          18  actionthread.o(.constdata)
    __fsym_ActionStartCmd_name               0x00012472   Data          15  actionthread.o(.constdata)
    __fsym_ActionStartCmd_desc               0x00012481   Data          47  actionthread.o(.constdata)
    __fsym_ActionStopCmd_name                0x000124b0   Data          14  actionthread.o(.constdata)
    __fsym_ActionStopCmd_desc                0x000124be   Data          64  actionthread.o(.constdata)
    __fsym_SensorList_name                   0x0001261c   Data          11  sensor.o(.constdata)
    __fsym_SensorList_desc                   0x00012627   Data          21  sensor.o(.constdata)
    __fsym_AutoSensor_name                   0x0001263c   Data          11  sensor.o(.constdata)
    __fsym_AutoSensor_desc                   0x00012647   Data          49  sensor.o(.constdata)
    __ctype_table                            0x00012678   Data         129  ctype_o.o(.constdata)
    FSymTab$$Base                            0x000129b0   Number         0  sureqi.o(FSymTab)
    __fsym_SuReQiSet                         0x000129b0   Data          12  sureqi.o(FSymTab)
    __fsym_PwmChange                         0x000129bc   Data          12  pwm.o(FSymTab)
    __fsym_hello                             0x000129c8   Data          12  cmd.o(FSymTab)
    __fsym_version                           0x000129d4   Data          12  cmd.o(FSymTab)
    __fsym_list_thread                       0x000129e0   Data          12  cmd.o(FSymTab)
    __fsym_list_sem                          0x000129ec   Data          12  cmd.o(FSymTab)
    __fsym_list_event                        0x000129f8   Data          12  cmd.o(FSymTab)
    __fsym_list_mailbox                      0x00012a04   Data          12  cmd.o(FSymTab)
    __fsym_list_timer                        0x00012a10   Data          12  cmd.o(FSymTab)
    __fsym_list_device                       0x00012a1c   Data          12  cmd.o(FSymTab)
    __fsym_list                              0x00012a28   Data          12  cmd.o(FSymTab)
    __fsym_rotateTable                       0x00012a34   Data          12  actionthread.o(FSymTab)
    __fsym_JiaReModule                       0x00012a40   Data          12  actionthread.o(FSymTab)
    __fsym_Xiaoshuibeng                      0x00012a4c   Data          12  actionthread.o(FSymTab)
    __fsym_Chongximatong                     0x00012a58   Data          12  actionthread.o(FSymTab)
    __fsym_Chongxizuoquan                    0x00012a64   Data          12  actionthread.o(FSymTab)
    __fsym_Paiwubeng                         0x00012a70   Data          12  actionthread.o(FSymTab)
    __fsym_Fa                                0x00012a7c   Data          12  actionthread.o(FSymTab)
    __fsym_Nuanfeng                          0x00012a88   Data          12  actionthread.o(FSymTab)
    __fsym_ActionStartCmd                    0x00012a94   Data          12  actionthread.o(FSymTab)
    __fsym_ActionStopCmd                     0x00012aa0   Data          12  actionthread.o(FSymTab)
    __fsym_SensorList                        0x00012aac   Data          12  sensor.o(FSymTab)
    __fsym_AutoSensor                        0x00012ab8   Data          12  sensor.o(FSymTab)
    FSymTab$$Limit                           0x00012ac4   Number         0  sensor.o(FSymTab)
    Region$$Table$$Base                      0x00012ac4   Number         0  anon$$obj.o(Region$$Table)
    Region$$Table$$Limit                     0x00012ae4   Number         0  anon$$obj.o(Region$$Table)
    VSymTab$$Base                            0x00012ae4   Number         0  cmd.o(VSymTab)
    __vsym_dummy                             0x00012ae4   Data          16  cmd.o(VSymTab)
    __vsym_m_LSSC                            0x00012af4   Data          16  actionthread.o(VSymTab)
    __vsym_m_TSDK                            0x00012b04   Data          16  actionthread.o(VSymTab)
    __vsym_m_XSBDuty                         0x00012b14   Data          16  actionthread.o(VSymTab)
    VSymTab$$Limit                           0x00012b24   Number         0  actionthread.o(VSymTab)
    uart2                                    0x40000004   Data           4  sureqi.o(.data)
    rt_interrupt_nest                        0x4000000c   Data           1  irq.o(.data)
    errno                                    0x40000010   Data           4  kservice.o(.data)
    rt_object_container                      0x40000018   Data          96  object.o(.data)
    rt_current_thread                        0x4000007c   Data           4  scheduler.o(.data)
    rt_current_priority                      0x40000080   Data           1  scheduler.o(.data)
    rt_thread_ready_priority_group           0x40000084   Data           4  scheduler.o(.data)
    rt_interrupt_from_thread                 0x4000009c   Data           4  interrupt.o(.data)
    rt_interrupt_to_thread                   0x400000a0   Data           4  interrupt.o(.data)
    rt_thread_switch_interrput_flag          0x400000a4   Data           4  interrupt.o(.data)
    finsh_compile_sp                         0x400000ac   Data           4  finsh_compiler.o(.data)
    finsh_compile_pc                         0x400000b0   Data           4  finsh_compiler.o(.data)
    global_errno                             0x400000b4   Data           1  finsh_error.o(.data)
    global_sysvar_list                       0x400000fc   Data           4  finsh_var.o(.data)
    finsh_sp                                 0x40000100   Data           4  finsh_vm.o(.data)
    finsh_pc                                 0x40000104   Data           4  finsh_vm.o(.data)
    global_syscall_list                      0x40000108   Data           4  finsh_vm.o(.data)
    shell                                    0x4000010c   Data           4  shell.o(.data)
    _syscall_table_begin                     0x40000110   Data           4  symbol.o(.data)
    _syscall_table_end                       0x40000114   Data           4  symbol.o(.data)
    _sysvar_table_begin                      0x40000118   Data           4  symbol.o(.data)
    _sysvar_table_end                        0x4000011c   Data           4  symbol.o(.data)
    flag_rotatePad                           0x40000120   Data           1  cananalyzer.o(.data)
    flag_qidong                              0x40000121   Data           1  cananalyzer.o(.data)
    flag_ganzao                              0x40000122   Data           1  cananalyzer.o(.data)
    flag_qianbu                              0x40000123   Data           1  cananalyzer.o(.data)
    flag_houbu                               0x40000124   Data           1  cananalyzer.o(.data)
    flag_zuobianjieshu                       0x40000125   Data           1  cananalyzer.o(.data)
    MianBan_B                                0x40000126   Data           1  cananalyzer.o(.data)
    MianBan_A                                0x40000127   Data           1  cananalyzer.o(.data)
    m_LSSC                                   0x4000012c   Data           1  actionthread.o(.data)
    m_TSDK                                   0x4000012d   Data           1  actionthread.o(.data)
    m_XSBDuty                                0x4000012e   Data           2  actionthread.o(.data)
    set_XSBDuty                              0x40000130   Data           2  actionthread.o(.data)
    flag_set_qiben                           0x40000132   Data           1  actionthread.o(.data)
    rotateDiningCount                        0x40000135   Data           1  actionthread.o(.data)
    rotateDiningDir                          0x40000136   Data           1  actionthread.o(.data)
    Set_A_Config                             0x40000137   Data           4  actionthread.o(.data)
    Set_B_Config                             0x4000013b   Data           6  actionthread.o(.data)
    Set_MianBan_Config_ShuiWen               0x40000141   Data           1  actionthread.o(.data)
    Set_MianBan_Config_NuanFeng              0x40000142   Data           1  actionthread.o(.data)
    Set_MianBan_Config_QingXi                0x40000143   Data           1  actionthread.o(.data)
    PowerWorkFlag                            0x40000144   Data           1  actionthread.o(.data)
    g_bedSensor                              0x40000150   Data           8  sensor.o(.data)
    g_bedsensor_MT_work                      0x40000158   Data           6  sensor.o(.data)
    ChengZhongReg                            0x40000178   Data           4  sensor.o(.data)
    can1                                     0x4000018c   Data         132  can.o(.bss)
    rt_thread_priority_table                 0x4000038c   Data         256  scheduler.o(.bss)
    serial1                                  0x40000728   Data         144  serial.o(.bss)
    serial2                                  0x400007b8   Data         144  serial.o(.bss)
    finsh_heap                               0x40000848   Data         128  finsh_heap.o(.bss)
    global_node_table                        0x400008c8   Data         320  finsh_node.o(.bss)
    global_variable                          0x40000a08   Data         192  finsh_var.o(.bss)
    finsh_vm_stack                           0x40000ac8   Data         256  finsh_vm.o(.bss)
    text_segment                             0x40000bc8   Data         128  finsh_vm.o(.bss)
    _shell                                   0x400014c4   Data         684  shell.o(.bss)
    m_ActionCfg                              0x4000179c   Data          14  actionthread.o(.bss)
    g_sensor                                 0x40001f9c   Data          10  sensor.o(.bss)
    thread_action_stack                      0x40002008   Data        2048  application.o(.bss)
    thread_action                            0x40002808   Data         124  application.o(.bss)
    __initial_sp                             0x40002988   Data         512  start_rvds.o(STACK)



==============================================================================

Memory Map of the image

  Image Entry point : 0x000001a4

  Load Region LR_IROM1 (Base: 0x00000000, Size: 0x00012cb0, Max: 0x00020000, ABSOLUTE, COMPRESSED[0x00012b9c])

    Execution Region ER_IROM1 (Exec base: 0x00000000, Load base: 0x00000000, Size: 0x00012b24, Max: 0x00020000, ABSOLUTE)

    Exec Addr    Load Addr    Size         Type   Attr      Idx    E Section Name        Object

    0x00000000   0x00000000   0x000001a4   Code   RO          716    RESET               start_rvds.o
    0x000001a4   0x000001a4   0x00000000   Code   RO         1225  * .ARM.Collect$$$$00000000  mc_t.l(entry.o)
    0x000001a4   0x000001a4   0x00000004   Code   RO         1549    .ARM.Collect$$$$00000001  mc_t.l(entry2.o)
    0x000001a8   0x000001a8   0x00000004   Code   RO         1551    .ARM.Collect$$$$00000004  mc_t.l(entry5.o)
    0x000001ac   0x000001ac   0x00000000   Code   RO         1553    .ARM.Collect$$$$00000008  mc_t.l(entry7b.o)
    0x000001ac   0x000001ac   0x00000000   Code   RO         1555    .ARM.Collect$$$$0000000A  mc_t.l(entry8b.o)
    0x000001ac   0x000001ac   0x0000000c   Code   RO         1556    .ARM.Collect$$$$0000000B  mc_t.l(entry9a.o)
    0x000001b8   0x000001b8   0x00000000   Code   RO         1558    .ARM.Collect$$$$0000000D  mc_t.l(entry10a.o)
    0x000001b8   0x000001b8   0x00000000   Code   RO         1560    .ARM.Collect$$$$0000000F  mc_t.l(entry11a.o)
    0x000001b8   0x000001b8   0x00000004   Code   RO         1550    .ARM.Collect$$$$00002712  mc_t.l(entry2.o)
    0x000001bc   0x000001bc   0x00000738   Code   RO            1    .text               can.o
    0x000008f4   0x000008f4   0x00000140   Code   RO           81    .text               canapp.o
    0x00000a34   0x00000a34   0x00000810   Code   RO          120    .text               canfunc.o
    0x00001244   0x00001244   0x000003a0   Code   RO          174    .text               sureqi.o
    0x000015e4   0x000015e4   0x00000118   Code   RO          206    .text               adc.o
    0x000016fc   0x000016fc   0x00000130   Code   RO          230    .text               pwm.o
    0x0000182c   0x0000182c   0x00000070   Code   RO          249    .text               clock.o
    0x0000189c   0x0000189c   0x00000358   Code   RO          269    .text               device.o
    0x00001bf4   0x00001bf4   0x00000064   Code   RO          309    .text               idle.o
    0x00001c58   0x00001c58   0x000008a8   Code   RO          323    .text               ipc.o
    0x00002500   0x00002500   0x00000064   Code   RO          385    .text               irq.o
    0x00002564   0x00002564   0x000009f0   Code   RO          401    .text               kservice.o
    0x00002f54   0x00002f54   0x000000e8   Code   RO          495    .text               object.o
    0x0000303c   0x0000303c   0x000003f0   Code   RO          513    .text               scheduler.o
    0x0000342c   0x0000342c   0x000003f4   Code   RO          540    .text               thread.o
    0x00003820   0x00003820   0x00000538   Code   RO          568    .text               timer.o
    0x00003d58   0x00003d58   0x0000012c   Code   RO          586    .text               board.o
    0x00003e84   0x00003e84   0x00000130   Code   RO          604    .text               startup.o
    0x00003fb4   0x00003fb4   0x00000134   Code   RO          642    .text               interrupt.o
    0x000040e8   0x000040e8   0x0000062c   Code   RO          664    .text               serial.o
    0x00004714   0x00004714   0x000000e0   Code   RO          679    .text               stack.o
    0x000047f4   0x000047f4   0x00000024   Code   RO          691    .text               trap.o
    0x00004818   0x00004818   0x0000009c   Code   RO          709    .text               context_rvds.o
    0x000048b4   0x000048b4   0x00000a00   Code   RO          720    .text               cmd.o
    0x000052b4   0x000052b4   0x000030e0   Code   RO          744    .text               finsh_compiler.o
    0x00008394   0x00008394   0x00000048   Code   RO          781    .text               finsh_error.o
    0x000083dc   0x000083dc   0x000003f0   Code   RO          797    .text               finsh_heap.o
    0x000087cc   0x000087cc   0x00000060   Code   RO          813    .text               finsh_init.o
    0x0000882c   0x0000882c   0x000002dc   Code   RO          837    .text               finsh_node.o
    0x00008b08   0x00008b08   0x00001430   Code   RO          852    .text               finsh_ops.o
    0x00009f38   0x00009f38   0x00001160   Code   RO          870    .text               finsh_parser.o
    0x0000b098   0x0000b098   0x00000b68   Code   RO          885    .text               finsh_token.o
    0x0000bc00   0x0000bc00   0x000001dc   Code   RO          906    .text               finsh_var.o
    0x0000bddc   0x0000bddc   0x00000134   Code   RO          935    .text               finsh_vm.o
    0x0000bf10   0x0000bf10   0x0000094c   Code   RO          962    .text               shell.o
    0x0000c85c   0x0000c85c   0x00000bc0   Code   RO         1013    .text               cananalyzer.o
    0x0000d41c   0x0000d41c   0x00002fd4   Code   RO         1083    .text               actionthread.o
    0x000103f0   0x000103f0   0x00001100   Code   RO         1146    .text               sensor.o
    0x000114f0   0x000114f0   0x00000028   Code   RO         1147    .text               sensor.o
    0x00011518   0x00011518   0x000000dc   Code   RO         1176    .text               application.o
    0x000115f4   0x000115f4   0x0000002c   Code   RO         1198    .text               common.o
    0x00011620   0x00011620   0x00000008   Ven    RO         1228    .text               mc_t.l(uidiv.o)
    0x00011628   0x00011628   0x0000002e   Code   RO         1228    .text               mc_t.l(uidiv.o)
    0x00011656   0x00011656   0x00000002   PAD
    0x00011658   0x00011658   0x00000008   Ven    RO         1230    .text               mc_t.l(idiv.o)
    0x00011660   0x00011660   0x0000002c   Code   RO         1230    .text               mc_t.l(idiv.o)
    0x0001168c   0x0001168c   0x00000008   Ven    RO         1232    .text               mc_t.l(ctype_o.o)
    0x00011694   0x00011694   0x00000008   Code   RO         1232    .text               mc_t.l(ctype_o.o)
    0x0001169c   0x0001169c   0x00000008   Ven    RO         1260    .text               mc_t.l(memcpya.o)
    0x000116a4   0x000116a4   0x00000024   Code   RO         1260    .text               mc_t.l(memcpya.o)
    0x000116c8   0x000116c8   0x00000008   Ven    RO         1262    .text               mc_t.l(memseta.o)
    0x000116d0   0x000116d0   0x0000002a   Code   RO         1262    .text               mc_t.l(memseta.o)
    0x000116fa   0x000116fa   0x00000002   PAD
    0x000116fc   0x000116fc   0x00000008   Ven    RO         1264    .text               mc_t.l(strncpy.o)
    0x00011704   0x00011704   0x0000001c   Code   RO         1264    .text               mc_t.l(strncpy.o)
    0x00011720   0x00011720   0x00000008   Ven    RO         1266    .text               mc_t.l(strlen.o)
    0x00011728   0x00011728   0x0000000e   Code   RO         1266    .text               mc_t.l(strlen.o)
    0x00011736   0x00011736   0x00000002   PAD
    0x00011738   0x00011738   0x00000008   Ven    RO         1268    .text               mc_t.l(strncmp.o)
    0x00011740   0x00011740   0x00000020   Code   RO         1268    .text               mc_t.l(strncmp.o)
    0x00011760   0x00011760   0x00000008   Ven    RO         1537    .text               mc_t.l(atoi.o)
    0x00011768   0x00011768   0x0000001e   Code   RO         1537    .text               mc_t.l(atoi.o)
    0x00011786   0x00011786   0x00000002   PAD
    0x00011788   0x00011788   0x00000008   Ven    RO         1539    .text               mf_t.l(dadd.o)
    0x00011790   0x00011790   0x00000168   Code   RO         1539    .text               mf_t.l(dadd.o)
    0x000118f8   0x000118f8   0x00000008   Ven    RO         1541    .text               mf_t.l(ddiv.o)
    0x00011900   0x00011900   0x000000f4   Code   RO         1541    .text               mf_t.l(ddiv.o)
    0x000119f4   0x000119f4   0x00000008   Ven    RO         1543    .text               mf_t.l(ffltui.o)
    0x000119fc   0x000119fc   0x00000012   Code   RO         1543    .text               mf_t.l(ffltui.o)
    0x00011a0e   0x00011a0e   0x00000002   PAD
    0x00011a10   0x00011a10   0x00000008   Ven    RO         1545    .text               mf_t.l(dfixui.o)
    0x00011a18   0x00011a18   0x00000040   Code   RO         1545    .text               mf_t.l(dfixui.o)
    0x00011a58   0x00011a58   0x00000008   Ven    RO         1547    .text               mf_t.l(f2d.o)
    0x00011a60   0x00011a60   0x00000028   Code   RO         1547    .text               mf_t.l(f2d.o)
    0x00011a88   0x00011a88   0x00000022   Code   RO         1567    .text               mc_t.l(llshl.o)
    0x00011aaa   0x00011aaa   0x00000024   Code   RO         1569    .text               mc_t.l(llushr.o)
    0x00011ace   0x00011ace   0x00000028   Code   RO         1571    .text               mc_t.l(llsshr.o)
    0x00011af6   0x00011af6   0x00000002   PAD
    0x00011af8   0x00011af8   0x00000074   Code   RO         1580    .text               mc_t.l(strtol.o)
    0x00011b6c   0x00011b6c   0x00000000   Code   RO         1582    .text               mc_t.l(iusefp.o)
    0x00011b6c   0x00011b6c   0x00000082   Code   RO         1583    .text               mf_t.l(fepilogue.o)
    0x00011bee   0x00011bee   0x000000c4   Code   RO         1585    .text               mf_t.l(depilogue.o)
    0x00011cb2   0x00011cb2   0x00000002   PAD
    0x00011cb4   0x00011cb4   0x00000008   Ven    RO         1595    .text               mc_t.l(init.o)
    0x00011cbc   0x00011cbc   0x00000020   Code   RO         1595    .text               mc_t.l(init.o)
    0x00011cdc   0x00011cdc   0x000000ac   Code   RO         1600    .text               mc_t.l(_strtoul.o)
    0x00011d88   0x00011d88   0x0000001e   Code   RO         1603    .text               mc_t.l(_chval.o)
    0x00011da6   0x00011da6   0x00000002   PAD
    0x00011da8   0x00011da8   0x0000007c   Code   RO         1613    .text               mc_t.l(__dczerorl2.o)
    0x00011e24   0x00011e24   0x0000000c   Ven    RO         1630    Veneer$$Code        anon$$obj.o
    0x00011e30   0x00011e30   0x0000000c   Ven    RO         1631    Veneer$$Code        anon$$obj.o
    0x00011e3c   0x00011e3c   0x00000008   Ven    RO         1632    Veneer$$Code        anon$$obj.o
    0x00011e44   0x00011e44   0x0000002e   Code   RO         1587    i.__ARM_clz         mf_t.l(depilogue.o)
    0x00011e72   0x00011e72   0x00000002   Code   RO         1597    i.__ARM_common_call_via_r3  mc_t.l(init.o)
    0x00011e74   0x00011e74   0x00000008   Code   RO         1573    i.__aeabi_errno_addr  mc_t.l(errno.o)
    0x00011e7c   0x00011e7c   0x0000001c   Code   RO         1607    i.__scatterload_copy  mc_t.l(handlers.o)
    0x00011e98   0x00011e98   0x00000004   Code   RO         1608    i.__scatterload_null  mc_t.l(handlers.o)
    0x00011e9c   0x00011e9c   0x00000018   Code   RO         1609    i.__scatterload_zeroinit  mc_t.l(handlers.o)
    0x00011eb4   0x00011eb4   0x0000000d   Data   RO            3    .constdata          can.o
    0x00011ec1   0x00011ec1   0x00000003   PAD
    0x00011ec4   0x00011ec4   0x00000050   Data   RO           82    .constdata          canapp.o
    0x00011f14   0x00011f14   0x0000001f   Data   RO          175    .constdata          sureqi.o
    0x00011f33   0x00011f33   0x00000001   PAD
    0x00011f34   0x00011f34   0x00000040   Data   RO          231    .constdata          pwm.o
    0x00011f74   0x00011f74   0x00000022   Data   RO          413    .constdata          kservice.o
    0x00011f96   0x00011f96   0x00000100   Data   RO          515    .constdata          scheduler.o
    0x00012096   0x00012096   0x00000002   PAD
    0x00012098   0x00012098   0x00000160   Data   RO          721    .constdata          cmd.o
    0x000121f8   0x000121f8   0x000000c4   Data   RO          853    .constdata          finsh_ops.o
    0x000122bc   0x000122bc   0x00000040   Data   RO          887    .constdata          finsh_token.o
    0x000122fc   0x000122fc   0x00000320   Data   RO         1087    .constdata          actionthread.o
    0x0001261c   0x0001261c   0x0000005c   Data   RO         1149    .constdata          sensor.o
    0x00012678   0x00012678   0x00000081   Data   RO         1233    .constdata          mc_t.l(ctype_o.o)
    0x000126f9   0x000126f9   0x00000003   PAD
    0x000126fc   0x000126fc   0x00000004   Data   RO         1234    .constdata          mc_t.l(ctype_o.o)
    0x00012700   0x00012700   0x0000010c   Data   RO          722    .conststring        cmd.o
    0x0001280c   0x0001280c   0x000000f3   Data   RO          782    .conststring        finsh_error.o
    0x000128ff   0x000128ff   0x00000001   PAD
    0x00012900   0x00012900   0x0000003e   Data   RO          888    .conststring        finsh_token.o
    0x0001293e   0x0001293e   0x00000002   PAD
    0x00012940   0x00012940   0x00000070   Data   RO         1150    .conststring        sensor.o
    0x000129b0   0x000129b0   0x0000000c   Data   RO          177    FSymTab             sureqi.o
    0x000129bc   0x000129bc   0x0000000c   Data   RO          232    FSymTab             pwm.o
    0x000129c8   0x000129c8   0x0000006c   Data   RO          724    FSymTab             cmd.o
    0x00012a34   0x00012a34   0x00000078   Data   RO         1089    FSymTab             actionthread.o
    0x00012aac   0x00012aac   0x00000018   Data   RO         1152    FSymTab             sensor.o
    0x00012ac4   0x00012ac4   0x00000020   Data   RO         1605    Region$$Table       anon$$obj.o
    0x00012ae4   0x00012ae4   0x00000010   Data   RO          725    VSymTab             cmd.o
    0x00012af4   0x00012af4   0x00000030   Data   RO         1090    VSymTab             actionthread.o


    Execution Region RW_IRAM1 (Exec base: 0x40000000, Load base: 0x00012b24, Size: 0x00002b88, Max: 0x00004000, ABSOLUTE, COMPRESSED[0x00000078])

    Exec Addr    Load Addr    Size         Type   Attr      Idx    E Section Name        Object

    0x40000000   COMPRESSED   0x00000004   Data   RW            4    .data               can.o
    0x40000004   COMPRESSED   0x00000004   Data   RW          176    .data               sureqi.o
    0x40000008   COMPRESSED   0x00000004   Data   RW          251    .data               clock.o
    0x4000000c   COMPRESSED   0x00000001   Data   RW          386    .data               irq.o
    0x4000000d   COMPRESSED   0x00000003   PAD
    0x40000010   COMPRESSED   0x00000008   Data   RW          414    .data               kservice.o
    0x40000018   COMPRESSED   0x00000060   Data   RW          496    .data               object.o
    0x40000078   COMPRESSED   0x00000010   Data   RW          516    .data               scheduler.o
    0x40000088   COMPRESSED   0x00000012   Data   RW          570    .data               timer.o
    0x4000009a   COMPRESSED   0x00000002   PAD
    0x4000009c   COMPRESSED   0x0000000c   Data   RW          644    .data               interrupt.o
    0x400000a8   COMPRESSED   0x00000004   Data   RW          723    .data               cmd.o
    0x400000ac   COMPRESSED   0x00000008   Data   RW          745    .data               finsh_compiler.o
    0x400000b4   COMPRESSED   0x00000040   Data   RW          783    .data               finsh_error.o
    0x400000f4   COMPRESSED   0x00000008   Data   RW          799    .data               finsh_heap.o
    0x400000fc   COMPRESSED   0x00000004   Data   RW          909    .data               finsh_var.o
    0x40000100   COMPRESSED   0x0000000c   Data   RW          937    .data               finsh_vm.o
    0x4000010c   COMPRESSED   0x00000004   Data   RW          967    .data               shell.o
    0x40000110   COMPRESSED   0x00000010   Data   RW         1000    .data               symbol.o
    0x40000120   COMPRESSED   0x0000000c   Data   RW         1015    .data               cananalyzer.o
    0x4000012c   COMPRESSED   0x00000023   Data   RW         1088    .data               actionthread.o
    0x4000014f   COMPRESSED   0x00000001   PAD
    0x40000150   COMPRESSED   0x00000036   Data   RW         1151    .data               sensor.o
    0x40000186   COMPRESSED   0x00000002   PAD
    0x40000188   COMPRESSED   0x00000004   Data   RW         1576    .data               mc_t.l(errno.o)
    0x4000018c        -       0x00000084   Zero   RW            2    .bss                can.o
    0x40000210        -       0x000000fc   Zero   RW          310    .bss                idle.o
    0x4000030c        -       0x00000080   Zero   RW          412    .bss                kservice.o
    0x4000038c        -       0x00000100   Zero   RW          514    .bss                scheduler.o
    0x4000048c        -       0x0000029c   Zero   RW          569    .bss                timer.o
    0x40000728        -       0x00000120   Zero   RW          665    .bss                serial.o
    0x40000848        -       0x00000080   Zero   RW          798    .bss                finsh_heap.o
    0x400008c8        -       0x00000140   Zero   RW          838    .bss                finsh_node.o
    0x40000a08        -       0x000000c0   Zero   RW          908    .bss                finsh_var.o
    0x40000ac8        -       0x00000180   Zero   RW          936    .bss                finsh_vm.o
    0x40000c48        -       0x00000b28   Zero   RW          966    .bss                shell.o
    0x40001770        -       0x0000002c   Zero   RW         1014    .bss                cananalyzer.o
    0x4000179c        -       0x00000800   Zero   RW         1086    .bss                actionthread.o
    0x40001f9c        -       0x0000006c   Zero   RW         1148    .bss                sensor.o
    0x40002008        -       0x0000087c   Zero   RW         1177    .bss                application.o
    0x40002884   COMPRESSED   0x00000004   PAD
    0x40002888        -       0x00000300   Zero   RW          714    STACK               start_rvds.o


==============================================================================

Image component sizes


      Code (inc. data)   RO Data    RW Data    ZI Data      Debug   Object Name

     12244       1008        968         35       2048      25787   actionthread.o
       280          8          0          0          0       1033   adc.o
       220        120          0          0       2172       1374   application.o
       300         12          0          0          0       1139   board.o
      1848        160         13          4        132      27245   can.o
      3008         84          0         12         44       9786   cananalyzer.o
       320          4         80          0          0      10192   canapp.o
      2064         32          0          0          0      16030   canfunc.o
       112          4          0          4          0       1343   clock.o
      2560        784        744          4          0      10905   cmd.o
        44          0          0          0          0       2035   common.o
       156         12          0          0          0        680   context_rvds.o
       856         60          0          0          0       4145   device.o
     12512         20          0          8          0      10750   finsh_compiler.o
        72          8        243         64          0       1629   finsh_error.o
      1008         16          0          8        128       3539   finsh_heap.o
        96          4          0          0          0       1408   finsh_init.o
       732          4          0          0        320       3620   finsh_node.o
      5168          8        196          0          0       9104   finsh_ops.o
      4448          0          0          0          0      10477   finsh_parser.o
      2920          4        126          0          0       6070   finsh_token.o
       476         16          0          4        192       6492   finsh_var.o
       308         32          0         12        384       6429   finsh_vm.o
       100         20          0          0        252       1222   idle.o
       308         56          0         12          0       2315   interrupt.o
      2216          0          0          0          0       7252   ipc.o
       100          4          0          1          0       1224   irq.o
      2544        160         34          8        128       6249   kservice.o
       232          4          0         96          0       2944   object.o
       304         16         76          0          0       1621   pwm.o
      1008         28        256         16        256       4137   scheduler.o
      4392        616        228         54        108       8628   sensor.o
      1580         88          0          0        288       4999   serial.o
      2380        192          0          4       2856       5286   shell.o
       224          0          0          0          0       1163   stack.o
       420         60          0          0        768        564   start_rvds.o
       304         12          0          0          0        692   startup.o
       928        172         43          4          0       2443   sureqi.o
         0          0          0         16          0       3917   symbol.o
      1012         12          0          0          0       5545   thread.o
      1336         36          0         18        668       5470   timer.o
        36          0          0          0          0        525   trap.o

    ----------------------------------------------------------------------
     71208       3884       3048        392      10748     237408   Object Totals
        32          8         32          0          0          0   (incl. Generated)
         0          0          9          8          4          0   (incl. Padding)

    ----------------------------------------------------------------------

      Code (inc. data)   RO Data    RW Data    ZI Data      Debug   Library Member Name

       124          0          0          0          0          0   __dczerorl2.o
        30          0          0          0          0         60   _chval.o
       172          0          0          0          0         96   _strtoul.o
        38          0          0          0          0         84   atoi.o
        16          4        133          0          0         60   ctype_o.o
         0          0          0          0          0          0   entry.o
         0          0          0          0          0          0   entry10a.o
         0          0          0          0          0          0   entry11a.o
         8          4          0          0          0          0   entry2.o
         4          0          0          0          0          0   entry5.o
         0          0          0          0          0          0   entry7b.o
         0          0          0          0          0          0   entry8b.o
        12          4          0          0          0          0   entry9a.o
         8          4          0          4          0         60   errno.o
        56          0          0          0          0          0   handlers.o
        52          0          0          0          0         84   idiv.o
        42          8          0          0          0        136   init.o
         0          0          0          0          0          0   iusefp.o
        34          0          0          0          0         72   llshl.o
        40          0          0          0          0         72   llsshr.o
        36          0          0          0          0         72   llushr.o
        44          0          0          0          0         60   memcpya.o
        50          0          0          0          0        112   memseta.o
        22          0          0          0          0         60   strlen.o
        40          0          0          0          0         72   strncmp.o
        36          0          0          0          0         72   strncpy.o
       116          4          0          0          0         92   strtol.o
        54          0          0          0          0         72   uidiv.o
       368          4          0          0          0        152   dadd.o
       252          6          0          0          0         96   ddiv.o
       242          0          0          0          0        232   depilogue.o
        72         10          0          0          0         80   dfixui.o
        48          0          0          0          0         60   f2d.o
       130          0          0          0          0        144   fepilogue.o
        26          0          0          0          0         80   ffltui.o

    ----------------------------------------------------------------------
      2188         48        136          4          0       2180   Library Totals
        16          0          3          0          0          0   (incl. Padding)

    ----------------------------------------------------------------------

      Code (inc. data)   RO Data    RW Data    ZI Data      Debug   Library Name

      1034         28        133          4          0       1336   mc_t.l
      1138         20          0          0          0        844   mf_t.l

    ----------------------------------------------------------------------
      2188         48        136          4          0       2180   Library Totals

    ----------------------------------------------------------------------

==============================================================================


      Code (inc. data)   RO Data    RW Data    ZI Data      Debug   

     73396       3932       3184        396      10748     235724   Grand Totals
     73396       3932       3184        120      10748     235724   ELF Image Totals (compressed)
     73396       3932       3184        120          0          0   ROM Totals

==============================================================================

    Total RO  Size (Code + RO Data)                76580 (  74.79kB)
    Total RW  Size (RW Data + ZI Data)             11144 (  10.88kB)
    Total ROM Size (Code + RO Data + RW Data)      76700 (  74.90kB)

==============================================================================

